============================================================================================== 
Warning! Mixing Conda and module environments may lead to corruption of the
user environment. 
We do not recommend users mixing those two environments unless absolutely
necessary. Note that 
SURF does not provide any support for Conda environment.
For more information, please refer to our software policy page:
https://servicedesk.surf.nl/wiki/display/WIKI/Software+policy+Snellius#SoftwarepolicySnellius-UseofAnacondaandMinicondaenvironmentsonSnellius 

Remember that many packages have already been installed on the system and can
be loaded using 
the 'module load <package__name>' command. If you are uncertain if a package is
already available 
on the system, please use 'module avail' or 'module spider' to search for it.
============================================================================================== 
ENV /home/gkaminer/.conda/envs/dumbcoder/bin/python | PY 3.12.13 | numpy 2.5.1 | torch 2.13.0+cpu | stitch_core /home/gkaminer/.conda/envs/dumbcoder/lib/python3.12/site-packages/stitch_core/__init__.py
SOURCE /home/gkaminer/dumbcoder @ 8427024 (clean)
CELL p1-nodream-jul28 | writing artifacts to /home/gkaminer/dumbcoder-runs/p1-nodream-jul28
========================================================================
PROVENANCE — quote this line in any caption reporting these numbers
========================================================================
  commit 8427024 | phase1 (atomic) | t_fn=3600 t_fn_round1=1200 t_reg=30 ecd_iters=6 stitch_iters=6 dream=off curriculum=on | n_bel=6 n_goal=6 n_obstacle=6 n_relocate=16 | 2026-07-27T21:55:48Z
  host tcn718.local.snellius.surf.nl | python 3.12.13 | argv: /home/gkaminer/dumbcoder/phase1.py --t-fn 3600 --ecd-iters 6 --no-dream

Generating corpus…
  belief variants: +48 goal-displacement, +24 two-observer, +24 false-obstacle (all kind=belief; false-obstacle forbids the scope-complement commit)
  [curriculum] +24 extra plain wall-belief tasks (kind=belief) to seed the fork(policy, sync) abstraction.
  4 physics, 16 desire, 4 overlay, 4 comet, 4 registration, 168 belief — 300 total
  corner families: 4 flee, 4 deletion, 4 denoise, 48 obstacle, 16 relocate, 4 underlay, 4 perception, 4 multi_reg, 4 reg_except, 4 inpaint, 4 readout

DSL: 37 primitives — CUBE run (core + symmetric complements)
  added corners: ['bimap', 'clear_at', 'distance', 'dup', 'erase', 'locate', 'mapfst', 'mapsnd', 'pair_blank', 'place', 'register', 'snd_gg', 'swap', 'sync_all', 'sync_except', 'sync_to_model', 'underlay', 'via_swap']
  ground-truth check: 300 tasks / 1200 scenes verified via Delta trees

========================================================================
WAKE-SLEEP — up to 6 ECD rounds (enumerate ↦ joint stitch), 32 workers
  fn Q: uniform/content (no dreaming); registration Q: uniform
========================================================================

--- round 1/6: 276 fn + 24 fn_p_g unsolved; |D|=37 (0 invented); fn Q=uniform/content; t_fn=1200s (round-1 cap) ---
    [instr] agency constructor in D: ABSENT; belief solved (replay-eligible): 0/168
[     2] caught (step 4 right)
[     4] caught (step 4 up)
[     5] caught (step 4 down)
[     2] caught (step 4 right)
      + solved [physics] in 0.0s: (step 4 up)
      + solved [physics] in 0.0s: (step 4 right)
      + solved [physics] in 0.0s: (step 4 down)
      + solved [physics] in 0.0s: (step 4 right)
[    13] caught (optimize (neg_dist 2) 1)
      + solved [desire] in 0.0s: (optimize (neg_dist 2) 1)
[    13] caught (optimize (neg_dist 2) 1)
      + solved [desire] in 0.0s: (optimize (neg_dist 2) 1)
[    13] caught (optimize (neg_dist 5) 4)
      + solved [desire] in 0.0s: (optimize (neg_dist 5) 4)
[    13] caught (optimize (neg_dist 5) 4)
[    13] caught (optimize (neg_dist 7) 6)
      + solved [desire] in 0.0s: (optimize (neg_dist 5) 4)
      + solved [desire] in 0.0s: (optimize (neg_dist 7) 6)
[    13] caught (optimize (neg_dist 7) 6)
[    13] caught (optimize (neg_dist 9) 8)
      + solved [desire] in 0.0s: (optimize (neg_dist 7) 6)
      + solved [desire] in 0.0s: (optimize (neg_dist 9) 8)
[    13] caught (optimize (neg_dist 9) 8)
      + solved [desire] in 0.0s: (optimize (neg_dist 9) 8)
[    13] caught (optimize (neg_dist 6) 2)
      + solved [desire] in 0.0s: (optimize (neg_dist 6) 2)
[    13] caught (optimize (neg_dist 6) 2)
[    13] caught (optimize (neg_dist 8) 5)
      + solved [desire] in 0.0s: (optimize (neg_dist 6) 2)
[    13] caught (optimize (neg_dist 8) 5)
[    12] caught (optimize (neg_dist 1) 7)
      + solved [desire] in 0.0s: (optimize (neg_dist 8) 5)
      + solved [desire] in 0.0s: (optimize (neg_dist 8) 5)
      + solved [desire] in 0.0s: (optimize (neg_dist 1) 7)
[    12] caught (optimize (neg_dist 1) 7)
[    12] caught (optimize (neg_dist 4) 9)
      + solved [desire] in 0.0s: (optimize (neg_dist 1) 7)
      + solved [desire] in 0.0s: (optimize (neg_dist 4) 9)
[    12] caught (optimize (neg_dist 4) 9)
      + solved [desire] in 0.0s: (optimize (neg_dist 4) 9)
[   141] caught (fork (step 4 right) overlay)
[   141] caught (fork (step 1 right) overlay)
[   149] caught (fork (step 1 left) overlay)
[   165] caught (fork (step 4 down) overlay)
      + solved [overlay] in 0.0s: (fork (step 1 left) overlay)
      + solved [overlay] in 0.0s: (fork (step 4 down) overlay)
      + solved [overlay] in 0.0s: (fork (step 4 right) overlay)
      + solved [overlay] in 0.0s: (fork (step 1 right) overlay)
[   289] caught (fork (optimize (neg_dist 8) 5) overlay)
      + solved [comet] in 0.1s: (fork (optimize (neg_dist 8) 5) overlay)
[   278] caught (fork (optimize (neg_dist 1) 7) overlay)
[   289] caught (fork (optimize (neg_dist 7) 6) overlay)
[   289] caught (fork (optimize (neg_dist 2) 1) overlay)
      + solved [comet] in 0.1s: (fork (optimize (neg_dist 2) 1) overlay)
      + solved [comet] in 0.1s: (fork (optimize (neg_dist 7) 6) overlay)
      + solved [comet] in 0.1s: (fork (optimize (neg_dist 1) 7) overlay)
[ 23823] caught (fork (compose (optimize (distance 7) 7) (optimize (neg_dist 7) 6)) (sync_to_world 6))
[ 25056] caught (fork (compose (optimize (distance 5) 5) (optimize (neg_dist 5) 4)) (sync_to_world 4))
[ 25056] caught (fork (compose (optimize (distance 5) 5) (optimize (neg_dist 5) 4)) (sync_to_world 4))
[ 23823] caught (fork (compose (optimize (distance 2) 2) (optimize (neg_dist 2) 1)) (sync_to_world 1))
[ 24705] caught (fork (compose (optimize (distance 9) 7) (optimize (neg_dist 7) 6)) (sync_to_world 6))
[ 23823] caught (fork (compose (optimize (distance 7) 7) (optimize (neg_dist 7) 6)) (sync_to_world 6))
[ 25056] caught (fork (compose (optimize (distance 9) 9) (optimize (neg_dist 9) 8)) (sync_to_world 8))
[ 21528] caught (fork (compose (optimize (neg_dist 8) 9) (optimize (neg_dist 9) 8)) (sync_to_world 8))
[ 25056] caught (fork (compose (optimize (distance 9) 9) (optimize (neg_dist 9) 8)) (sync_to_world 8))
[204347] caught (fork (compose (step 5 down) (optimize (neg_dist 5) 4)) (sync_to_world 4))
[203843] caught (fork (compose (step 2 down) (optimize (neg_dist 2) 1)) (sync_to_world 1))
[ 25041] caught (fork (compose (optimize (distance 6) 6) (optimize (neg_dist 6) 2)) (sync_to_world 2))
[ 22059] caught (fork (compose (optimize (neg_dist 7) 6) (optimize (neg_dist 6) 2)) (sync_to_world 2))
      + solved [belief_goal] in 141.4s: (fork (compose (step 2 down) (optimize (neg_dist 2) 1)) (sync_to_world 1))
      + solved [belief_goal] in 16.4s: (fork (compose (optimize (distance 2) 2) (optimize (neg_dist 2) 1)) (sync_to_world 1))
      + solved [belief_goal] in 13.7s: (fork (compose (optimize (distance 5) 5) (optimize (neg_dist 5) 4)) (sync_to_world 4))
      + solved [belief_goal] in 138.4s: (fork (compose (step 5 down) (optimize (neg_dist 5) 4)) (sync_to_world 4))
      + solved [belief_goal] in 13.8s: (fork (compose (optimize (distance 5) 5) (optimize (neg_dist 5) 4)) (sync_to_world 4))
      + solved [belief_goal] in 12.2s: (fork (compose (optimize (distance 7) 7) (optimize (neg_dist 7) 6)) (sync_to_world 6))
      + solved [belief_goal] in 17.1s: (fork (compose (optimize (distance 9) 7) (optimize (neg_dist 7) 6)) (sync_to_world 6))
      + solved [belief_goal] in 16.3s: (fork (compose (optimize (distance 7) 7) (optimize (neg_dist 7) 6)) (sync_to_world 6))
[ 23823] caught (fork (compose (optimize (distance 8) 8) (optimize (neg_dist 8) 5)) (sync_to_world 5))
[ 22635] caught (fork (compose (optimize (distance 4) 4) (optimize (neg_dist 4) 9)) (sync_to_world 9))
      + solved [belief_goal] in 17.0s: (fork (compose (optimize (distance 9) 9) (optimize (neg_dist 9) 8)) (sync_to_world 8))
[ 22635] caught (fork (compose (optimize (distance 1) 1) (optimize (neg_dist 1) 7)) (sync_to_world 7))
[ 22635] caught (fork (compose (optimize (distance 4) 4) (optimize (neg_dist 4) 9)) (sync_to_world 9))
      + solved [belief_goal] in 10.7s: (fork (compose (optimize (neg_dist 8) 9) (optimize (neg_dist 9) 8)) (sync_to_world 8))
      + solved [belief_goal] in 13.9s: (fork (compose (optimize (distance 9) 9) (optimize (neg_dist 9) 8)) (sync_to_world 8))
[204209] caught (fork (compose (step 4 down) (optimize (neg_dist 4) 9)) (sync_to_world 9))
      + solved [belief_goal] in 15.6s: (fork (compose (optimize (distance 6) 6) (optimize (neg_dist 6) 2)) (sync_to_world 2))
      + solved [belief_goal] in 11.0s: (fork (compose (optimize (neg_dist 7) 6) (optimize (neg_dist 6) 2)) (sync_to_world 2))
[207568] caught (fork (compose (step 8 down) (optimize (neg_dist 8) 5)) (sync_to_world 5))
[200988] caught (fork (compose (step 1 down) (optimize (neg_dist 1) 7)) (sync_to_world 7))
[204209] caught (fork (compose (step 4 down) (optimize (neg_dist 4) 9)) (sync_to_world 9))
[201003] caught (fork (compose (step 1 down) (optimize (neg_dist 1) 7)) (sync_to_world 7))
[1717473] caught (fork (compose (compose (optimize (neg_dist 2) 8) (optimize (distance 2) 2)) (optimize (neg_dist 2) 1)) (sync_except 2))
      + solved [belief_goal] in 12.3s: (fork (compose (optimize (distance 8) 8) (optimize (neg_dist 8) 5)) (sync_to_world 5))
      + solved [belief_goal] in 141.5s: (fork (compose (step 8 down) (optimize (neg_dist 8) 5)) (sync_to_world 5))
      + solved [belief_goal] in 154.8s: (fork (compose (step 1 down) (optimize (neg_dist 1) 7)) (sync_to_world 7))
      + solved [belief_goal] in 14.6s: (fork (compose (optimize (distance 1) 1) (optimize (neg_dist 1) 7)) (sync_to_world 7))
      + solved [belief_goal] in 185.6s: (fork (compose (step 1 down) (optimize (neg_dist 1) 7)) (sync_to_world 7))
      + solved [belief_goal] in 15.3s: (fork (compose (optimize (distance 4) 4) (optimize (neg_dist 4) 9)) (sync_to_world 9))
      + solved [belief_goal] in 157.1s: (fork (compose (step 4 down) (optimize (neg_dist 4) 9)) (sync_to_world 9))
      + solved [belief_goal] in 13.5s: (fork (compose (optimize (distance 4) 4) (optimize (neg_dist 4) 9)) (sync_to_world 9))
      + solved [belief_goal] in 124.6s: (fork (compose (step 4 down) (optimize (neg_dist 4) 9)) (sync_to_world 9))
      + solved [belief_observers] in 1182.5s: (fork (compose (compose (optimize (neg_dist 2) 8) (optimize (distance 2) 2)) (optimize (neg_dist 2) 1)) (sync_except 2))
[397692] caught (fork (compose (optimize (neg_dist 2) 3) (optimize (neg_dist 9) 8)) (sync_to_world 8))
[350796] caught (fork (compose (wall_at c3 c3) (optimize (neg_dist 6) 2)) (sync_to_world 2))
[494691] caught (fork (compose (wall_at c0 c1) (optimize (neg_dist 5) 4)) (sync_to_world 4))
[495040] caught (fork (compose (wall_at c0 c2) (optimize (neg_dist 5) 4)) (sync_to_world 4))
[495097] caught (fork (compose (wall_at c0 c2) (optimize (neg_dist 8) 5)) (sync_to_world 5))
[494634] caught (fork (compose (wall_at c0 c1) (optimize (neg_dist 2) 1)) (sync_to_world 1))
[498528] caught (fork (compose (wall_at c1 c0) (optimize (neg_dist 4) 9)) (sync_to_world 9))
[300870] caught (fork (compose (wall_at c3 c4) (optimize (neg_dist 2) 1)) (sync_to_world 1))
[295872] caught (fork (compose (wall_at c0 c2) (optimize (neg_dist 5) 4)) (sync_to_world 4))
[297342] caught (fork (compose (wall_at c1 c2) (optimize (neg_dist 2) 1)) (sync_to_world 1))
[297636] caught (fork (compose (wall_at c1 c3) (optimize (neg_dist 5) 4)) (sync_to_world 4))
[299106] caught (fork (compose (wall_at c2 c3) (optimize (neg_dist 2) 1)) (sync_to_world 1))
[501977] caught (fork (compose (wall_at c0 c1) (optimize (neg_dist 6) 2)) (sync_to_world 2))
[497966] caught (fork (compose (wall_at c0 c4) (optimize (neg_dist 2) 1)) (sync_to_world 1))
[300282] caught (fork (compose (wall_at c3 c2) (optimize (neg_dist 5) 4)) (sync_to_world 4))
[298869] caught (fork (compose (wall_at c2 c2) (optimize (neg_dist 7) 6)) (sync_to_world 6))
[298518] caught (fork (compose (wall_at c2 c1) (optimize (neg_dist 7) 6)) (sync_to_world 6))
[300282] caught (fork (compose (wall_at c3 c2) (optimize (neg_dist 7) 6)) (sync_to_world 6))
[297693] caught (fork (compose (wall_at c1 c3) (optimize (neg_dist 9) 8)) (sync_to_world 8))
[    17] caught (optimize (distance 4) 1)
[    17] caught (optimize (distance 4) 1)
[    16] caught (optimize (distance 1) 4)
[    17] caught (optimize (distance 4) 1)
[   188] caught (clear_at c1 c3)
[   196] caught (clear_at c3 c1)
[   186] caught (clear_at c1 c1)
[   192] caught (clear_at c2 c2)
[     3] caught (erase 4)
[     2] caught (erase 2)
[     3] caught (erase 4)
[     1] caught (erase 1)
[   193] caught (fork (step 1 left) underlay)
[   193] caught (fork (step 1 left) underlay)
[   193] caught (fork (step 1 left) underlay)
[   226] caught (fork (step 4 right) underlay)
[  1255] caught (compose (wall_at c1 c2) (optimize (neg_dist 2) 1))
[  1355] caught (compose (wall_at c3 c2) (optimize (neg_dist 2) 1))
[  1295] caught (compose (wall_at c2 c4) (optimize (neg_dist 2) 1))
[  1315] caught (compose (wall_at c2 c0) (optimize (neg_dist 2) 1))
[   867] caught (compose (wall_at c2 c2) (optimize (neg_dist 2) 1))
[   875] caught (compose (wall_at c3 c3) (optimize (neg_dist 2) 1))
[   859] caught (compose (wall_at c1 c1) (optimize (neg_dist 5) 4))
[   859] caught (compose (wall_at c1 c1) (optimize (neg_dist 5) 4))
[  1255] caught (compose (wall_at c1 c2) (optimize (neg_dist 5) 4))
[  1355] caught (compose (wall_at c3 c2) (optimize (neg_dist 5) 4))
[  1295] caught (compose (wall_at c1 c0) (optimize (neg_dist 5) 4))
[  1355] caught (compose (wall_at c3 c2) (optimize (neg_dist 5) 4))
[   875] caught (compose (wall_at c3 c3) (optimize (neg_dist 7) 6))
[  1295] caught (compose (wall_at c2 c4) (optimize (neg_dist 7) 6))
[  1345] caught (compose (wall_at c3 c1) (optimize (neg_dist 7) 6))
[  1255] caught (compose (wall_at c1 c2) (optimize (neg_dist 7) 6))
[  1295] caught (compose (wall_at c2 c4) (optimize (neg_dist 7) 6))
[299457] caught (fork (compose (wall_at c2 c4) (optimize (neg_dist 9) 8)) (sync_to_world 8))
[  1295] caught (compose (wall_at c2 c4) (optimize (neg_dist 7) 6))
[  1285] caught (compose (wall_at c2 c3) (optimize (neg_dist 9) 8))
[  1365] caught (compose (wall_at c4 c1) (optimize (neg_dist 9) 8))
[  1315] caught (compose (wall_at c2 c0) (optimize (neg_dist 9) 8))
[  1385] caught (compose (wall_at c4 c3) (optimize (neg_dist 9) 8))
[   867] caught (compose (wall_at c2 c2) (optimize (neg_dist 9) 8))
[   859] caught (compose (wall_at c1 c1) (optimize (neg_dist 9) 8))
[  1355] caught (compose (wall_at c3 c2) (optimize (neg_dist 6) 2))
[  1355] caught (compose (wall_at c3 c2) (optimize (neg_dist 6) 2))
[   867] caught (compose (wall_at c2 c2) (optimize (neg_dist 6) 2))
[  1255] caught (compose (wall_at c1 c2) (optimize (neg_dist 6) 2))
[   875] caught (compose (wall_at c3 c3) (optimize (neg_dist 6) 2))
[   875] caught (compose (wall_at c3 c3) (optimize (neg_dist 6) 2))
[  1255] caught (compose (wall_at c1 c2) (optimize (neg_dist 8) 5))
[  1265] caught (compose (wall_at c1 c3) (optimize (neg_dist 8) 5))
[  1275] caught (compose (wall_at c1 c4) (optimize (neg_dist 8) 5))
[  1355] caught (compose (wall_at c4 c0) (optimize (neg_dist 8) 5))
[  1365] caught (compose (wall_at c4 c1) (optimize (neg_dist 8) 5))
[  1375] caught (compose (wall_at c4 c2) (optimize (neg_dist 8) 5))
[   866] caught (compose (wall_at c2 c2) (optimize (neg_dist 1) 7))
[  1364] caught (compose (wall_at c4 c1) (optimize (neg_dist 1) 7))
[  1324] caught (compose (wall_at c2 c1) (optimize (neg_dist 1) 7))
[   874] caught (compose (wall_at c3 c3) (optimize (neg_dist 1) 7))
[  1334] caught (compose (wall_at c3 c0) (optimize (neg_dist 1) 7))
[  1011] caught (compose (optimize (neg_dist 1) 7) (wall_at c2 c1))
[  1254] caught (compose (wall_at c1 c2) (optimize (neg_dist 4) 9))
[  1254] caught (compose (wall_at c1 c2) (optimize (neg_dist 4) 9))
[  1254] caught (compose (wall_at c1 c2) (optimize (neg_dist 4) 9))
[  1344] caught (compose (wall_at c3 c1) (optimize (neg_dist 4) 9))
[   866] caught (compose (wall_at c2 c2) (optimize (neg_dist 4) 9))
[   216] caught (compose (wall_at c4 c0) (clear_at c2 c4))
[    71] caught (compose (wall_at c0 c0) (clear_at c0 c2))
[    72] caught (compose (wall_at c0 c0) (clear_at c3 c0))
[   130] caught (compose (wall_at c0 c3) (clear_at c2 c0))
[   254] caught (compose (wall_at c3 c3) (clear_at c1 c2))
[    93] caught (compose (wall_at c4 c0) (clear_at c0 c4))
[   196] caught (compose (wall_at c2 c3) (clear_at c3 c0))
[    67] caught (compose (wall_at c3 c4) (clear_at c4 c3))
[   351] caught (compose (wall_at c1 c4) (clear_at c2 c0))
[  1354] caught (compose (wall_at c4 c0) (optimize (neg_dist 4) 9))
[   190] caught (compose (wall_at c2 c4) (clear_at c1 c1))
[   392] caught (compose (wall_at c3 c2) (clear_at c1 c4))
[   181] caught (compose (wall_at c0 c3) (clear_at c4 c2))
[   249] caught (compose (wall_at c1 c0) (clear_at c2 c3))
[   351] caught (compose (wall_at c1 c4) (clear_at c3 c0))
[   214] caught (compose (wall_at c4 c1) (clear_at c2 c1))
[    73] caught (compose (wall_at c2 c2) (clear_at c4 c4))
[298869] caught (fork (compose (wall_at c2 c2) (optimize (neg_dist 9) 8)) (sync_to_world 8))
[299988] caught (fork (compose (wall_at c3 c1) (optimize (neg_dist 6) 2)) (sync_to_world 2))
[299148] caught (fork (compose (wall_at c2 c3) (optimize (neg_dist 6) 2)) (sync_to_world 2))
[297399] caught (fork (compose (wall_at c1 c2) (optimize (neg_dist 8) 5)) (sync_to_world 5))
[297105] caught (fork (compose (wall_at c1 c1) (optimize (neg_dist 6) 2)) (sync_to_world 2))
[300282] caught (fork (compose (wall_at c3 c2) (optimize (neg_dist 8) 5)) (sync_to_world 5))
[299961] caught (fork (compose (wall_at c3 c1) (optimize (neg_dist 1) 7)) (sync_to_world 7))
[300858] caught (fork (compose (wall_at c3 c4) (optimize (neg_dist 1) 7)) (sync_to_world 7))
[299163] caught (fork (compose (wall_at c2 c3) (optimize (neg_dist 8) 5)) (sync_to_world 5))
[300564] caught (fork (compose (wall_at c3 c3) (optimize (neg_dist 1) 7)) (sync_to_world 7))
[300270] caught (fork (compose (wall_at c3 c2) (optimize (neg_dist 4) 9)) (sync_to_world 9))
[297078] caught (fork (compose (wall_at c1 c1) (optimize (neg_dist 4) 9)) (sync_to_world 9))
[298506] caught (fork (compose (wall_at c2 c1) (optimize (neg_dist 4) 9)) (sync_to_world 9))
[1687554] caught (fork (compose (compose (optimize (neg_dist 4) 5) (optimize (distance 4) 4)) (optimize (neg_dist 4) 9)) (sync_except 4))
      + solved [belief_observers] in 1179.7s: (fork (compose (compose (optimize (neg_dist 4) 5) (optimize (distance 4) 4)) (optimize (neg_dist 4) 9)) (sync_except 4))
      + solved [belief_false_obstacle] in 381.6s: (fork (compose (wall_at c0 c1) (optimize (neg_dist 2) 1)) (sync_to_world 1))
      + solved [belief_false_obstacle] in 432.5s: (fork (compose (wall_at c0 c4) (optimize (neg_dist 2) 1)) (sync_to_world 1))
      + solved [belief_false_obstacle] in 350.4s: (fork (compose (wall_at c0 c1) (optimize (neg_dist 5) 4)) (sync_to_world 4))
      + solved [belief_false_obstacle] in 358.5s: (fork (compose (wall_at c0 c2) (optimize (neg_dist 5) 4)) (sync_to_world 4))
      + solved [belief_false_obstacle] in 272.7s: (fork (compose (optimize (neg_dist 2) 3) (optimize (neg_dist 9) 8)) (sync_to_world 8))
      + solved [belief_false_obstacle] in 297.8s: (fork (compose (wall_at c3 c3) (optimize (neg_dist 6) 2)) (sync_to_world 2))
      + solved [belief_false_obstacle] in 402.6s: (fork (compose (wall_at c0 c1) (optimize (neg_dist 6) 2)) (sync_to_world 2))
      + solved [belief_false_obstacle] in 351.2s: (fork (compose (wall_at c0 c2) (optimize (neg_dist 8) 5)) (sync_to_world 5))
      + solved [belief_false_obstacle] in 356.5s: (fork (compose (wall_at c1 c0) (optimize (neg_dist 4) 9)) (sync_to_world 9))
      + solved [belief_wall] in 262.4s: (fork (compose (wall_at c1 c2) (optimize (neg_dist 2) 1)) (sync_to_world 1))
      + solved [belief_wall] in 254.3s: (fork (compose (wall_at c3 c4) (optimize (neg_dist 2) 1)) (sync_to_world 1))
      + solved [belief_wall] in 249.3s: (fork (compose (wall_at c2 c3) (optimize (neg_dist 2) 1)) (sync_to_world 1))
      + solved [belief_wall] in 246.0s: (fork (compose (wall_at c1 c3) (optimize (neg_dist 5) 4)) (sync_to_world 4))
      + solved [belief_wall] in 231.3s: (fork (compose (wall_at c0 c2) (optimize (neg_dist 5) 4)) (sync_to_world 4))
      + solved [belief_wall] in 254.2s: (fork (compose (wall_at c3 c2) (optimize (neg_dist 5) 4)) (sync_to_world 4))
      + solved [belief_wall] in 274.1s: (fork (compose (wall_at c2 c1) (optimize (neg_dist 7) 6)) (sync_to_world 6))
      + solved [belief_wall] in 245.3s: (fork (compose (wall_at c2 c2) (optimize (neg_dist 7) 6)) (sync_to_world 6))
      + solved [belief_wall] in 241.8s: (fork (compose (wall_at c3 c2) (optimize (neg_dist 7) 6)) (sync_to_world 6))
      + solved [belief_wall] in 263.7s: (fork (compose (wall_at c2 c2) (optimize (neg_dist 9) 8)) (sync_to_world 8))
      + solved [belief_wall] in 239.6s: (fork (compose (wall_at c1 c3) (optimize (neg_dist 9) 8)) (sync_to_world 8))
      + solved [belief_wall] in 228.6s: (fork (compose (wall_at c2 c4) (optimize (neg_dist 9) 8)) (sync_to_world 8))
      + solved [belief_wall] in 247.3s: (fork (compose (wall_at c2 c3) (optimize (neg_dist 6) 2)) (sync_to_world 2))
      + solved [belief_wall] in 251.7s: (fork (compose (wall_at c1 c1) (optimize (neg_dist 6) 2)) (sync_to_world 2))
      + solved [belief_wall] in 237.0s: (fork (compose (wall_at c3 c1) (optimize (neg_dist 6) 2)) (sync_to_world 2))
      + solved [belief_wall] in 273.4s: (fork (compose (wall_at c2 c3) (optimize (neg_dist 8) 5)) (sync_to_world 5))
      + solved [belief_wall] in 248.0s: (fork (compose (wall_at c3 c2) (optimize (neg_dist 8) 5)) (sync_to_world 5))
      + solved [belief_wall] in 237.3s: (fork (compose (wall_at c1 c2) (optimize (neg_dist 8) 5)) (sync_to_world 5))
      + solved [belief_wall] in 266.4s: (fork (compose (wall_at c3 c3) (optimize (neg_dist 1) 7)) (sync_to_world 7))
      + solved [belief_wall] in 236.0s: (fork (compose (wall_at c3 c1) (optimize (neg_dist 1) 7)) (sync_to_world 7))
      + solved [belief_wall] in 230.3s: (fork (compose (wall_at c3 c4) (optimize (neg_dist 1) 7)) (sync_to_world 7))
      + solved [belief_wall] in 245.4s: (fork (compose (wall_at c3 c2) (optimize (neg_dist 4) 9)) (sync_to_world 9))
      + solved [belief_wall] in 262.0s: (fork (compose (wall_at c1 c1) (optimize (neg_dist 4) 9)) (sync_to_world 9))
      + solved [belief_wall] in 232.2s: (fork (compose (wall_at c2 c1) (optimize (neg_dist 4) 9)) (sync_to_world 9))
      + solved [flee] in 0.0s: (optimize (distance 4) 1)
      + solved [flee] in 0.0s: (optimize (distance 4) 1)
      + solved [flee] in 0.0s: (optimize (distance 1) 4)
      + solved [flee] in 0.0s: (optimize (distance 4) 1)
      + solved [deletion] in 0.0s: (clear_at c1 c3)
      + solved [deletion] in 0.0s: (clear_at c3 c1)
      + solved [deletion] in 0.0s: (clear_at c1 c1)
      + solved [deletion] in 0.0s: (clear_at c2 c2)
      + solved [denoise] in 0.0s: (erase 4)
      + solved [denoise] in 0.0s: (erase 2)
      + solved [denoise] in 0.0s: (erase 4)
      + solved [denoise] in 0.0s: (erase 1)
      + solved [underlay] in 0.0s: (fork (step 1 left) underlay)
      + solved [underlay] in 0.0s: (fork (step 1 left) underlay)
      + solved [underlay] in 0.0s: (fork (step 1 left) underlay)
      + solved [underlay] in 0.1s: (fork (step 4 right) underlay)
      + solved [obstacle] in 0.4s: (compose (wall_at c1 c2) (optimize (neg_dist 2) 1))
      + solved [obstacle] in 0.4s: (compose (wall_at c3 c2) (optimize (neg_dist 2) 1))
      + solved [obstacle] in 0.5s: (compose (wall_at c2 c4) (optimize (neg_dist 2) 1))
      + solved [obstacle] in 0.4s: (compose (wall_at c2 c0) (optimize (neg_dist 2) 1))
      + solved [obstacle] in 0.3s: (compose (wall_at c2 c2) (optimize (neg_dist 2) 1))
      + solved [obstacle] in 0.3s: (compose (wall_at c3 c3) (optimize (neg_dist 2) 1))
      + solved [obstacle] in 0.3s: (compose (wall_at c1 c1) (optimize (neg_dist 5) 4))
      + solved [obstacle] in 0.3s: (compose (wall_at c1 c1) (optimize (neg_dist 5) 4))
      + solved [obstacle] in 0.4s: (compose (wall_at c1 c2) (optimize (neg_dist 5) 4))
      + solved [obstacle] in 0.5s: (compose (wall_at c3 c2) (optimize (neg_dist 5) 4))
      + solved [obstacle] in 0.4s: (compose (wall_at c1 c0) (optimize (neg_dist 5) 4))
      + solved [obstacle] in 0.3s: (compose (wall_at c3 c2) (optimize (neg_dist 5) 4))
      + solved [obstacle] in 0.3s: (compose (wall_at c3 c3) (optimize (neg_dist 7) 6))
      + solved [obstacle] in 0.4s: (compose (wall_at c2 c4) (optimize (neg_dist 7) 6))
      + solved [obstacle] in 0.4s: (compose (wall_at c3 c1) (optimize (neg_dist 7) 6))
      + solved [obstacle] in 0.4s: (compose (wall_at c1 c2) (optimize (neg_dist 7) 6))
      + solved [obstacle] in 0.3s: (compose (wall_at c2 c4) (optimize (neg_dist 7) 6))
      + solved [obstacle] in 0.4s: (compose (wall_at c2 c4) (optimize (neg_dist 7) 6))
      + solved [obstacle] in 0.4s: (compose (wall_at c4 c1) (optimize (neg_dist 9) 8))
      + solved [obstacle] in 0.3s: (compose (wall_at c2 c3) (optimize (neg_dist 9) 8))
      + solved [obstacle] in 0.4s: (compose (wall_at c4 c3) (optimize (neg_dist 9) 8))
      + solved [obstacle] in 0.4s: (compose (wall_at c2 c0) (optimize (neg_dist 9) 8))
      + solved [obstacle] in 0.3s: (compose (wall_at c2 c2) (optimize (neg_dist 9) 8))
      + solved [obstacle] in 0.3s: (compose (wall_at c1 c1) (optimize (neg_dist 9) 8))
      + solved [obstacle] in 0.3s: (compose (wall_at c3 c2) (optimize (neg_dist 6) 2))
      + solved [obstacle] in 0.4s: (compose (wall_at c3 c2) (optimize (neg_dist 6) 2))
      + solved [obstacle] in 0.3s: (compose (wall_at c2 c2) (optimize (neg_dist 6) 2))
      + solved [obstacle] in 0.3s: (compose (wall_at c1 c2) (optimize (neg_dist 6) 2))
      + solved [obstacle] in 0.3s: (compose (wall_at c3 c3) (optimize (neg_dist 6) 2))
      + solved [obstacle] in 0.3s: (compose (wall_at c3 c3) (optimize (neg_dist 6) 2))
      + solved [obstacle] in 0.4s: (compose (wall_at c1 c2) (optimize (neg_dist 8) 5))
      + solved [obstacle] in 0.4s: (compose (wall_at c1 c3) (optimize (neg_dist 8) 5))
      + solved [obstacle] in 0.3s: (compose (wall_at c1 c4) (optimize (neg_dist 8) 5))
      + solved [obstacle] in 0.4s: (compose (wall_at c4 c0) (optimize (neg_dist 8) 5))
      + solved [obstacle] in 0.4s: (compose (wall_at c4 c1) (optimize (neg_dist 8) 5))
      + solved [obstacle] in 0.4s: (compose (wall_at c4 c2) (optimize (neg_dist 8) 5))
      + solved [obstacle] in 0.3s: (compose (wall_at c2 c2) (optimize (neg_dist 1) 7))
      + solved [obstacle] in 0.4s: (compose (wall_at c2 c1) (optimize (neg_dist 1) 7))
      + solved [obstacle] in 0.3s: (compose (wall_at c4 c1) (optimize (neg_dist 1) 7))
      + solved [obstacle] in 0.3s: (compose (wall_at c3 c3) (optimize (neg_dist 1) 7))
      + solved [obstacle] in 0.4s: (compose (wall_at c3 c0) (optimize (neg_dist 1) 7))
      + solved [obstacle] in 0.3s: (compose (optimize (neg_dist 1) 7) (wall_at c2 c1))
      + solved [obstacle] in 0.3s: (compose (wall_at c1 c2) (optimize (neg_dist 4) 9))
      + solved [obstacle] in 0.4s: (compose (wall_at c1 c2) (optimize (neg_dist 4) 9))
      + solved [obstacle] in 0.4s: (compose (wall_at c1 c2) (optimize (neg_dist 4) 9))
      + solved [obstacle] in 0.4s: (compose (wall_at c3 c1) (optimize (neg_dist 4) 9))
      + solved [obstacle] in 0.3s: (compose (wall_at c2 c2) (optimize (neg_dist 4) 9))
      + solved [obstacle] in 0.4s: (compose (wall_at c4 c0) (optimize (neg_dist 4) 9))
      + solved [relocate] in 0.0s: (compose (wall_at c4 c0) (clear_at c2 c4))
      + solved [relocate] in 0.0s: (compose (wall_at c0 c0) (clear_at c0 c2))
      + solved [relocate] in 0.0s: (compose (wall_at c0 c0) (clear_at c3 c0))
      + solved [relocate] in 0.0s: (compose (wall_at c0 c3) (clear_at c2 c0))
      + solved [relocate] in 0.0s: (compose (wall_at c3 c3) (clear_at c1 c2))
      + solved [relocate] in 0.0s: (compose (wall_at c4 c0) (clear_at c0 c4))
      + solved [relocate] in 0.0s: (compose (wall_at c2 c3) (clear_at c3 c0))
      + solved [relocate] in 0.0s: (compose (wall_at c3 c4) (clear_at c4 c3))
      + solved [relocate] in 0.1s: (compose (wall_at c1 c4) (clear_at c2 c0))
      + solved [relocate] in 0.0s: (compose (wall_at c2 c4) (clear_at c1 c1))
      + solved [relocate] in 0.1s: (compose (wall_at c3 c2) (clear_at c1 c4))
      + solved [relocate] in 0.0s: (compose (wall_at c0 c3) (clear_at c4 c2))
      + solved [relocate] in 0.1s: (compose (wall_at c1 c0) (clear_at c2 c3))
      + solved [relocate] in 0.1s: (compose (wall_at c1 c4) (clear_at c3 c0))
      + solved [relocate] in 0.0s: (compose (wall_at c4 c1) (clear_at c2 c1))
      + solved [relocate] in 0.0s: (compose (wall_at c2 c2) (clear_at c4 c4))
    per-task time (s): 165 solved [slowest solve 1182.5]
    (misses burned up to 1200.0s each; the uniform --t-fn can drop toward slowest-solve=1182.5s to cut wasted early-round time without losing a solve)
[     3] caught snd_gg
[     3] caught snd_gg
[     3] caught snd_gg
[     3] caught snd_gg
[     4] caught underlay
[     4] caught underlay
[     4] caught underlay
[     4] caught underlay
[     5] caught sync_all
[     5] caught sync_all
[     5] caught sync_all
[     5] caught sync_all
[     7] caught (sync_to_world 1)
[     8] caught (sync_to_world 2)
[    10] caught (sync_to_world 4)
[    10] caught (sync_to_world 4)
[    17] caught (sync_except 1)
[    17] caught (sync_except 1)
[    18] caught (sync_except 2)
[    20] caught (sync_except 4)
[    27] caught (sync_to_model 1)
[    27] caught (sync_to_model 1)
[    28] caught (sync_to_model 2)
[    30] caught (sync_to_model 4)
      + solved [readout]: snd_gg
      + solved [reg_except]: (sync_except 2)
      + solved [readout]: snd_gg
      + solved [inpaint]: underlay
      + solved [inpaint]: underlay
      + solved [registration]: (sync_to_world 4)
      + solved [inpaint]: underlay
      + solved [perception]: (sync_to_model 1)
      + solved [multi_reg]: sync_all
      + solved [perception]: (sync_to_model 1)
      + solved [readout]: snd_gg
      + solved [reg_except]: (sync_except 1)
      + solved [inpaint]: underlay
      + solved [registration]: (sync_to_world 2)
      + solved [registration]: (sync_to_world 4)
      + solved [multi_reg]: sync_all
      + solved [perception]: (sync_to_model 2)
      + solved [multi_reg]: sync_all
      + solved [perception]: (sync_to_model 4)
      + solved [registration]: (sync_to_world 1)
      + solved [reg_except]: (sync_except 4)
      + solved [readout]: snd_gg
      + solved [multi_reg]: sync_all
      + solved [reg_except]: (sync_except 1)
    solved 189/300 (+189 this round)
running stitch_core.compress on 189 programs (iterations=6, max_arity=5)
stitch returned 6 abstractions
added abstraction fn_0: (fork (compose #2 (optimize (neg_dist #1) #0)) (sync_to_world #0))  [cellvalue, cellvalue, fn] -> fn
added abstraction fn_1: (compose (wall_at #3 #2) (optimize (neg_dist #1) #0))  [cellvalue, cellvalue, coord, coord] -> fn
added abstraction fn_2: (fn_0 #1 #0 (optimize (distance #0) #0))  [cellvalue, cellvalue] -> fn
added abstraction fn_3: (fn_0 #3 #2 (wall_at #1 #0))  [coord, coord, cellvalue, cellvalue] -> fn
added abstraction fn_4: (compose (wall_at #3 #2) (clear_at #1 #0))  [coord, coord, coord, coord] -> fn
added abstraction fn_5: (optimize (neg_dist #0))  [cellvalue, cellvalue] -> fn

--- round 2/6: 111 fn + 0 fn_p_g unsolved; |D|=43 (6 invented); fn Q=uniform/content; t_fn=3600s ---
    [instr] agency constructor in D: fn_0 (wall-free); belief solved (replay-eligible): 57/168
[259896] caught (compose (optimize (neg_dist 2) 1) (fn_3 c1 c2 5 4))
[253160] caught (compose (optimize (neg_dist 1) 2) (fn_3 c2 c2 5 4))
[275602] caught (compose (optimize (neg_dist 4) 5) (fn_3 c1 c3 2 1))
[259896] caught (compose (optimize (neg_dist 2) 1) (fn_3 c1 c2 5 4))
[282546] caught (compose (optimize (neg_dist 5) 4) (fn_3 c3 c1 2 1))
      + solved [belief_witness] in 859.5s: (compose (optimize (neg_dist 5) 4) (fork (compose (wall_at c1 c3) (optimize (neg_dist 2) 1)) (sync_to_world 1)))
[503042] caught (compose (fn_3 c1 c1 7 6) (optimize (neg_dist 5) 4))
[503460] caught (compose (fn_3 c1 c2 2 1) (optimize (neg_dist 5) 4))
      + solved [belief_witness] in 1354.3s: (compose (fork (compose (wall_at c2 c1) (optimize (neg_dist 2) 1)) (sync_to_world 1)) (optimize (neg_dist 5) 4))
[502978] caught (compose (fn_3 c1 c1 6 2) (optimize (neg_dist 4) 1))
[509570] caught (compose (fn_3 c2 c2 9 8) (optimize (neg_dist 2) 1))
[509439] caught (compose (fn_3 c2 c2 6 2) (optimize (neg_dist 5) 4))
[516098] caught (compose (fn_3 c3 c3 5 4) (optimize (neg_dist 2) 1))
[514337] caught (compose (fn_3 c3 c2 2 1) (optimize (neg_dist 4) 5))
      + solved [belief_witness] in 1402.9s: (compose (fork (compose (wall_at c2 c3) (optimize (neg_dist 2) 1)) (sync_to_world 1)) (optimize (neg_dist 4) 5))
[510658] caught (compose (fn_3 c2 c3 5 4) (optimize (neg_dist 2) 1))
[509567] caught (compose (fn_3 c2 c2 7 6) (optimize (neg_dist 2) 5))
[509567] caught (compose (fn_3 c2 c2 8 5) (optimize (neg_dist 1) 4))
[507812] caught (compose (fn_3 c2 c1 2 1) (optimize (neg_dist 5) 4))
[509570] caught (compose (fn_3 c2 c2 7 6) (optimize (neg_dist 5) 2))
[509500] caught (compose (fn_3 c2 c2 6 2) (optimize (neg_dist 1) 4))
[514940] caught (compose (fn_3 c3 c2 6 2) (optimize (neg_dist 1) 4))
[509570] caught (compose (fn_3 c2 c2 9 8) (optimize (neg_dist 5) 2))
[ 22443] caught (fn_0 1 2 (fn_0 2 0 (fn_2 1 2)))
[513919] caught (compose (fn_3 c3 c1 7 6) (optimize (neg_dist 2) 4))
[  2698] caught (fn_0 4 5 (fn_0 5 9 (fn_2 5 5)))
[520450] caught (compose (fn_3 c4 c2 9 8) (optimize (neg_dist 2) 1))
[513249] caught (compose (fn_3 c3 c1 2 1) (optimize (neg_dist 4) 5))
      + solved [belief_witness] in 1501.8s: (compose (fork (compose (wall_at c1 c3) (optimize (neg_dist 2) 1)) (sync_to_world 1)) (optimize (neg_dist 4) 5))
      + solved [belief_witness] in 1435.4s: (compose (fork (compose (wall_at c1 c2) (optimize (neg_dist 2) 1)) (sync_to_world 1)) (optimize (neg_dist 5) 4))
      + solved [belief_witness] in 844.1s: (compose (optimize (neg_dist 4) 5) (fork (compose (wall_at c3 c1) (optimize (neg_dist 2) 1)) (sync_to_world 1)))
      + solved [belief_witness] in 858.8s: (compose (optimize (neg_dist 2) 1) (fork (compose (wall_at c2 c1) (optimize (neg_dist 5) 4)) (sync_to_world 4)))
      + solved [belief_witness] in 741.7s: (compose (optimize (neg_dist 2) 1) (fork (compose (wall_at c2 c1) (optimize (neg_dist 5) 4)) (sync_to_world 4)))
[509567] caught (compose (fn_3 c2 c2 9 8) (optimize (neg_dist 4) 5))
[508479] caught (compose (fn_3 c2 c1 7 6) (optimize (neg_dist 1) 5))
[ 22443] caught (fn_0 1 2 (fn_0 2 0 (fn_2 1 2)))
[  4284] caught (fn_0 8 9 (fn_0 9 7 (fn_2 7 9)))
[509570] caught (compose (fn_3 c2 c2 5 4) (optimize (neg_dist 2) 1))
      + solved [belief_witness] in 1549.1s: (compose (fork (compose (wall_at c2 c2) (optimize (neg_dist 5) 4)) (sync_to_world 4)) (optimize (neg_dist 2) 1))
      + solved [belief_witness] in 1400.3s: (compose (fork (compose (wall_at c3 c3) (optimize (neg_dist 5) 4)) (sync_to_world 4)) (optimize (neg_dist 2) 1))
      + solved [belief_witness] in 769.8s: (compose (optimize (neg_dist 1) 2) (fork (compose (wall_at c2 c2) (optimize (neg_dist 5) 4)) (sync_to_world 4)))
      + solved [belief_witness] in 1407.9s: (compose (fork (compose (wall_at c3 c2) (optimize (neg_dist 5) 4)) (sync_to_world 4)) (optimize (neg_dist 2) 1))
      + solved [belief_witness] in 1233.1s: (compose (fork (compose (wall_at c1 c1) (optimize (neg_dist 7) 6)) (sync_to_world 6)) (optimize (neg_dist 5) 4))
[ 26793] caught (fn_0 4 5 (fn_0 5 0 (fn_2 4 5)))
[505218] caught (compose (fn_3 c1 c3 9 8) (optimize (neg_dist 5) 1))
[ 26793] caught (fn_0 4 5 (fn_0 5 0 (fn_2 4 5)))
[508482] caught (compose (fn_3 c2 c1 7 6) (optimize (neg_dist 5) 1))
      + solved [belief_witness] in 1573.7s: (compose (fork (compose (wall_at c1 c2) (optimize (neg_dist 7) 6)) (sync_to_world 6)) (optimize (neg_dist 5) 1))
      + solved [belief_witness] in 1435.9s: (compose (fork (compose (wall_at c2 c2) (optimize (neg_dist 7) 6)) (sync_to_world 6)) (optimize (neg_dist 5) 2))
      + solved [belief_witness] in 1506.7s: (compose (fork (compose (wall_at c1 c2) (optimize (neg_dist 7) 6)) (sync_to_world 6)) (optimize (neg_dist 1) 5))
      + solved [belief_witness] in 1492.2s: (compose (fork (compose (wall_at c1 c3) (optimize (neg_dist 7) 6)) (sync_to_world 6)) (optimize (neg_dist 2) 4))
      + solved [belief_witness] in 1414.5s: (compose (fork (compose (wall_at c2 c2) (optimize (neg_dist 7) 6)) (sync_to_world 6)) (optimize (neg_dist 2) 5))
      + solved [belief_witness] in 1496.4s: (compose (fork (compose (wall_at c2 c4) (optimize (neg_dist 9) 8)) (sync_to_world 8)) (optimize (neg_dist 2) 1))
      + solved [belief_witness] in 1475.9s: (compose (fork (compose (wall_at c2 c2) (optimize (neg_dist 9) 8)) (sync_to_world 8)) (optimize (neg_dist 5) 2))
[ 29693] caught (fn_0 6 7 (fn_0 7 0 (fn_2 6 7)))
[520450] caught (compose (fn_3 c4 c2 9 8) (optimize (neg_dist 5) 2))
      + solved [belief_witness] in 1587.5s: (compose (fork (compose (wall_at c2 c4) (optimize (neg_dist 9) 8)) (sync_to_world 8)) (optimize (neg_dist 5) 2))
      + solved [belief_witness] in 1560.9s: (compose (fork (compose (wall_at c3 c1) (optimize (neg_dist 9) 8)) (sync_to_world 8)) (optimize (neg_dist 5) 1))
      + solved [belief_witness] in 1381.9s: (compose (fork (compose (wall_at c2 c2) (optimize (neg_dist 9) 8)) (sync_to_world 8)) (optimize (neg_dist 2) 1))
      + solved [belief_witness] in 1503.8s: (compose (fork (compose (wall_at c2 c2) (optimize (neg_dist 9) 8)) (sync_to_world 8)) (optimize (neg_dist 4) 5))
      + solved [belief_witness] in 1381.6s: (compose (fork (compose (wall_at c1 c1) (optimize (neg_dist 6) 2)) (sync_to_world 2)) (optimize (neg_dist 4) 1))
      + solved [belief_witness] in 1394.6s: (compose (fork (compose (wall_at c2 c2) (optimize (neg_dist 6) 2)) (sync_to_world 2)) (optimize (neg_dist 5) 4))
[515010] caught (compose (fn_3 c3 c2 8 5) (optimize (neg_dist 4) 1))
[ 25012] caught (fn_0 2 6 (fn_0 6 0 (fn_2 2 6)))
[ 25012] caught (fn_0 2 6 (fn_0 6 0 (fn_2 2 6)))
[264293] caught (compose (optimize (neg_dist 2) 5) (fn_3 c1 c2 1 7))
[ 45724] caught (fn_0 8 9 (fn_0 9 0 (fn_2 5 9)))
[514876] caught (compose (fn_3 c3 c2 6 2) (optimize (neg_dist 4) 5))
[514940] caught (compose (fn_3 c3 c2 6 2) (optimize (neg_dist 1) 4))
      + solved [belief_witness] in 1657.5s: (compose (fork (compose (wall_at c2 c3) (optimize (neg_dist 6) 2)) (sync_to_world 2)) (optimize (neg_dist 1) 4))
      + solved [belief_witness] in 1446.0s: (compose (fork (compose (wall_at c2 c2) (optimize (neg_dist 6) 2)) (sync_to_world 2)) (optimize (neg_dist 1) 4))
      + solved [belief_witness] in 1646.1s: (compose (fork (compose (wall_at c2 c3) (optimize (neg_dist 6) 2)) (sync_to_world 2)) (optimize (neg_dist 4) 5))
      + solved [belief_witness] in 1464.0s: (compose (fork (compose (wall_at c2 c3) (optimize (neg_dist 6) 2)) (sync_to_world 2)) (optimize (neg_dist 1) 4))
      + solved [belief_witness] in 1421.1s: (compose (fork (compose (wall_at c2 c2) (optimize (neg_dist 8) 5)) (sync_to_world 5)) (optimize (neg_dist 1) 4))
      + solved [belief_witness] in 1603.2s: (compose (fork (compose (wall_at c2 c3) (optimize (neg_dist 8) 5)) (sync_to_world 5)) (optimize (neg_dist 4) 1))
[  1515] caught (compose (fn_2 2 1) (fn_5 2 6))
[ 32102] caught (fn_0 5 8 (fn_0 8 0 (fn_2 5 8)))
[  1600] caught (compose (fn_2 5 4) (fn_5 5 2))
[ 45727] caught (fn_0 8 9 (fn_0 9 0 (fn_2 8 9)))
[  1600] caught (compose (fn_2 5 4) (fn_5 5 1))
[  1600] caught (compose (fn_2 7 6) (fn_5 7 1))
[ 42120] caught (fn_0 5 8 (fn_0 8 0 (fn_2 2 8)))
[  1515] caught (compose (fn_2 7 6) (fn_5 7 8))
[  1600] caught (compose (fn_2 9 8) (fn_5 9 1))
[ 35437] caught (fn_0 7 1 (fn_0 1 0 (fn_2 1 1)))
[  1600] caught (compose (fn_2 9 8) (fn_5 9 7))
[  1580] caught (compose (fn_2 6 2) (fn_5 6 5))
[ 45455] caught (fn_0 7 1 (fn_0 1 0 (fn_2 1 1)))
[  1580] caught (compose (fn_2 6 2) (fn_5 6 5))
[  1600] caught (compose (fn_2 8 5) (fn_5 8 4))
[ 48728] caught (fn_0 9 4 (fn_0 4 0 (fn_2 4 4)))
[  1580] caught (compose (fn_2 8 5) (fn_5 8 7))
[  1470] caught (compose (fn_2 1 7) (fn_5 1 8))
[121365] caught (compose (fn_0 1 2 (step 2 down)) (fn_5 2 8))
[  1490] caught (compose (fn_2 1 7) (fn_5 1 6))
[  1555] caught (compose (fn_2 4 9) (fn_5 4 1))
[121365] caught (compose (fn_0 6 7 (step 7 down)) (fn_5 7 9))
[ 99609] caught (compose (optimize (neg_dist 6) 1) (fn_0 2 6 (optimize (neg_dist 2) 6)))
[129538] caught (compose (fn_0 4 5 (step 5 down)) (fn_2 4 2))
[198698] caught (fn_0 1 2 (compose (fn_5 1 2) (step 2 down)))
[199004] caught (fn_0 1 2 (compose (fn_5 6 2) (step 2 down)))
[129538] caught (compose (fn_0 8 9 (step 9 down)) (fn_2 8 5))
[121353] caught (compose (fn_0 5 8 (step 8 down)) (fn_2 5 9))
[ 23370] caught (fn_0 6 7 (fn_0 7 8 (fn_2 6 6)))
[504127] caught (compose (fn_3 c1 c2 8 5) (optimize (neg_dist 1) 4))
[131402] caught (compose (fn_0 7 1 (step 1 down)) (fn_5 1 2))
[214682] caught (fn_0 5 8 (compose (optimize (distance 9) 8) (optimize (distance 9) 8)))
[ 99496] caught (fn_0 6 7 (fn_1 7 0 c1 c2))
[133507] caught (compose (fn_0 9 4 (step 4 down)) (fn_2 9 2))
[284700] caught (fn_0 6 7 (compose (fn_5 6 7) (step 7 down)))
[504130] caught (compose (fn_3 c1 c2 8 5) (optimize (neg_dist 4) 1))
      + solved [belief_witness] in 1517.9s: (compose (fork (compose (wall_at c2 c1) (optimize (neg_dist 8) 5)) (sync_to_world 5)) (optimize (neg_dist 4) 1))
      + solved [belief_witness] in 1294.3s: (compose (fork (compose (wall_at c2 c1) (optimize (neg_dist 8) 5)) (sync_to_world 5)) (optimize (neg_dist 1) 4))
[509570] caught (compose (fn_3 c2 c2 8 5) (optimize (neg_dist 4) 1))
      + solved [belief_witness] in 1423.8s: (compose (fork (compose (wall_at c2 c2) (optimize (neg_dist 8) 5)) (sync_to_world 5)) (optimize (neg_dist 4) 1))
[515007] caught (compose (fn_3 c3 c2 8 5) (optimize (neg_dist 2) 4))
      + solved [belief_witness] in 1411.2s: (compose (fork (compose (wall_at c2 c3) (optimize (neg_dist 8) 5)) (sync_to_world 5)) (optimize (neg_dist 2) 4))
      + solved [belief_witness] in 773.1s: (compose (optimize (neg_dist 2) 5) (fork (compose (wall_at c2 c1) (optimize (neg_dist 1) 7)) (sync_to_world 7)))
[284547] caught (fn_0 6 7 (compose (fn_5 2 7) (step 7 down)))
[ 33799] caught (fn_0 9 4 (fn_0 4 7 (fn_2 4 9)))
[508824] caught (compose (fn_3 c2 c2 1 7) (optimize (neg_dist 2) 5))
      + solved [belief_witness] in 1359.5s: (compose (fork (compose (wall_at c2 c2) (optimize (neg_dist 1) 7)) (sync_to_world 7)) (optimize (neg_dist 2) 5))
[509098] caught (compose (fn_3 c2 c2 4 9) (optimize (neg_dist 5) 1))
[515891] caught (compose (fn_3 c3 c3 4 9) (optimize (neg_dist 1) 2))
[335684] caught (fn_0 4 5 (fn_1 5 0 c3 c1))
[503384] caught (compose (fn_3 c1 c2 1 7) (optimize (neg_dist 2) 4))
[508827] caught (compose (fn_3 c2 c2 1 7) (optimize (neg_dist 4) 2))
      + solved [belief_witness] in 1403.4s: (compose (fork (compose (wall_at c2 c2) (optimize (neg_dist 1) 7)) (sync_to_world 7)) (optimize (neg_dist 4) 2))
[519704] caught (compose (fn_3 c4 c2 1 7) (optimize (neg_dist 4) 5))
      + solved [belief_witness] in 1392.3s: (compose (fork (compose (wall_at c2 c4) (optimize (neg_dist 1) 7)) (sync_to_world 7)) (optimize (neg_dist 4) 5))
      + solved [belief_witness] in 1374.8s: (compose (fork (compose (wall_at c2 c1) (optimize (neg_dist 1) 7)) (sync_to_world 7)) (optimize (neg_dist 2) 4))
[514264] caught (compose (fn_3 c3 c2 1 7) (optimize (neg_dist 2) 4))
      + solved [belief_witness] in 1386.2s: (compose (fork (compose (wall_at c2 c3) (optimize (neg_dist 1) 7)) (sync_to_world 7)) (optimize (neg_dist 2) 4))
[509363] caught (compose (fn_3 c2 c2 4 9) (optimize (neg_dist 1) 2))
      + solved [belief_witness] in 1393.6s: (compose (fork (compose (wall_at c2 c2) (optimize (neg_dist 4) 9)) (sync_to_world 9)) (optimize (neg_dist 1) 2))
[502835] caught (compose (fn_3 c1 c1 4 9) (optimize (neg_dist 1) 2))
[510180] caught (compose (fn_3 c2 c3 4 9) (optimize (neg_dist 1) 5))
      + solved [belief_witness] in 1400.2s: (compose (fork (compose (wall_at c3 c2) (optimize (neg_dist 4) 9)) (sync_to_world 9)) (optimize (neg_dist 1) 5))
[514806] caught (compose (fn_3 c3 c2 4 9) (optimize (neg_dist 2) 1))
      + solved [belief_witness] in 1441.6s: (compose (fork (compose (wall_at c2 c3) (optimize (neg_dist 4) 9)) (sync_to_world 9)) (optimize (neg_dist 2) 1))
      + solved [belief_witness] in 1261.7s: (compose (fork (compose (wall_at c2 c2) (optimize (neg_dist 4) 9)) (sync_to_world 9)) (optimize (neg_dist 5) 1))
      + solved [belief_witness] in 1376.8s: (compose (fork (compose (wall_at c1 c1) (optimize (neg_dist 4) 9)) (sync_to_world 9)) (optimize (neg_dist 1) 2))
      + solved [belief_witness] in 1260.2s: (compose (fork (compose (wall_at c3 c3) (optimize (neg_dist 4) 9)) (sync_to_world 9)) (optimize (neg_dist 1) 2))
      + solved [belief_goal] in 53.1s: (fork (compose (fork (compose (fork (compose (optimize (distance 1) 1) (optimize (neg_dist 1) 2)) (sync_to_world 2)) (optimize (neg_dist 0) 2)) (sync_to_world 2)) (optimize (neg_dist 2) 1)) (sync_to_world 1))
      + solved [belief_goal] in 563.3s: (fork (compose (compose (optimize (neg_dist 6) 2) (step 2 down)) (optimize (neg_dist 2) 1)) (sync_to_world 1))
      + solved [belief_goal] in 61.2s: (fork (compose (fork (compose (fork (compose (optimize (distance 1) 1) (optimize (neg_dist 1) 2)) (sync_to_world 2)) (optimize (neg_dist 0) 2)) (sync_to_world 2)) (optimize (neg_dist 2) 1)) (sync_to_world 1))
      + solved [belief_goal] in 522.7s: (fork (compose (compose (optimize (neg_dist 1) 2) (step 2 down)) (optimize (neg_dist 2) 1)) (sync_to_world 1))
      + solved [belief_goal] in 74.3s: (fork (compose (fork (compose (fork (compose (optimize (distance 4) 4) (optimize (neg_dist 4) 5)) (sync_to_world 5)) (optimize (neg_dist 0) 5)) (sync_to_world 5)) (optimize (neg_dist 5) 4)) (sync_to_world 4))
      + solved [belief_goal] in 3.9s: (fork (compose (fork (compose (fork (compose (optimize (distance 5) 5) (optimize (neg_dist 5) 5)) (sync_to_world 5)) (optimize (neg_dist 9) 5)) (sync_to_world 5)) (optimize (neg_dist 5) 4)) (sync_to_world 4))
      + solved [belief_goal] in 55.9s: (fork (compose (fork (compose (fork (compose (optimize (distance 4) 4) (optimize (neg_dist 4) 5)) (sync_to_world 5)) (optimize (neg_dist 0) 5)) (sync_to_world 5)) (optimize (neg_dist 5) 4)) (sync_to_world 4))
      + solved [belief_goal] in 785.5s: (fork (compose (compose (optimize (neg_dist 2) 7) (step 7 down)) (optimize (neg_dist 7) 6)) (sync_to_world 6))
      + solved [belief_goal] in 74.8s: (fork (compose (fork (compose (fork (compose (optimize (distance 6) 6) (optimize (neg_dist 6) 7)) (sync_to_world 7)) (optimize (neg_dist 0) 7)) (sync_to_world 7)) (optimize (neg_dist 7) 6)) (sync_to_world 6))
      + solved [belief_goal] in 747.2s: (fork (compose (compose (optimize (neg_dist 6) 7) (step 7 down)) (optimize (neg_dist 7) 6)) (sync_to_world 6))
      + solved [belief_goal] in 137.6s: (fork (compose (fork (compose (fork (compose (optimize (distance 5) 5) (optimize (neg_dist 5) 9)) (sync_to_world 9)) (optimize (neg_dist 0) 9)) (sync_to_world 9)) (optimize (neg_dist 9) 8)) (sync_to_world 8))
      + solved [belief_goal] in 9.7s: (fork (compose (fork (compose (fork (compose (optimize (distance 7) 7) (optimize (neg_dist 7) 9)) (sync_to_world 9)) (optimize (neg_dist 7) 9)) (sync_to_world 9)) (optimize (neg_dist 9) 8)) (sync_to_world 8))
      + solved [belief_goal] in 127.6s: (fork (compose (fork (compose (fork (compose (optimize (distance 8) 8) (optimize (neg_dist 8) 9)) (sync_to_world 9)) (optimize (neg_dist 0) 9)) (sync_to_world 9)) (optimize (neg_dist 9) 8)) (sync_to_world 8))
[437160] caught (fn_0 8 9 (fn_1 9 0 c2 c1))
[460043] caught (fn_0 9 4 (fn_1 4 0 c3 c1))
[966032] caught (fn_0 1 2 (fn_1 2 0 c1 c1))
      + solved [belief_goal] in 58.4s: (fork (compose (fork (compose (fork (compose (optimize (distance 2) 2) (optimize (neg_dist 2) 6)) (sync_to_world 6)) (optimize (neg_dist 0) 6)) (sync_to_world 6)) (optimize (neg_dist 6) 2)) (sync_to_world 2))
      + solved [belief_goal] in 61.8s: (fork (compose (fork (compose (fork (compose (optimize (distance 2) 2) (optimize (neg_dist 2) 6)) (sync_to_world 6)) (optimize (neg_dist 0) 6)) (sync_to_world 6)) (optimize (neg_dist 6) 2)) (sync_to_world 2))
      + solved [belief_goal] in 85.8s: (fork (compose (fork (compose (fork (compose (optimize (distance 5) 5) (optimize (neg_dist 5) 8)) (sync_to_world 8)) (optimize (neg_dist 0) 8)) (sync_to_world 8)) (optimize (neg_dist 8) 5)) (sync_to_world 5))
      + solved [belief_goal] in 130.4s: (fork (compose (fork (compose (fork (compose (optimize (distance 2) 2) (optimize (neg_dist 2) 8)) (sync_to_world 8)) (optimize (neg_dist 0) 8)) (sync_to_world 8)) (optimize (neg_dist 8) 5)) (sync_to_world 5))
      + solved [belief_goal] in 635.2s: (fork (compose (compose (optimize (distance 9) 8) (optimize (distance 9) 8)) (optimize (neg_dist 8) 5)) (sync_to_world 5))
      + solved [belief_goal] in 132.1s: (fork (compose (fork (compose (fork (compose (optimize (distance 1) 1) (optimize (neg_dist 1) 1)) (sync_to_world 1)) (optimize (neg_dist 0) 1)) (sync_to_world 1)) (optimize (neg_dist 1) 7)) (sync_to_world 7))
      + solved [belief_goal] in 91.0s: (fork (compose (fork (compose (fork (compose (optimize (distance 1) 1) (optimize (neg_dist 1) 1)) (sync_to_world 1)) (optimize (neg_dist 0) 1)) (sync_to_world 1)) (optimize (neg_dist 1) 7)) (sync_to_world 7))
      + solved [belief_goal] in 147.5s: (fork (compose (fork (compose (fork (compose (optimize (distance 4) 4) (optimize (neg_dist 4) 4)) (sync_to_world 4)) (optimize (neg_dist 0) 4)) (sync_to_world 4)) (optimize (neg_dist 4) 9)) (sync_to_world 9))
      + solved [belief_observers] in 1.9s: (compose (fork (compose (optimize (distance 2) 2) (optimize (neg_dist 2) 1)) (sync_to_world 1)) (optimize (neg_dist 2) 6))
      + solved [belief_observers] in 283.2s: (compose (fork (compose (step 2 down) (optimize (neg_dist 2) 1)) (sync_to_world 1)) (optimize (neg_dist 2) 8))
      + solved [belief_observers] in 2.0s: (compose (fork (compose (optimize (distance 5) 5) (optimize (neg_dist 5) 4)) (sync_to_world 4)) (optimize (neg_dist 5) 2))
      + solved [belief_observers] in 306.0s: (compose (fork (compose (step 5 down) (optimize (neg_dist 5) 4)) (sync_to_world 4)) (fork (compose (optimize (distance 4) 4) (optimize (neg_dist 4) 2)) (sync_to_world 2)))
      + solved [belief_observers] in 2.2s: (compose (fork (compose (optimize (distance 5) 5) (optimize (neg_dist 5) 4)) (sync_to_world 4)) (optimize (neg_dist 5) 1))
      + solved [belief_observers] in 2.1s: (compose (fork (compose (optimize (distance 7) 7) (optimize (neg_dist 7) 6)) (sync_to_world 6)) (optimize (neg_dist 7) 1))
      + solved [belief_observers] in 281.4s: (compose (fork (compose (step 7 down) (optimize (neg_dist 7) 6)) (sync_to_world 6)) (optimize (neg_dist 7) 9))
      + solved [belief_observers] in 1.8s: (compose (fork (compose (optimize (distance 7) 7) (optimize (neg_dist 7) 6)) (sync_to_world 6)) (optimize (neg_dist 7) 8))
      + solved [belief_observers] in 2.2s: (compose (fork (compose (optimize (distance 9) 9) (optimize (neg_dist 9) 8)) (sync_to_world 8)) (optimize (neg_dist 9) 1))
      + solved [belief_observers] in 304.1s: (compose (fork (compose (step 9 down) (optimize (neg_dist 9) 8)) (sync_to_world 8)) (fork (compose (optimize (distance 8) 8) (optimize (neg_dist 8) 5)) (sync_to_world 5)))
      + solved [belief_observers] in 2.2s: (compose (fork (compose (optimize (distance 9) 9) (optimize (neg_dist 9) 8)) (sync_to_world 8)) (optimize (neg_dist 9) 7))
      + solved [belief_observers] in 2.9s: (compose (fork (compose (optimize (distance 6) 6) (optimize (neg_dist 6) 2)) (sync_to_world 2)) (optimize (neg_dist 6) 5))
      + solved [belief_observers] in 227.0s: (compose (optimize (neg_dist 6) 1) (fork (compose (optimize (neg_dist 2) 6) (optimize (neg_dist 6) 2)) (sync_to_world 2)))
      + solved [belief_observers] in 2.1s: (compose (fork (compose (optimize (distance 6) 6) (optimize (neg_dist 6) 2)) (sync_to_world 2)) (optimize (neg_dist 6) 5))
      + solved [belief_observers] in 2.0s: (compose (fork (compose (optimize (distance 8) 8) (optimize (neg_dist 8) 5)) (sync_to_world 5)) (optimize (neg_dist 8) 4))
      + solved [belief_observers] in 290.7s: (compose (fork (compose (step 8 down) (optimize (neg_dist 8) 5)) (sync_to_world 5)) (fork (compose (optimize (distance 5) 5) (optimize (neg_dist 5) 9)) (sync_to_world 9)))
      + solved [belief_observers] in 2.2s: (compose (fork (compose (optimize (distance 8) 8) (optimize (neg_dist 8) 5)) (sync_to_world 5)) (optimize (neg_dist 8) 7))
      + solved [belief_observers] in 2.0s: (compose (fork (compose (optimize (distance 1) 1) (optimize (neg_dist 1) 7)) (sync_to_world 7)) (optimize (neg_dist 1) 8))
      + solved [belief_observers] in 312.6s: (compose (fork (compose (step 1 down) (optimize (neg_dist 1) 7)) (sync_to_world 7)) (optimize (neg_dist 1) 2))
      + solved [belief_observers] in 1.9s: (compose (fork (compose (optimize (distance 1) 1) (optimize (neg_dist 1) 7)) (sync_to_world 7)) (optimize (neg_dist 1) 6))
      + solved [belief_observers] in 1.9s: (compose (fork (compose (optimize (distance 4) 4) (optimize (neg_dist 4) 9)) (sync_to_world 9)) (optimize (neg_dist 4) 1))
      + solved [belief_observers] in 303.3s: (compose (fork (compose (step 4 down) (optimize (neg_dist 4) 9)) (sync_to_world 9)) (fork (compose (optimize (distance 9) 9) (optimize (neg_dist 9) 2)) (sync_to_world 2)))
      + solved [belief_false_obstacle] in 2284.9s: (fork (compose (compose (wall_at c1 c1) (optimize (neg_dist 0) 2)) (optimize (neg_dist 2) 1)) (sync_to_world 1))
      + solved [belief_false_obstacle] in 765.6s: (fork (compose (compose (wall_at c1 c3) (optimize (neg_dist 0) 5)) (optimize (neg_dist 5) 4)) (sync_to_world 4))
      + solved [belief_false_obstacle] in 276.9s: (fork (compose (compose (wall_at c2 c1) (optimize (neg_dist 0) 7)) (optimize (neg_dist 7) 6)) (sync_to_world 6))
      + solved [belief_false_obstacle] in 56.9s: (fork (compose (fork (compose (fork (compose (optimize (distance 6) 6) (optimize (neg_dist 6) 6)) (sync_to_world 6)) (optimize (neg_dist 8) 7)) (sync_to_world 7)) (optimize (neg_dist 7) 6)) (sync_to_world 6))
      + solved [belief_false_obstacle] in 1142.7s: (fork (compose (compose (wall_at c1 c2) (optimize (neg_dist 0) 9)) (optimize (neg_dist 9) 8)) (sync_to_world 8))
      + solved [belief_false_obstacle] in 1134.7s: (fork (compose (compose (wall_at c1 c3) (optimize (neg_dist 0) 4)) (optimize (neg_dist 4) 9)) (sync_to_world 9))
      + solved [belief_false_obstacle] in 74.7s: (fork (compose (fork (compose (fork (compose (optimize (distance 4) 4) (optimize (neg_dist 4) 9)) (sync_to_world 9)) (optimize (neg_dist 7) 4)) (sync_to_world 4)) (optimize (neg_dist 4) 9)) (sync_to_world 9))
    per-task time (s): 98 solved [slowest solve 2284.9]
    (misses burned up to 3600.0s each; the uniform --t-fn can drop toward slowest-solve=2284.9s to cut wasted early-round time without losing a solve)
    solved 287/300 (+98 this round)
running stitch_core.compress on 287 programs (iterations=6, max_arity=5)
stitch returned 6 abstractions
added abstraction fn_6: (fork (compose #2 (optimize (neg_dist #1) #0)) (sync_to_world #0))  [cellvalue, cellvalue, fn] -> fn
added abstraction fn_7: (compose #2 (optimize (neg_dist #1) #0))  [cellvalue, cellvalue, fn] -> fn
added abstraction fn_8: (fn_0 #1 #0 (optimize (distance #0) #0))  [cellvalue, cellvalue] -> fn
added abstraction fn_9: (fn_1 #4 #3 (fn_0 #2 #1 (wall_at c2 #0)))  [coord, cellvalue, cellvalue, cellvalue, cellvalue] -> fn
added abstraction fn_10: (fn_0 #2 #0 (fn_0 #0 0 (fn_2 #1 #0)))  [cellvalue, cellvalue, cellvalue] -> fn
added abstraction fn_11: (fn_1 #3 #2 (wall_at #1 #0))  [coord, coord, cellvalue, cellvalue] -> fn

--- round 3/6: 13 fn + 0 fn_p_g unsolved; |D|=43 (6 invented); fn Q=uniform/content; t_fn=3600s ---
    [instr] agency constructor in D: fn_6 (wall-free); belief solved (replay-eligible): 155/168
    per-task time (s): 0 solved
    solved 287/300 (+0 this round)
running stitch_core.compress on 287 programs (iterations=6, max_arity=5)
stitch returned 6 abstractions
added abstraction fn_6: (fork (compose #2 (optimize (neg_dist #1) #0)) (sync_to_world #0))  [cellvalue, cellvalue, fn] -> fn
added abstraction fn_7: (compose #2 (optimize (neg_dist #1) #0))  [cellvalue, cellvalue, fn] -> fn
added abstraction fn_8: (fn_0 #1 #0 (optimize (distance #0) #0))  [cellvalue, cellvalue] -> fn
added abstraction fn_9: (fn_1 #4 #3 (fn_0 #2 #1 (wall_at c2 #0)))  [coord, cellvalue, cellvalue, cellvalue, cellvalue] -> fn
added abstraction fn_10: (fn_0 #2 #0 (fn_0 #0 0 (fn_2 #1 #0)))  [cellvalue, cellvalue, cellvalue] -> fn
added abstraction fn_11: (fn_1 #3 #2 (wall_at #1 #0))  [coord, coord, cellvalue, cellvalue] -> fn
    no new tasks solved this round (uniform/content Q) — wake-sleep stalled (raise t_fn / ecd_iters, or the abstraction belief needs hasn't formed).
  wrote run artifact (287 solved programs) to phase1_run.json
  wrote trajectory artifact (287 solved programs, 2 rounds) to phase1_traj.json

========================================================================
(A) USAGE CENSUS — which core parts each family reaches for (pre-stitch)
========================================================================
  physics       4/4 solved   uses: ['step']
  desire        16/16 solved   uses: ['neg_dist', 'optimize']
  overlay       4/4 solved   uses: ['fork', 'overlay', 'step']
  comet         4/4 solved   uses: ['fork', 'neg_dist', 'optimize', 'overlay']
  registration  4/4 solved   uses: ['sync_to_world']
  belief        155/168 solved   uses: ['compose', 'fork', 'neg_dist', 'optimize', 'step', 'sync_to_world', 'wall_at']
  flee          4/4 solved   uses: ['optimize']
  deletion      4/4 solved   uses: []
  denoise       4/4 solved   uses: []
  obstacle      48/48 solved   uses: ['compose', 'neg_dist', 'optimize', 'wall_at']
  relocate      16/16 solved   uses: ['compose', 'wall_at']
  underlay      4/4 solved   uses: ['fork', 'step']
  perception    4/4 solved   uses: []
  multi_reg     4/4 solved   uses: []
  reg_except    4/4 solved   uses: []
  inpaint       4/4 solved   uses: []
  readout       4/4 solved   uses: []

  belief variants (pooled as kind='belief' above; agency commit form):
    belief_goal            43/48 solved   commit: 43 literal, 0 degenerate
    belief_observers       24/24 solved   commit: 22 literal, 0 degenerate, 2 complement
    belief_wall            24/24 solved   commit: 24 literal, 0 degenerate
    belief_witness         48/48 solved   commit: 48 literal, 0 degenerate
    belief_false_obstacle  16/24 solved   commit: 16 literal, 0 degenerate

  two observers, one world — SELECTIVE attribution:
  18/24 solved scenes commit for the believer and NOT for the observer
  (4 attribute a private model to the bystander, whose walk is plain desire)
  (degenerate scope commits are canonicalised to the agency commit first — see (A))

  fork used outside belief (overlay/comet)   : True
  sync used outside belief (registration)    : True
  wall_at used outside belief (obstacle)     : True
  belief reuses BOTH fork and sync           : True
  fork∧sync agency is unique to belief       : True
  wall-belief solutions are wall-based       : False   (plain/false-obstacle only; goal/observers are displaced-goal, not wall)

  FORCED LITERAL COMMIT — false-obstacle family (degeneracy excluded by construction)
  16/24 false-obstacle tasks solved; commit forms: 16 literal, 0 degenerate, 0 complement.
  Every solved one commits via the literal sync_to_world(av): no scope complement
  reproduces these scenes when paired with the derive this family certifies
  (real wall and goal stay put), so the agency commit is FORCED and found —
  not merely argued extensionally equal to a cheaper complement.

========================================================================
(A′) CUBE CENSUS — which symmetric corner each family selected
     (commit-axis corners judged AT the world-level commit; the other
      axes — grid-edit / utility / bifunctor / pairing — over the program)
========================================================================
  physics       (none)
  desire        neg_dist×16
  overlay       overlay×4
  comet         overlay×4, neg_dist×4
  registration  sync_to_world×4
  belief        sync_to_world×88, neg_dist×88, wall_at×85, distance×2
  flee          distance×4
  deletion      clear_at×4
  denoise       erase×4
  obstacle      wall_at×48, neg_dist×48
  relocate      wall_at×16, clear_at×16
  underlay      underlay×4
  perception    sync_to_model×4
  multi_reg     sync_all×4
  reg_except    sync_except×4
  inpaint       underlay×4
  readout       snd_gg×4

  belief keeps the agency corner (sync_to_world + wall_at) : True
  belief avoids every symmetric complement                 : True
  some complement is used elsewhere (field is live)        : True
  complements claimed by another family                    : ['clear_at', 'distance', 'erase', 'snd_gg', 'sync_all', 'sync_except', 'sync_to_model', 'underlay']
  => over the full symmetric field, MDL still selects the one asymmetric
     corner for belief — the agency signature is discovered, not gerrymandered.

========================================================================
(B) JOINT COMPRESSION — final library over all 287 solutions (last stitch: iterations=6)
========================================================================

  invented abstractions:
    fn_6 «agent_constructor_wallfree»  [cellvalue, cellvalue, fn] -> fn
      body: (fork (compose $2 (optimize (neg_dist $1) $0)) (sync_to_world $0))
      *** AGENT TYPE CONSTRUCTOR (belief) ***
          shared holes: $0 (x2)  — actor AND committer
    fn_7 «desire_fragment»  [cellvalue, cellvalue, fn] -> fn
      body: (compose $2 (optimize (neg_dist $1) $0))
      (desire fragment)
    fn_8 «agent_constructor_wallfree»  [cellvalue, cellvalue] -> fn
      body: (fork (compose (optimize (distance $0) $0) (optimize (neg_dist $0) $1)) (sync_to_world $1))
      *** AGENT TYPE CONSTRUCTOR (belief) ***
          shared holes: $0 (x3), $1 (x2)  — actor AND committer
    fn_9 «agent_constructor»  [coord, cellvalue, cellvalue, cellvalue, cellvalue] -> fn
      body: (compose (fork (compose (wall_at c2 $0) (optimize (neg_dist $1) $2)) (sync_to_world $2)) (optimize (neg_dist $3) $4))
      *** AGENT TYPE CONSTRUCTOR (belief) ***
          shared holes: $2 (x2)  — actor AND committer
    fn_10 «agent_constructor_wallfree»  [cellvalue, cellvalue, cellvalue] -> fn
      body: (fork (compose (fork (compose (fork (compose (optimize (distance $1) $1) (optimize (neg_dist $1) $0)) (sync_to_world $0)) (optimize (neg_dist 0) $0)) (sync_to_world $0)) (optimize (neg_dist $0) $2)) (sync_to_world $2))
      *** AGENT TYPE CONSTRUCTOR (belief) ***
          shared holes: $1 (x3), $0 (x5), $2 (x2)  — actor AND committer
    fn_11 «wall_policy»  [coord, coord, cellvalue, cellvalue] -> fn
      body: (compose (wall_at $1 $0) (optimize (neg_dist $2) $3))
      (obstacle/belief policy: stamp wall ▸ navigate — the shared derive)

  abstraction usage by family (from stitch's rewritten programs):
    physics       (bare prims)×4
    desire        (bare prims)×16
    overlay       (bare prims)×4
    comet         (bare prims)×4
    registration  (bare prims)×4
    belief        fn_6×84, fn_8×34, fn_7×32, fn_9×29, fn_10×14, fn_11×5
    flee          (bare prims)×4
    deletion      (bare prims)×4
    denoise       (bare prims)×4
    obstacle      fn_11×47, (bare prims)×1
    relocate      (bare prims)×16
    underlay      (bare prims)×4
    perception    (bare prims)×4
    multi_reg     (bare prims)×4
    reg_except    (bare prims)×4
    inpaint       (bare prims)×4
    readout       (bare prims)×4

========================================================================
(B′) ABSTRACTION GENERALITY — does seek/policy carry holes for (gv, av)?
========================================================================

  desire: 8 distinct (gv,av) combos solved & rewritten
    (no seek/policy abstraction reached these rewritten programs)

  obstacle: 8 distinct (gv,av) combos solved & rewritten
    fn_11 [policy]  reused by 8/8 combos  holes=4
        body: (compose (wall_at $1 $0) (optimize (neg_dist $2) $3))

  belief: 8 distinct (gv,av) combos solved & rewritten
    fn_6 [seek]  reused by 8/8 combos  holes=3
        body: (fork (compose $2 (optimize (neg_dist $1) $0)) (sync_to_world $0))
    fn_9 [policy]  reused by 8/8 combos  holes=5
        body: (compose (fork (compose (wall_at c2 $0) (optimize (neg_dist $1) $2)) (sync_to_world $2)) (optimize (neg_dist $3) $4))
    fn_7 [seek]  reused by 8/8 combos  holes=3
        body: (compose $2 (optimize (neg_dist $1) $0))
    fn_10 [seek]  reused by 8/8 combos  holes=3
        body: (fork (compose (fork (compose (fork (compose (optimize (distance $1) $1) (optimize (neg_dist $1) $0)) (sync_to_world $0)) (optimize (neg_dist 0) $0)) (sync_to_world $0)) (optimize (neg_dist $0) $2)) (sync_to_world $2))
    fn_8 [seek]  reused by 8/8 combos  holes=2
        body: (fork (compose (optimize (distance $0) $0) (optimize (neg_dist $0) $1)) (sync_to_world $1))
    fn_11 [policy]  reused by 5/8 combos  holes=4
        body: (compose (wall_at $1 $0) (optimize (neg_dist $2) $3))

  distinct belief (gv,av) combos in corpus            : 8
  widest combo-span of one OBSTACLE policy (leading)  : 8
  widest combo-span of one belief seek/policy (confirm): 8
  => policy GENERALIZES into belief: one abstraction serves multiple combos via
     holes — belief's skeleton is genuinely shallow.

========================================================================
(B″) DL CENSUS — what the library buys each family, in nats
========================================================================

  family        solves    before     after     saved   (median nats per task; saved > 0 = the library is shorter)
  ------------------------------------------------------------------
  desire            16      7.86      7.86      0.00
  comet              4     12.63     12.63      0.00
  registration       4      4.50      4.50      0.00
  belief           113     33.71     13.38     13.58  <- belief
  flee               4      7.86      7.86      0.00
  deletion           4      5.78      5.78      0.00
  denoise            4      4.87      4.87      0.00
  obstacle          48     16.21     10.39      5.82
  relocate          16     14.13     14.13      0.00
  perception         4      4.50      4.50      0.00
  multi_reg          4      2.20      2.20      0.00
  reg_except         4      4.50      4.50      0.00
  inpaint            4      2.20      2.20      0.00
  readout            4      2.20      2.20      0.00

  belief by variant:
    belief_goal             15 solves     25.36 ->     7.17  (saved  18.19)
    belief_observers        17 solves     35.78 ->    14.34  (saved  21.44)
    belief_wall             24 solves     23.28 ->    12.95  (saved  10.32)
    belief_witness          48 solves     33.71 ->    13.38  (saved  20.32)
    belief_false_obstacle    9 solves     23.28 ->    12.95  (saved  10.32)

  belief: 33.71 nats before the library -> 13.38 after (median saving 13.58; 1734.69 over 113 solves)
  other families' median saving, for scale: 0.00 nats/task
  belief solves whose library form invokes fn_10 (the constructor): 0/113

========================================================================
VERDICT
========================================================================
  (A) parts are general    : fork∉belief-only=True, sync∉belief-only=True, wall∉belief-only=True
  (A) only agency is unique: fork∧sync unique to belief=True, belief recombines=True, wall-based=False
  (A) no scope-complement rival among belief solves : False   (2 complement, 0 degenerate, 153 literal)
  (B) constructor invented : True (fn_10, arity 3; 3 shared agency hole(s): $1×3, $0×5, $2×2)
  (B) constructor is belief-specific: used by belief=True, absent from other families=True
  (B) belief DL before -> after the library: 33.71 -> 13.38 nats (median saving 13.58 over 113 solves;
      0/113 invoke the constructor; other families save 0.00 nats/task for scale)
  (B) MDL margin over non-belief rivals: unavailable — no mdl_margins.json yet — run `python mdl_margin.py` to price belief against its rivals
  (A′) cube: belief picks the lone asymmetric corner over the full field: True

  => not fully demonstrated this run (raise timeouts / n_bel / stitch_iters,
     or drop --smoke).
     failed criteria: ['belief_is_wall_based', 'no_belief_complement']
  wrote verdict artifact to phase1_verdict.json
