============================================================================================== 
Warning! Mixing Conda and module environments may lead to corruption of the
user environment. 
We do not recommend users mixing those two environments unless absolutely
necessary. Note that 
SURF does not provide any support for Conda environment.
For more information, please refer to our software policy page:
https://servicedesk.surf.nl/wiki/display/WIKI/Software+policy+Snellius#SoftwarepolicySnellius-UseofAnacondaandMinicondaenvironmentsonSnellius 

Remember that many packages have already been installed on the system and can
be loaded using 
the 'module load <package__name>' command. If you are uncertain if a package is
already available 
on the system, please use 'module avail' or 'module spider' to search for it.
============================================================================================== 
ENV /home/gkaminer/.conda/envs/dumbcoder/bin/python | PY 3.12.13 | numpy 2.5.1 | torch 2.13.0+cpu | stitch_core /home/gkaminer/.conda/envs/dumbcoder/lib/python3.12/site-packages/stitch_core/__init__.py
SOURCE /home/gkaminer/dumbcoder @ 127c8d9 (clean)
CELL p2-nodream | writing artifacts to /home/gkaminer/dumbcoder-runs/p2-nodream
========================================================================
PROVENANCE — quote this line in any caption reporting these numbers
========================================================================
  commit 127c8d9 | phase2 (decomposed) | t_fn=3600 t_fn_round1=1200 t_reg=30 ecd_iters=6 stitch_iters=6 dream=off curriculum=on | n_bel=6 n_goal=6 n_obstacle=6 n_relocate=16 | 2026-07-27T15:38:19Z
  host tcn614.local.snellius.surf.nl | python 3.12.13 | argv: /home/gkaminer/dumbcoder/phase2.py --t-fn 3600 --ecd-iters 6 --no-dream

Generating corpus…
  belief variants: +48 goal-displacement, +24 two-observer, +24 false-obstacle (all kind=belief; false-obstacle forbids the scope-complement commit)
  [curriculum] +24 extra plain wall-belief tasks (kind=belief) to seed the fork(policy, sync) abstraction.
  4 physics, 16 desire, 4 overlay, 4 comet, 4 registration, 168 belief — 300 total
  corner families: 4 flee, 4 deletion, 4 denoise, 48 obstacle, 16 relocate, 4 underlay, 4 perception, 4 multi_reg, 4 reg_except, 4 inpaint, 4 readout

DSL: 45 primitives — CUBE run (core + symmetric complements, decomposed plumbing)
  added corners: ['bimap', 'clear_at', 'distance', 'dup', 'erase', 'locate', 'mapfst', 'mapsnd', 'pair_blank', 'place', 'register', 'snd_gg', 'swap', 'sync_all', 'sync_except', 'sync_to_model', 'underlay', 'via_swap']
  ground-truth check: 300 tasks / 1200 scenes verified via Delta trees
decomposition identity: fork ≡ commit∘mapsnd(derive)∘dup and sync ≡ register(locate, place) verified on 168 belief tasks (every scene)

========================================================================
WAKE-SLEEP — up to 6 ECD rounds (enumerate ↦ joint stitch), 32 workers
  fn Q: uniform/content (no dreaming); registration Q: uniform
========================================================================

--- round 1/6: 276 fn + 24 fn_p_g unsolved; |D|=45 (0 invented); fn Q=uniform/content; t_fn=1200s (round-1 cap) ---
    [instr] agency constructor in D: ABSENT; belief solved (replay-eligible): 0/168
[     4] caught (step 4 up)
[     2] caught (step 4 right)
      + solved [physics] in 0.0s: (step 4 up)
      + solved [physics] in 0.0s: (step 4 right)
[     5] caught (step 4 down)
      + solved [physics] in 0.0s: (step 4 down)
[     2] caught (step 4 right)
      + solved [physics] in 0.0s: (step 4 right)
[    13] caught (optimize (neg_dist 2) 1)
      + solved [desire] in 0.0s: (optimize (neg_dist 2) 1)
[    13] caught (optimize (neg_dist 2) 1)
      + solved [desire] in 0.0s: (optimize (neg_dist 2) 1)
[    13] caught (optimize (neg_dist 5) 4)
      + solved [desire] in 0.0s: (optimize (neg_dist 5) 4)
[    13] caught (optimize (neg_dist 5) 4)
[    13] caught (optimize (neg_dist 7) 6)
      + solved [desire] in 0.0s: (optimize (neg_dist 5) 4)
      + solved [desire] in 0.0s: (optimize (neg_dist 7) 6)
[    13] caught (optimize (neg_dist 7) 6)
      + solved [desire] in 0.0s: (optimize (neg_dist 7) 6)
[    13] caught (optimize (neg_dist 9) 8)
      + solved [desire] in 0.0s: (optimize (neg_dist 9) 8)
[    13] caught (optimize (neg_dist 9) 8)
[    13] caught (optimize (neg_dist 6) 2)
[    13] caught (optimize (neg_dist 6) 2)
      + solved [desire] in 0.0s: (optimize (neg_dist 9) 8)
[    13] caught (optimize (neg_dist 8) 5)
      + solved [desire] in 0.0s: (optimize (neg_dist 6) 2)
      + solved [desire] in 0.0s: (optimize (neg_dist 6) 2)
[    12] caught (optimize (neg_dist 1) 7)
[    13] caught (optimize (neg_dist 8) 5)
      + solved [desire] in 0.0s: (optimize (neg_dist 8) 5)
[    12] caught (optimize (neg_dist 1) 7)
      + solved [desire] in 0.0s: (optimize (neg_dist 8) 5)
      + solved [desire] in 0.0s: (optimize (neg_dist 1) 7)
[    12] caught (optimize (neg_dist 4) 9)
      + solved [desire] in 0.0s: (optimize (neg_dist 1) 7)
      + solved [desire] in 0.0s: (optimize (neg_dist 4) 9)
[    12] caught (optimize (neg_dist 4) 9)
      + solved [desire] in 0.0s: (optimize (neg_dist 4) 9)
[  8007] caught (pipe_gpg (compose_gp dup (mapsnd (step 1 right))) overlay)
[  8028] caught (pipe_gpg (compose_gp dup (mapsnd (step 4 down))) overlay)
[  8007] caught (pipe_gpg (compose_gp dup (mapsnd (step 4 right))) overlay)
[  8014] caught (pipe_gpg (compose_gp dup (mapsnd (step 1 left))) overlay)
      + solved [overlay] in 8.3s: (pipe_gpg (compose_gp dup (mapsnd (step 1 left))) overlay)
      + solved [overlay] in 6.9s: (pipe_gpg (compose_gp dup (mapsnd (step 4 down))) overlay)
      + solved [overlay] in 7.6s: (pipe_gpg (compose_gp dup (mapsnd (step 4 right))) overlay)
      + solved [overlay] in 6.6s: (pipe_gpg (compose_gp dup (mapsnd (step 1 right))) overlay)
[ 21643] caught (pipe_gpg (compose_gp dup (mapsnd (optimize (neg_dist 2) 1))) overlay)
[ 21643] caught (pipe_gpg (compose_gp dup (mapsnd (optimize (neg_dist 8) 5))) overlay)
      + solved [comet] in 17.2s: (pipe_gpg (compose_gp dup (mapsnd (optimize (neg_dist 8) 5))) overlay)
      + solved [comet] in 11.6s: (pipe_gpg (compose_gp dup (mapsnd (optimize (neg_dist 2) 1))) overlay)
[ 21643] caught (pipe_gpg (compose_gp dup (mapsnd (optimize (neg_dist 7) 6))) overlay)
      + solved [comet] in 17.8s: (pipe_gpg (compose_gp dup (mapsnd (optimize (neg_dist 7) 6))) overlay)
[ 21632] caught (pipe_gpg (compose_gp dup (mapsnd (optimize (neg_dist 1) 7))) overlay)
      + solved [comet] in 19.6s: (pipe_gpg (compose_gp dup (mapsnd (optimize (neg_dist 1) 7))) overlay)
[199764] caught (compose (compose (wall_at c2 c4) (optimize (neg_dist 7) 6)) (clear_at c2 c4))
[154113] caught (compose (compose (wall_at c0 c1) (optimize (neg_dist 7) 6)) (clear_at c0 c1))
      + solved [belief_false_obstacle] in 125.1s: (compose (compose (wall_at c2 c4) (optimize (neg_dist 7) 6)) (clear_at c2 c4))
      + solved [belief_false_obstacle] in 102.0s: (compose (compose (wall_at c0 c1) (optimize (neg_dist 7) 6)) (clear_at c0 c1))
[349916] caught (compose (compose (wall_at c2 c4) (optimize (neg_dist 9) 8)) (erase 3))
[341444] caught (compose (compose (wall_at c0 c2) (optimize (neg_dist 5) 4)) (erase 3))
[345668] caught (compose (compose (wall_at c1 c3) (optimize (neg_dist 5) 4)) (erase 3))
[349168] caught (compose (compose (wall_at c2 c3) (optimize (neg_dist 2) 1)) (erase 3))
[352016] caught (compose (compose (wall_at c3 c2) (optimize (neg_dist 7) 6)) (erase 3))
[348496] caught (compose (compose (wall_at c2 c2) (optimize (neg_dist 7) 6)) (erase 3))
[344259] caught (compose (compose (wall_at c1 c1) (optimize (neg_dist 6) 2)) (erase 3))
[    17] caught (optimize (distance 4) 1)
[    17] caught (optimize (distance 4) 1)
[    16] caught (optimize (distance 1) 4)
[    17] caught (optimize (distance 4) 1)
[   188] caught (clear_at c1 c3)
[   196] caught (clear_at c3 c1)
[   186] caught (clear_at c1 c1)
[   192] caught (clear_at c2 c2)
[     3] caught (erase 4)
[     2] caught (erase 2)
[     3] caught (erase 4)
[     1] caught (erase 1)
[345692] caught (compose (compose (wall_at c1 c3) (optimize (neg_dist 9) 8)) (erase 3))
[352004] caught (compose (compose (wall_at c3 c2) (optimize (neg_dist 5) 4)) (erase 3))
[353392] caught (compose (compose (wall_at c3 c4) (optimize (neg_dist 2) 1)) (erase 3))
[349187] caught (compose (compose (wall_at c2 c3) (optimize (neg_dist 6) 2)) (erase 3))
[   727] caught (compose (wall_at c1 c2) (optimize (neg_dist 2) 1))
[   827] caught (compose (wall_at c3 c2) (optimize (neg_dist 2) 1))
[351299] caught (compose (compose (wall_at c3 c1) (optimize (neg_dist 6) 2)) (erase 3))
[   767] caught (compose (wall_at c2 c4) (optimize (neg_dist 2) 1))
[   493] caught (compose (wall_at c2 c2) (optimize (neg_dist 2) 1))
[   787] caught (compose (wall_at c2 c0) (optimize (neg_dist 2) 1))
[   501] caught (compose (wall_at c3 c3) (optimize (neg_dist 2) 1))
[   485] caught (compose (wall_at c1 c1) (optimize (neg_dist 5) 4))
[   485] caught (compose (wall_at c1 c1) (optimize (neg_dist 5) 4))
[   727] caught (compose (wall_at c1 c2) (optimize (neg_dist 5) 4))
[   827] caught (compose (wall_at c3 c2) (optimize (neg_dist 5) 4))
[   767] caught (compose (wall_at c1 c0) (optimize (neg_dist 5) 4))
[   827] caught (compose (wall_at c3 c2) (optimize (neg_dist 5) 4))
[   501] caught (compose (wall_at c3 c3) (optimize (neg_dist 7) 6))
[   767] caught (compose (wall_at c2 c4) (optimize (neg_dist 7) 6))
[   817] caught (compose (wall_at c3 c1) (optimize (neg_dist 7) 6))
[   727] caught (compose (wall_at c1 c2) (optimize (neg_dist 7) 6))
[   767] caught (compose (wall_at c2 c4) (optimize (neg_dist 7) 6))
[   767] caught (compose (wall_at c2 c4) (optimize (neg_dist 7) 6))
[   837] caught (compose (wall_at c4 c1) (optimize (neg_dist 9) 8))
[   757] caught (compose (wall_at c2 c3) (optimize (neg_dist 9) 8))
[   857] caught (compose (wall_at c4 c3) (optimize (neg_dist 9) 8))
[   787] caught (compose (wall_at c2 c0) (optimize (neg_dist 9) 8))
[   493] caught (compose (wall_at c2 c2) (optimize (neg_dist 9) 8))
[   485] caught (compose (wall_at c1 c1) (optimize (neg_dist 9) 8))
[   827] caught (compose (wall_at c3 c2) (optimize (neg_dist 6) 2))
[   493] caught (compose (wall_at c2 c2) (optimize (neg_dist 6) 2))
[   827] caught (compose (wall_at c3 c2) (optimize (neg_dist 6) 2))
[   501] caught (compose (wall_at c3 c3) (optimize (neg_dist 6) 2))
[   727] caught (compose (wall_at c1 c2) (optimize (neg_dist 6) 2))
[   501] caught (compose (wall_at c3 c3) (optimize (neg_dist 6) 2))
[   727] caught (compose (wall_at c1 c2) (optimize (neg_dist 8) 5))
[   737] caught (compose (wall_at c1 c3) (optimize (neg_dist 8) 5))
[   747] caught (compose (wall_at c1 c4) (optimize (neg_dist 8) 5))
[   827] caught (compose (wall_at c4 c0) (optimize (neg_dist 8) 5))
[   837] caught (compose (wall_at c4 c1) (optimize (neg_dist 8) 5))
[   492] caught (compose (wall_at c2 c2) (optimize (neg_dist 1) 7))
[   847] caught (compose (wall_at c4 c2) (optimize (neg_dist 8) 5))
[344944] caught (compose (compose (wall_at c1 c2) (optimize (neg_dist 2) 1)) (erase 3))
[   796] caught (compose (wall_at c2 c1) (optimize (neg_dist 1) 7))
[   836] caught (compose (wall_at c4 c1) (optimize (neg_dist 1) 7))
[   500] caught (compose (wall_at c3 c3) (optimize (neg_dist 1) 7))
[   483] caught (compose (optimize (neg_dist 1) 7) (wall_at c2 c1))
[   806] caught (compose (wall_at c3 c0) (optimize (neg_dist 1) 7))
[   726] caught (compose (wall_at c1 c2) (optimize (neg_dist 4) 9))
[   726] caught (compose (wall_at c1 c2) (optimize (neg_dist 4) 9))
[   726] caught (compose (wall_at c1 c2) (optimize (neg_dist 4) 9))
[   492] caught (compose (wall_at c2 c2) (optimize (neg_dist 4) 9))
[   816] caught (compose (wall_at c3 c1) (optimize (neg_dist 4) 9))
[    71] caught (compose (wall_at c0 c0) (clear_at c0 c2))
[    72] caught (compose (wall_at c0 c0) (clear_at c3 c0))
[   216] caught (compose (wall_at c4 c0) (clear_at c2 c4))
[   130] caught (compose (wall_at c0 c3) (clear_at c2 c0))
[   254] caught (compose (wall_at c3 c3) (clear_at c1 c2))
[    93] caught (compose (wall_at c4 c0) (clear_at c0 c4))
[    67] caught (compose (wall_at c3 c4) (clear_at c4 c3))
[   196] caught (compose (wall_at c2 c3) (clear_at c3 c0))
[   190] caught (compose (wall_at c2 c4) (clear_at c1 c1))
[   351] caught (compose (wall_at c1 c4) (clear_at c2 c0))
[   181] caught (compose (wall_at c0 c3) (clear_at c4 c2))
[   392] caught (compose (wall_at c3 c2) (clear_at c1 c4))
[   826] caught (compose (wall_at c4 c0) (optimize (neg_dist 4) 9))
[   249] caught (compose (wall_at c1 c0) (clear_at c2 c3))
[    73] caught (compose (wall_at c2 c2) (clear_at c4 c4))
[   214] caught (compose (wall_at c4 c1) (clear_at c2 c1))
[   351] caught (compose (wall_at c1 c4) (clear_at c3 c0))
[348508] caught (compose (compose (wall_at c2 c2) (optimize (neg_dist 9) 8)) (erase 3))
[ 21547] caught (pipe_gpg (compose_gp dup (mapsnd (step 1 left))) underlay)
[ 21547] caught (pipe_gpg (compose_gp dup (mapsnd (step 1 left))) underlay)
[ 21547] caught (pipe_gpg (compose_gp dup (mapsnd (step 1 left))) underlay)
[347792] caught (compose (compose (wall_at c2 c1) (optimize (neg_dist 7) 6)) (erase 3))
[ 21580] caught (pipe_gpg (compose_gp dup (mapsnd (step 4 right))) underlay)
[349202] caught (compose (compose (wall_at c2 c3) (optimize (neg_dist 8) 5)) (erase 3))
[352018] caught (compose (compose (wall_at c3 c2) (optimize (neg_dist 8) 5)) (erase 3))
[344978] caught (compose (compose (wall_at c1 c2) (optimize (neg_dist 8) 5)) (erase 3))
[351251] caught (compose (compose (wall_at c3 c1) (optimize (neg_dist 1) 7)) (erase 3))
[353363] caught (compose (compose (wall_at c3 c4) (optimize (neg_dist 1) 7)) (erase 3))
[347748] caught (compose (compose (wall_at c2 c1) (optimize (neg_dist 4) 9)) (erase 3))
[352659] caught (compose (compose (wall_at c3 c3) (optimize (neg_dist 1) 7)) (erase 3))
[351972] caught (compose (compose (wall_at c3 c2) (optimize (neg_dist 4) 9)) (erase 3))
[344228] caught (compose (compose (wall_at c1 c1) (optimize (neg_dist 4) 9)) (erase 3))
      + solved [belief_wall] in 287.0s: (compose (compose (wall_at c1 c2) (optimize (neg_dist 2) 1)) (erase 3))
      + solved [belief_wall] in 282.3s: (compose (compose (wall_at c3 c4) (optimize (neg_dist 2) 1)) (erase 3))
      + solved [belief_wall] in 274.5s: (compose (compose (wall_at c2 c3) (optimize (neg_dist 2) 1)) (erase 3))
      + solved [belief_wall] in 271.8s: (compose (compose (wall_at c1 c3) (optimize (neg_dist 5) 4)) (erase 3))
      + solved [belief_wall] in 259.7s: (compose (compose (wall_at c0 c2) (optimize (neg_dist 5) 4)) (erase 3))
      + solved [belief_wall] in 281.2s: (compose (compose (wall_at c3 c2) (optimize (neg_dist 5) 4)) (erase 3))
      + solved [belief_wall] in 292.9s: (compose (compose (wall_at c2 c1) (optimize (neg_dist 7) 6)) (erase 3))
      + solved [belief_wall] in 277.3s: (compose (compose (wall_at c2 c2) (optimize (neg_dist 7) 6)) (erase 3))
      + solved [belief_wall] in 276.4s: (compose (compose (wall_at c3 c2) (optimize (neg_dist 7) 6)) (erase 3))
      + solved [belief_wall] in 290.1s: (compose (compose (wall_at c2 c2) (optimize (neg_dist 9) 8)) (erase 3))
      + solved [belief_wall] in 273.1s: (compose (compose (wall_at c1 c3) (optimize (neg_dist 9) 8)) (erase 3))
      + solved [belief_wall] in 248.7s: (compose (compose (wall_at c2 c4) (optimize (neg_dist 9) 8)) (erase 3))
      + solved [belief_wall] in 274.8s: (compose (compose (wall_at c2 c3) (optimize (neg_dist 6) 2)) (erase 3))
      + solved [belief_wall] in 270.9s: (compose (compose (wall_at c1 c1) (optimize (neg_dist 6) 2)) (erase 3))
      + solved [belief_wall] in 271.6s: (compose (compose (wall_at c3 c1) (optimize (neg_dist 6) 2)) (erase 3))
      + solved [belief_wall] in 280.8s: (compose (compose (wall_at c2 c3) (optimize (neg_dist 8) 5)) (erase 3))
      + solved [belief_wall] in 282.7s: (compose (compose (wall_at c3 c2) (optimize (neg_dist 8) 5)) (erase 3))
      + solved [belief_wall] in 262.4s: (compose (compose (wall_at c1 c2) (optimize (neg_dist 8) 5)) (erase 3))
      + solved [belief_wall] in 285.7s: (compose (compose (wall_at c3 c3) (optimize (neg_dist 1) 7)) (erase 3))
      + solved [belief_wall] in 262.4s: (compose (compose (wall_at c3 c1) (optimize (neg_dist 1) 7)) (erase 3))
      + solved [belief_wall] in 261.5s: (compose (compose (wall_at c3 c4) (optimize (neg_dist 1) 7)) (erase 3))
      + solved [belief_wall] in 271.0s: (compose (compose (wall_at c3 c2) (optimize (neg_dist 4) 9)) (erase 3))
      + solved [belief_wall] in 281.0s: (compose (compose (wall_at c1 c1) (optimize (neg_dist 4) 9)) (erase 3))
      + solved [belief_wall] in 258.4s: (compose (compose (wall_at c2 c1) (optimize (neg_dist 4) 9)) (erase 3))
      + solved [flee] in 0.0s: (optimize (distance 4) 1)
      + solved [flee] in 0.0s: (optimize (distance 4) 1)
      + solved [flee] in 0.0s: (optimize (distance 1) 4)
      + solved [flee] in 0.0s: (optimize (distance 4) 1)
      + solved [deletion] in 0.0s: (clear_at c1 c3)
      + solved [deletion] in 0.0s: (clear_at c3 c1)
      + solved [deletion] in 0.0s: (clear_at c1 c1)
      + solved [deletion] in 0.0s: (clear_at c2 c2)
      + solved [denoise] in 0.0s: (erase 4)
      + solved [denoise] in 0.0s: (erase 2)
      + solved [denoise] in 0.0s: (erase 4)
      + solved [denoise] in 0.0s: (erase 1)
      + solved [underlay] in 12.1s: (pipe_gpg (compose_gp dup (mapsnd (step 1 left))) underlay)
      + solved [underlay] in 12.9s: (pipe_gpg (compose_gp dup (mapsnd (step 1 left))) underlay)
      + solved [underlay] in 11.5s: (pipe_gpg (compose_gp dup (mapsnd (step 1 left))) underlay)
      + solved [underlay] in 11.9s: (pipe_gpg (compose_gp dup (mapsnd (step 4 right))) underlay)
      + solved [obstacle] in 0.2s: (compose (wall_at c1 c2) (optimize (neg_dist 2) 1))
      + solved [obstacle] in 0.3s: (compose (wall_at c3 c2) (optimize (neg_dist 2) 1))
      + solved [obstacle] in 0.3s: (compose (wall_at c2 c4) (optimize (neg_dist 2) 1))
      + solved [obstacle] in 0.3s: (compose (wall_at c2 c0) (optimize (neg_dist 2) 1))
      + solved [obstacle] in 0.2s: (compose (wall_at c2 c2) (optimize (neg_dist 2) 1))
      + solved [obstacle] in 0.2s: (compose (wall_at c3 c3) (optimize (neg_dist 2) 1))
      + solved [obstacle] in 0.2s: (compose (wall_at c1 c1) (optimize (neg_dist 5) 4))
      + solved [obstacle] in 0.2s: (compose (wall_at c1 c1) (optimize (neg_dist 5) 4))
      + solved [obstacle] in 0.2s: (compose (wall_at c1 c2) (optimize (neg_dist 5) 4))
      + solved [obstacle] in 0.3s: (compose (wall_at c3 c2) (optimize (neg_dist 5) 4))
      + solved [obstacle] in 0.3s: (compose (wall_at c1 c0) (optimize (neg_dist 5) 4))
      + solved [obstacle] in 0.2s: (compose (wall_at c3 c2) (optimize (neg_dist 5) 4))
      + solved [obstacle] in 0.2s: (compose (wall_at c3 c3) (optimize (neg_dist 7) 6))
      + solved [obstacle] in 0.2s: (compose (wall_at c2 c4) (optimize (neg_dist 7) 6))
      + solved [obstacle] in 0.2s: (compose (wall_at c3 c1) (optimize (neg_dist 7) 6))
      + solved [obstacle] in 0.2s: (compose (wall_at c1 c2) (optimize (neg_dist 7) 6))
      + solved [obstacle] in 0.2s: (compose (wall_at c2 c4) (optimize (neg_dist 7) 6))
      + solved [obstacle] in 0.3s: (compose (wall_at c2 c4) (optimize (neg_dist 7) 6))
      + solved [obstacle] in 0.2s: (compose (wall_at c4 c1) (optimize (neg_dist 9) 8))
      + solved [obstacle] in 0.2s: (compose (wall_at c2 c3) (optimize (neg_dist 9) 8))
      + solved [obstacle] in 0.3s: (compose (wall_at c4 c3) (optimize (neg_dist 9) 8))
      + solved [obstacle] in 0.2s: (compose (wall_at c2 c0) (optimize (neg_dist 9) 8))
      + solved [obstacle] in 0.2s: (compose (wall_at c2 c2) (optimize (neg_dist 9) 8))
      + solved [obstacle] in 0.2s: (compose (wall_at c1 c1) (optimize (neg_dist 9) 8))
      + solved [obstacle] in 0.2s: (compose (wall_at c3 c2) (optimize (neg_dist 6) 2))
      + solved [obstacle] in 0.3s: (compose (wall_at c3 c2) (optimize (neg_dist 6) 2))
      + solved [obstacle] in 0.2s: (compose (wall_at c2 c2) (optimize (neg_dist 6) 2))
      + solved [obstacle] in 0.2s: (compose (wall_at c1 c2) (optimize (neg_dist 6) 2))
      + solved [obstacle] in 0.2s: (compose (wall_at c3 c3) (optimize (neg_dist 6) 2))
      + solved [obstacle] in 0.2s: (compose (wall_at c3 c3) (optimize (neg_dist 6) 2))
      + solved [obstacle] in 0.2s: (compose (wall_at c1 c2) (optimize (neg_dist 8) 5))
      + solved [obstacle] in 0.2s: (compose (wall_at c1 c3) (optimize (neg_dist 8) 5))
      + solved [obstacle] in 0.2s: (compose (wall_at c1 c4) (optimize (neg_dist 8) 5))
      + solved [obstacle] in 0.3s: (compose (wall_at c4 c0) (optimize (neg_dist 8) 5))
      + solved [obstacle] in 0.3s: (compose (wall_at c4 c1) (optimize (neg_dist 8) 5))
      + solved [obstacle] in 0.2s: (compose (wall_at c4 c2) (optimize (neg_dist 8) 5))
      + solved [obstacle] in 0.2s: (compose (wall_at c2 c2) (optimize (neg_dist 1) 7))
      + solved [obstacle] in 0.2s: (compose (wall_at c2 c1) (optimize (neg_dist 1) 7))
      + solved [obstacle] in 0.2s: (compose (wall_at c4 c1) (optimize (neg_dist 1) 7))
      + solved [obstacle] in 0.2s: (compose (wall_at c3 c3) (optimize (neg_dist 1) 7))
      + solved [obstacle] in 0.3s: (compose (wall_at c3 c0) (optimize (neg_dist 1) 7))
      + solved [obstacle] in 0.1s: (compose (optimize (neg_dist 1) 7) (wall_at c2 c1))
      + solved [obstacle] in 0.2s: (compose (wall_at c1 c2) (optimize (neg_dist 4) 9))
      + solved [obstacle] in 0.2s: (compose (wall_at c1 c2) (optimize (neg_dist 4) 9))
      + solved [obstacle] in 0.2s: (compose (wall_at c1 c2) (optimize (neg_dist 4) 9))
      + solved [obstacle] in 0.3s: (compose (wall_at c3 c1) (optimize (neg_dist 4) 9))
      + solved [obstacle] in 0.2s: (compose (wall_at c2 c2) (optimize (neg_dist 4) 9))
      + solved [obstacle] in 0.3s: (compose (wall_at c4 c0) (optimize (neg_dist 4) 9))
      + solved [relocate] in 0.0s: (compose (wall_at c4 c0) (clear_at c2 c4))
      + solved [relocate] in 0.0s: (compose (wall_at c0 c0) (clear_at c0 c2))
      + solved [relocate] in 0.0s: (compose (wall_at c0 c0) (clear_at c3 c0))
      + solved [relocate] in 0.0s: (compose (wall_at c0 c3) (clear_at c2 c0))
      + solved [relocate] in 0.0s: (compose (wall_at c3 c3) (clear_at c1 c2))
      + solved [relocate] in 0.0s: (compose (wall_at c4 c0) (clear_at c0 c4))
      + solved [relocate] in 0.0s: (compose (wall_at c2 c3) (clear_at c3 c0))
      + solved [relocate] in 0.0s: (compose (wall_at c3 c4) (clear_at c4 c3))
      + solved [relocate] in 0.0s: (compose (wall_at c1 c4) (clear_at c2 c0))
      + solved [relocate] in 0.0s: (compose (wall_at c2 c4) (clear_at c1 c1))
      + solved [relocate] in 0.0s: (compose (wall_at c3 c2) (clear_at c1 c4))
      + solved [relocate] in 0.0s: (compose (wall_at c0 c3) (clear_at c4 c2))
      + solved [relocate] in 0.0s: (compose (wall_at c1 c0) (clear_at c2 c3))
      + solved [relocate] in 0.0s: (compose (wall_at c1 c4) (clear_at c3 c0))
      + solved [relocate] in 0.0s: (compose (wall_at c4 c1) (clear_at c2 c1))
      + solved [relocate] in 0.0s: (compose (wall_at c2 c2) (clear_at c4 c4))
    per-task time (s): 134 solved [slowest solve 292.9]
    (misses burned up to 1200.0s each; the uniform --t-fn can drop toward slowest-solve=292.9s to cut wasted early-round time without losing a solve)
[     3] caught snd_gg
[     3] caught snd_gg
[     3] caught snd_gg
[     3] caught snd_gg
[     4] caught underlay
[     4] caught underlay
[     4] caught underlay
[     4] caught underlay
[     5] caught sync_all
[     5] caught sync_all
[     5] caught sync_all
[     5] caught sync_all
[     7] caught (sync_except 1)
[     7] caught (sync_except 1)
[     8] caught (sync_except 2)
[    10] caught (sync_except 4)
[    20] caught (via_swap sync_all)
[    20] caught (via_swap sync_all)
[    20] caught (via_swap sync_all)
[    20] caught (via_swap sync_all)
[    32] caught (register (locate 1) (place 1))
[    43] caught (register (locate 2) (place 2))
[    65] caught (register (locate 4) (place 4))
[    65] caught (register (locate 4) (place 4))
      + solved [perception]: (via_swap sync_all)
      + solved [multi_reg]: sync_all
      + solved [perception]: (via_swap sync_all)
      + solved [readout]: snd_gg
      + solved [registration]: (register (locate 1) (place 1))
      + solved [multi_reg]: sync_all
      + solved [inpaint]: underlay
      + solved [inpaint]: underlay
      + solved [readout]: snd_gg
      + solved [multi_reg]: sync_all
      + solved [readout]: snd_gg
      + solved [registration]: (register (locate 4) (place 4))
      + solved [multi_reg]: sync_all
      + solved [reg_except]: (sync_except 1)
      + solved [reg_except]: (sync_except 1)
      + solved [readout]: snd_gg
      + solved [inpaint]: underlay
      + solved [perception]: (via_swap sync_all)
      + solved [inpaint]: underlay
      + solved [perception]: (via_swap sync_all)
      + solved [registration]: (register (locate 2) (place 2))
      + solved [registration]: (register (locate 4) (place 4))
      + solved [reg_except]: (sync_except 2)
      + solved [reg_except]: (sync_except 4)
    solved 158/300 (+158 this round)
running stitch_core.compress on 158 programs (iterations=6, max_arity=5)
stitch returned 6 abstractions
added abstraction fn_0: (compose (wall_at #3 #2) (optimize (neg_dist #1) #0))  [cellvalue, cellvalue, coord, coord] -> fn
added abstraction fn_1: (compose (fn_0 #3 #2 #1 #0) (erase 3))  [coord, coord, cellvalue, cellvalue] -> fn
added abstraction fn_2: (pipe_gpg (compose_gp dup (mapsnd #0)))  [fn, fn_p_g] -> fn
added abstraction fn_3: (compose (wall_at #3 #2) (clear_at #1 #0))  [coord, coord, coord, coord] -> fn
added abstraction fn_4: (optimize (neg_dist #0))  [cellvalue, cellvalue] -> fn
added abstraction fn_5: (fn_0 #1 #0 c2)  [cellvalue, cellvalue, coord] -> fn

--- round 2/6: 142 fn + 0 fn_p_g unsolved; |D|=51 (6 invented); fn Q=uniform/content; t_fn=3600s ---
    [instr] agency constructor in D: ABSENT; belief solved (replay-eligible): 26/168
[1130228] caught (compose (fn_2 (fn_5 9 8 c2) sync_all) (fn_4 2 1))
[1129728] caught (compose (fn_2 (fn_5 7 6 c1) sync_all) (fn_4 5 1))
[1104738] caught (compose (fn_2 (fn_5 2 1 c1) sync_all) (fn_4 5 4))
[1125233] caught (compose (fn_2 (fn_5 6 2 c2) sync_all) (fn_4 5 4))
[1130728] caught (compose (fn_2 (fn_5 5 4 c3) sync_all) (fn_4 2 1))
[1130225] caught (compose (fn_2 (fn_5 5 4 c2) sync_all) (fn_4 1 2))
[1127726] caught (compose (fn_2 (fn_5 6 2 c2) sync_all) (fn_4 1 4))
[1130225] caught (compose (fn_2 (fn_5 8 5 c2) sync_all) (fn_4 1 4))
[1130225] caught (compose (fn_2 (fn_5 7 6 c2) sync_all) (fn_4 2 5))
[1130225] caught (compose (fn_2 (fn_5 9 8 c2) sync_all) (fn_4 4 5))
[1130228] caught (compose (fn_2 (fn_5 9 8 c2) sync_all) (fn_4 5 2))
[1130228] caught (compose (fn_2 (fn_5 7 6 c2) sync_all) (fn_4 5 2))
[1130228] caught (compose (fn_2 (fn_5 5 4 c2) sync_all) (fn_4 2 1))
[1129725] caught (compose (fn_2 (fn_5 7 6 c1) sync_all) (fn_4 1 5))
      + solved [belief_witness] in 2285.6s: (compose (pipe_gpg (compose_gp dup (mapsnd (compose (wall_at c1 c2) (optimize (neg_dist 2) 1)))) sync_all) (optimize (neg_dist 5) 4))
      + solved [belief_witness] in 2514.8s: (compose (pipe_gpg (compose_gp dup (mapsnd (compose (wall_at c2 c2) (optimize (neg_dist 5) 4)))) sync_all) (optimize (neg_dist 2) 1))
      + solved [belief_witness] in 2327.3s: (compose (pipe_gpg (compose_gp dup (mapsnd (compose (wall_at c2 c2) (optimize (neg_dist 5) 4)))) sync_all) (optimize (neg_dist 1) 2))
      + solved [belief_witness] in 2319.9s: (compose (pipe_gpg (compose_gp dup (mapsnd (compose (wall_at c3 c2) (optimize (neg_dist 5) 4)))) sync_all) (optimize (neg_dist 2) 1))
      + solved [belief_witness] in 2088.0s: (compose (pipe_gpg (compose_gp dup (mapsnd (compose (wall_at c1 c2) (optimize (neg_dist 7) 6)))) sync_all) (optimize (neg_dist 5) 1))
      + solved [belief_witness] in 2447.9s: (compose (pipe_gpg (compose_gp dup (mapsnd (compose (wall_at c2 c2) (optimize (neg_dist 7) 6)))) sync_all) (optimize (neg_dist 5) 2))
      + solved [belief_witness] in 2517.6s: (compose (pipe_gpg (compose_gp dup (mapsnd (compose (wall_at c1 c2) (optimize (neg_dist 7) 6)))) sync_all) (optimize (neg_dist 1) 5))
      + solved [belief_witness] in 2430.7s: (compose (pipe_gpg (compose_gp dup (mapsnd (compose (wall_at c2 c2) (optimize (neg_dist 7) 6)))) sync_all) (optimize (neg_dist 2) 5))
      + solved [belief_witness] in 2435.5s: (compose (pipe_gpg (compose_gp dup (mapsnd (compose (wall_at c2 c2) (optimize (neg_dist 9) 8)))) sync_all) (optimize (neg_dist 5) 2))
      + solved [belief_witness] in 1900.6s: (compose (pipe_gpg (compose_gp dup (mapsnd (compose (wall_at c2 c2) (optimize (neg_dist 9) 8)))) sync_all) (optimize (neg_dist 2) 1))
      + solved [belief_witness] in 2433.0s: (compose (pipe_gpg (compose_gp dup (mapsnd (compose (wall_at c2 c2) (optimize (neg_dist 9) 8)))) sync_all) (optimize (neg_dist 4) 5))
      + solved [belief_witness] in 2312.8s: (compose (pipe_gpg (compose_gp dup (mapsnd (compose (wall_at c2 c2) (optimize (neg_dist 6) 2)))) sync_all) (optimize (neg_dist 5) 4))
      + solved [belief_witness] in 2388.2s: (compose (pipe_gpg (compose_gp dup (mapsnd (compose (wall_at c2 c2) (optimize (neg_dist 6) 2)))) sync_all) (optimize (neg_dist 1) 4))
      + solved [belief_witness] in 2419.2s: (compose (pipe_gpg (compose_gp dup (mapsnd (compose (wall_at c2 c2) (optimize (neg_dist 8) 5)))) sync_all) (optimize (neg_dist 1) 4))
[1113226] caught (compose (fn_2 (fn_5 4 9 c3) sync_all) (fn_4 1 5))
[1102730] caught (compose (fn_2 (fn_5 1 7 c2) sync_all) (fn_4 2 5))
[1130228] caught (compose (fn_2 (fn_5 8 5 c2) sync_all) (fn_4 4 1))
[1102733] caught (compose (fn_2 (fn_5 1 7 c2) sync_all) (fn_4 4 2))
[674892] caught (fn_2 (compose (step 5 up) (fn_4 5 4)) (sync_except 5))
[1112732] caught (compose (fn_2 (fn_5 4 9 c2) sync_all) (fn_4 5 1))
[1122725] caught (compose (fn_2 (fn_5 4 9 c2) sync_all) (fn_4 1 2))
[674892] caught (fn_2 (compose (step 5 up) (fn_4 5 4)) (sync_except 5))
[674007] caught (fn_2 (compose (step 7 up) (fn_4 7 6)) (sync_except 7))
[674211] caught (fn_2 (compose (step 5 down) (fn_4 5 4)) (sync_except 5))
[674211] caught (fn_2 (compose (step 2 down) (fn_4 2 1)) (sync_except 2))
[674211] caught (fn_2 (compose (step 7 down) (fn_4 7 6)) (sync_except 7))
[674007] caught (fn_2 (compose (step 2 up) (fn_4 2 1)) (sync_except 2))
      + solved [belief_witness] in 2343.8s: (compose (pipe_gpg (compose_gp dup (mapsnd (compose (wall_at c2 c2) (optimize (neg_dist 8) 5)))) sync_all) (optimize (neg_dist 4) 1))
[675096] caught (fn_2 (compose (step 9 down) (fn_4 9 8)) (sync_except 9))
      + solved [belief_witness] in 2236.6s: (compose (pipe_gpg (compose_gp dup (mapsnd (compose (wall_at c2 c2) (optimize (neg_dist 1) 7)))) sync_all) (optimize (neg_dist 2) 5))
      + solved [belief_witness] in 2256.0s: (compose (pipe_gpg (compose_gp dup (mapsnd (compose (wall_at c2 c2) (optimize (neg_dist 1) 7)))) sync_all) (optimize (neg_dist 4) 2))
[674007] caught (fn_2 (compose (step 7 up) (fn_4 7 6)) (sync_except 7))
[674892] caught (fn_2 (compose (step 9 up) (fn_4 9 8)) (sync_except 9))
[674892] caught (fn_2 (compose (step 9 up) (fn_4 9 8)) (sync_except 9))
      + solved [belief_witness] in 2311.3s: (compose (pipe_gpg (compose_gp dup (mapsnd (compose (wall_at c2 c2) (optimize (neg_dist 4) 9)))) sync_all) (optimize (neg_dist 1) 2))
      + solved [belief_witness] in 1889.4s: (compose (pipe_gpg (compose_gp dup (mapsnd (compose (wall_at c3 c2) (optimize (neg_dist 4) 9)))) sync_all) (optimize (neg_dist 1) 5))
      + solved [belief_witness] in 2171.2s: (compose (pipe_gpg (compose_gp dup (mapsnd (compose (wall_at c2 c2) (optimize (neg_dist 4) 9)))) sync_all) (optimize (neg_dist 5) 1))
[674211] caught (fn_2 (compose (step 6 down) (fn_4 6 2)) (sync_except 6))
[674875] caught (fn_2 (compose (step 6 up) (fn_4 6 2)) (sync_except 6))
[674007] caught (fn_2 (compose (step 8 up) (fn_4 8 5)) (sync_except 8))
[673173] caught (fn_2 (compose (step 1 up) (fn_4 1 7)) (sync_except 1))
      + solved [belief_goal] in 1397.9s: (pipe_gpg (compose_gp dup (mapsnd (compose (step 2 down) (optimize (neg_dist 2) 1)))) (sync_except 2))
      + solved [belief_goal] in 1469.3s: (pipe_gpg (compose_gp dup (mapsnd (compose (step 2 up) (optimize (neg_dist 2) 1)))) (sync_except 2))
      + solved [belief_goal] in 1063.1s: (pipe_gpg (compose_gp dup (mapsnd (compose (step 5 up) (optimize (neg_dist 5) 4)))) (sync_except 5))
      + solved [belief_goal] in 1385.3s: (pipe_gpg (compose_gp dup (mapsnd (compose (step 5 down) (optimize (neg_dist 5) 4)))) (sync_except 5))
      + solved [belief_goal] in 1309.3s: (pipe_gpg (compose_gp dup (mapsnd (compose (step 5 up) (optimize (neg_dist 5) 4)))) (sync_except 5))
      + solved [belief_goal] in 1323.5s: (pipe_gpg (compose_gp dup (mapsnd (compose (step 7 up) (optimize (neg_dist 7) 6)))) (sync_except 7))
      + solved [belief_goal] in 1439.6s: (pipe_gpg (compose_gp dup (mapsnd (compose (step 7 down) (optimize (neg_dist 7) 6)))) (sync_except 7))
[675096] caught (fn_2 (compose (step 8 down) (fn_4 8 5)) (sync_except 8))
[673360] caught (fn_2 (compose (step 1 down) (fn_4 1 7)) (sync_except 1))
[673173] caught (fn_2 (compose (step 4 up) (fn_4 4 9)) (sync_except 4))
[673377] caught (fn_2 (compose (step 1 down) (fn_4 1 7)) (sync_except 1))
      + solved [belief_goal] in 1368.8s: (pipe_gpg (compose_gp dup (mapsnd (compose (step 7 up) (optimize (neg_dist 7) 6)))) (sync_except 7))
      + solved [belief_goal] in 1366.8s: (pipe_gpg (compose_gp dup (mapsnd (compose (step 9 up) (optimize (neg_dist 9) 8)))) (sync_except 9))
      + solved [belief_goal] in 1048.4s: (pipe_gpg (compose_gp dup (mapsnd (compose (step 9 down) (optimize (neg_dist 9) 8)))) (sync_except 9))
      + solved [belief_goal] in 1024.4s: (pipe_gpg (compose_gp dup (mapsnd (compose (step 9 up) (optimize (neg_dist 9) 8)))) (sync_except 9))
[674245] caught (fn_2 (compose (step 4 down) (fn_4 4 9)) (sync_except 4))
[673173] caught (fn_2 (compose (step 4 up) (fn_4 4 9)) (sync_except 4))
[674245] caught (fn_2 (compose (step 4 down) (fn_4 4 9)) (sync_except 4))
      + solved [belief_goal] in 1323.4s: (pipe_gpg (compose_gp dup (mapsnd (compose (step 6 up) (optimize (neg_dist 6) 2)))) (sync_except 6))
      + solved [belief_goal] in 1216.1s: (pipe_gpg (compose_gp dup (mapsnd (compose (step 6 down) (optimize (neg_dist 6) 2)))) (sync_except 6))
      + solved [belief_goal] in 1246.8s: (pipe_gpg (compose_gp dup (mapsnd (compose (step 8 up) (optimize (neg_dist 8) 5)))) (sync_except 8))
      + solved [belief_goal] in 1323.9s: (pipe_gpg (compose_gp dup (mapsnd (compose (step 8 down) (optimize (neg_dist 8) 5)))) (sync_except 8))
      + solved [belief_goal] in 1385.8s: (pipe_gpg (compose_gp dup (mapsnd (compose (step 1 down) (optimize (neg_dist 1) 7)))) (sync_except 1))
      + solved [belief_goal] in 1152.0s: (pipe_gpg (compose_gp dup (mapsnd (compose (step 1 up) (optimize (neg_dist 1) 7)))) (sync_except 1))
[ 67281] caught (compose (fn_1 c0 c4 2 1) (wall_at c2 c2))
      + solved [belief_goal] in 1543.4s: (pipe_gpg (compose_gp dup (mapsnd (compose (step 1 down) (optimize (neg_dist 1) 7)))) (sync_except 1))
      + solved [belief_goal] in 1409.2s: (pipe_gpg (compose_gp dup (mapsnd (compose (step 4 up) (optimize (neg_dist 4) 9)))) (sync_except 4))
      + solved [belief_goal] in 1422.7s: (pipe_gpg (compose_gp dup (mapsnd (compose (step 4 down) (optimize (neg_dist 4) 9)))) (sync_except 4))
      + solved [belief_goal] in 1371.4s: (pipe_gpg (compose_gp dup (mapsnd (compose (step 4 up) (optimize (neg_dist 4) 9)))) (sync_except 4))
      + solved [belief_goal] in 1323.7s: (pipe_gpg (compose_gp dup (mapsnd (compose (step 4 down) (optimize (neg_dist 4) 9)))) (sync_except 4))
[330959] caught (compose (fn_1 c3 c1 6 2) (wall_at c2 c4))
[320074] caught (compose (fn_1 c1 c4 1 7) (wall_at c3 c0))
[280359] caught (compose (fn_1 c0 c4 9 8) (wall_at c2 c3))
      + solved [belief_false_obstacle] in 137.8s: (compose (compose (compose (wall_at c0 c4) (optimize (neg_dist 2) 1)) (erase 3)) (wall_at c2 c2))
[1192411] caught (fn_2 (compose (fn_0 8 5 c2 c2) (fn_0 5 8 c2 c3)) (sync_except 8))
      + solved [belief_false_obstacle] in 761.0s: (compose (compose (compose (wall_at c0 c4) (optimize (neg_dist 9) 8)) (erase 3)) (wall_at c2 c3))
      + solved [belief_false_obstacle] in 663.1s: (compose (compose (compose (wall_at c3 c1) (optimize (neg_dist 6) 2)) (erase 3)) (wall_at c2 c4))
      + solved [belief_false_obstacle] in 2366.3s: (pipe_gpg (compose_gp dup (mapsnd (compose (compose (wall_at c2 c2) (optimize (neg_dist 5) 8)) (compose (wall_at c3 c2) (optimize (neg_dist 8) 5))))) (sync_except 8))
      + solved [belief_false_obstacle] in 698.5s: (compose (compose (compose (wall_at c1 c4) (optimize (neg_dist 1) 7)) (erase 3)) (wall_at c3 c0))
    per-task time (s): 47 solved [slowest solve 2517.6]
    (misses burned up to 3600.0s each; the uniform --t-fn can drop toward slowest-solve=2517.6s to cut wasted early-round time without losing a solve)
    solved 205/300 (+47 this round)
running stitch_core.compress on 205 programs (iterations=6, max_arity=5)
stitch returned 6 abstractions
added abstraction fn_6: (compose (wall_at #3 #2) (optimize (neg_dist #1) #0))  [cellvalue, cellvalue, coord, coord] -> fn
added abstraction fn_7: (pipe_gpg (compose_gp dup (mapsnd (compose (step #0 #2) (optimize (neg_dist #0) #1)))) (sync_except #0))  [cellvalue, cellvalue, dir] -> fn
added abstraction fn_8: (compose (pipe_gpg (compose_gp dup (mapsnd (fn_0 #4 #3 c2 #2))) sync_all) (optimize (neg_dist #1) #0))  [cellvalue, cellvalue, coord, cellvalue, cellvalue] -> fn
added abstraction fn_9: (compose (fn_0 #3 #2 #1 #0) (erase 3))  [coord, coord, cellvalue, cellvalue] -> fn
added abstraction fn_10: (pipe_gpg (compose_gp dup (mapsnd #0)))  [fn, fn_p_g] -> fn
added abstraction fn_11: (compose (wall_at #3 #2) (clear_at #1 #0))  [coord, coord, coord, coord] -> fn

--- round 3/6: 95 fn + 0 fn_p_g unsolved; |D|=51 (6 invented); fn Q=uniform/content; t_fn=3600s ---
    [instr] agency constructor in D: fn_7 (wall-free); belief solved (replay-eligible): 73/168
[  8243] caught (compose (optimize (neg_dist 7) 8) (fn_7 7 6 up))
[  8243] caught (compose (optimize (neg_dist 2) 8) (fn_7 2 1 up))
[  8244] caught (compose (optimize (neg_dist 2) 8) (fn_7 2 1 down))
[  8244] caught (compose (optimize (neg_dist 7) 9) (fn_7 7 6 down))
[  8243] caught (compose (optimize (neg_dist 2) 6) (fn_7 2 1 up))
[  8734] caught (compose (optimize (neg_dist 5) 2) (fn_7 5 4 down))
[  8733] caught (compose (optimize (neg_dist 5) 2) (fn_7 5 4 up))
[  8733] caught (compose (optimize (neg_dist 9) 1) (fn_7 9 8 up))
[  8733] caught (compose (optimize (neg_dist 7) 1) (fn_7 7 6 up))
[  8733] caught (compose (optimize (neg_dist 5) 1) (fn_7 5 4 up))
[  6344] caught (compose (optimize (neg_dist 1) 2) (fn_7 1 7 down))
[  8734] caught (compose (optimize (neg_dist 9) 5) (fn_7 9 8 down))
[  8733] caught (compose (optimize (neg_dist 9) 7) (fn_7 9 8 up))
[  6813] caught (compose (optimize (neg_dist 1) 8) (fn_7 1 7 up))
[  8734] caught (compose (optimize (neg_dist 6) 1) (fn_7 6 2 down))
[  8733] caught (compose (optimize (neg_dist 8) 4) (fn_7 8 5 up))
[  8244] caught (compose (optimize (neg_dist 8) 9) (fn_7 8 5 down))
[  9203] caught (compose (optimize (neg_dist 6) 5) (fn_7 6 2 up))
[  9203] caught (compose (optimize (neg_dist 8) 7) (fn_7 8 5 up))
[  9203] caught (compose (optimize (neg_dist 6) 5) (fn_7 6 2 up))
[  6343] caught (compose (optimize (neg_dist 1) 6) (fn_7 1 7 up))
[  6343] caught (compose (optimize (neg_dist 4) 5) (fn_7 4 9 up))
[  7303] caught (compose (optimize (neg_dist 4) 1) (fn_7 4 9 up))
[  7304] caught (compose (optimize (neg_dist 4) 2) (fn_7 4 9 down))
      + solved [belief_observers] in 14.9s: (compose (optimize (neg_dist 2) 6) (pipe_gpg (compose_gp dup (mapsnd (compose (step 2 up) (optimize (neg_dist 2) 1)))) (sync_except 2)))
      + solved [belief_observers] in 14.8s: (compose (optimize (neg_dist 2) 8) (pipe_gpg (compose_gp dup (mapsnd (compose (step 2 down) (optimize (neg_dist 2) 1)))) (sync_except 2)))
      + solved [belief_observers] in 14.5s: (compose (optimize (neg_dist 2) 8) (pipe_gpg (compose_gp dup (mapsnd (compose (step 2 up) (optimize (neg_dist 2) 1)))) (sync_except 2)))
      + solved [belief_observers] in 16.2s: (compose (optimize (neg_dist 5) 2) (pipe_gpg (compose_gp dup (mapsnd (compose (step 5 up) (optimize (neg_dist 5) 4)))) (sync_except 5)))
      + solved [belief_observers] in 16.0s: (compose (optimize (neg_dist 5) 2) (pipe_gpg (compose_gp dup (mapsnd (compose (step 5 down) (optimize (neg_dist 5) 4)))) (sync_except 5)))
      + solved [belief_observers] in 17.7s: (compose (optimize (neg_dist 5) 1) (pipe_gpg (compose_gp dup (mapsnd (compose (step 5 up) (optimize (neg_dist 5) 4)))) (sync_except 5)))
      + solved [belief_observers] in 17.2s: (compose (optimize (neg_dist 7) 1) (pipe_gpg (compose_gp dup (mapsnd (compose (step 7 up) (optimize (neg_dist 7) 6)))) (sync_except 7)))
      + solved [belief_observers] in 14.7s: (compose (optimize (neg_dist 7) 9) (pipe_gpg (compose_gp dup (mapsnd (compose (step 7 down) (optimize (neg_dist 7) 6)))) (sync_except 7)))
      + solved [belief_observers] in 14.3s: (compose (optimize (neg_dist 7) 8) (pipe_gpg (compose_gp dup (mapsnd (compose (step 7 up) (optimize (neg_dist 7) 6)))) (sync_except 7)))
      + solved [belief_observers] in 16.5s: (compose (optimize (neg_dist 9) 1) (pipe_gpg (compose_gp dup (mapsnd (compose (step 9 up) (optimize (neg_dist 9) 8)))) (sync_except 9)))
      + solved [belief_observers] in 14.9s: (compose (optimize (neg_dist 9) 5) (pipe_gpg (compose_gp dup (mapsnd (compose (step 9 down) (optimize (neg_dist 9) 8)))) (sync_except 9)))
      + solved [belief_observers] in 15.9s: (compose (optimize (neg_dist 9) 7) (pipe_gpg (compose_gp dup (mapsnd (compose (step 9 up) (optimize (neg_dist 9) 8)))) (sync_except 9)))
      + solved [belief_observers] in 21.8s: (compose (optimize (neg_dist 6) 5) (pipe_gpg (compose_gp dup (mapsnd (compose (step 6 up) (optimize (neg_dist 6) 2)))) (sync_except 6)))
      + solved [belief_observers] in 16.2s: (compose (optimize (neg_dist 6) 1) (pipe_gpg (compose_gp dup (mapsnd (compose (step 6 down) (optimize (neg_dist 6) 2)))) (sync_except 6)))
      + solved [belief_observers] in 18.6s: (compose (optimize (neg_dist 6) 5) (pipe_gpg (compose_gp dup (mapsnd (compose (step 6 up) (optimize (neg_dist 6) 2)))) (sync_except 6)))
      + solved [belief_observers] in 16.0s: (compose (optimize (neg_dist 8) 4) (pipe_gpg (compose_gp dup (mapsnd (compose (step 8 up) (optimize (neg_dist 8) 5)))) (sync_except 8)))
      + solved [belief_observers] in 16.3s: (compose (optimize (neg_dist 8) 9) (pipe_gpg (compose_gp dup (mapsnd (compose (step 8 down) (optimize (neg_dist 8) 5)))) (sync_except 8)))
      + solved [belief_observers] in 17.3s: (compose (optimize (neg_dist 8) 7) (pipe_gpg (compose_gp dup (mapsnd (compose (step 8 up) (optimize (neg_dist 8) 5)))) (sync_except 8)))
      + solved [belief_observers] in 13.2s: (compose (optimize (neg_dist 1) 8) (pipe_gpg (compose_gp dup (mapsnd (compose (step 1 up) (optimize (neg_dist 1) 7)))) (sync_except 1)))
      + solved [belief_observers] in 11.2s: (compose (optimize (neg_dist 1) 2) (pipe_gpg (compose_gp dup (mapsnd (compose (step 1 down) (optimize (neg_dist 1) 7)))) (sync_except 1)))
      + solved [belief_observers] in 12.1s: (compose (optimize (neg_dist 1) 6) (pipe_gpg (compose_gp dup (mapsnd (compose (step 1 up) (optimize (neg_dist 1) 7)))) (sync_except 1)))
      + solved [belief_observers] in 12.9s: (compose (optimize (neg_dist 4) 1) (pipe_gpg (compose_gp dup (mapsnd (compose (step 4 up) (optimize (neg_dist 4) 9)))) (sync_except 4)))
      + solved [belief_observers] in 13.2s: (compose (optimize (neg_dist 4) 2) (pipe_gpg (compose_gp dup (mapsnd (compose (step 4 down) (optimize (neg_dist 4) 9)))) (sync_except 4)))
      + solved [belief_observers] in 11.1s: (compose (optimize (neg_dist 4) 5) (pipe_gpg (compose_gp dup (mapsnd (compose (step 4 up) (optimize (neg_dist 4) 9)))) (sync_except 4)))
[1256736] caught (fn_10 (fn_8 5 8 c1 0 8) (register (locate 5) (place 5)))
      + solved [belief_false_obstacle] in 3199.1s: (pipe_gpg (compose_gp dup (mapsnd (compose (pipe_gpg (compose_gp dup (mapsnd (compose (wall_at c1 c2) (optimize (neg_dist 0) 8)))) sync_all) (optimize (neg_dist 8) 5)))) (register (locate 5) (place 5)))
    per-task time (s): 25 solved [slowest solve 3199.1]
    (misses burned up to 3600.0s each; the uniform --t-fn can drop toward slowest-solve=3199.1s to cut wasted early-round time without losing a solve)
    solved 230/300 (+25 this round)
running stitch_core.compress on 230 programs (iterations=6, max_arity=5)
stitch returned 6 abstractions
added abstraction fn_6: (pipe_gpg (compose_gp dup (mapsnd (compose (step #0 #2) (optimize (neg_dist #0) #1)))) (sync_except #0))  [cellvalue, cellvalue, dir] -> fn
added abstraction fn_7: (compose (wall_at #3 #2) (optimize (neg_dist #1) #0))  [cellvalue, cellvalue, coord, coord] -> fn
added abstraction fn_8: (compose (pipe_gpg (compose_gp dup (mapsnd (fn_1 #4 #3 c2 #2))) sync_all) (optimize (neg_dist #1) #0))  [cellvalue, cellvalue, coord, cellvalue, cellvalue] -> fn
added abstraction fn_9: (compose (optimize (neg_dist #2) #3) (fn_0 #2 #1 #0))  [dir, cellvalue, cellvalue, cellvalue] -> fn
added abstraction fn_10: (compose (fn_1 #3 #2 #1 #0) (erase 3))  [coord, coord, cellvalue, cellvalue] -> fn
added abstraction fn_11: (pipe_gpg (compose_gp dup (mapsnd #0)))  [fn, fn_p_g] -> fn

--- round 4/6: 70 fn + 0 fn_p_g unsolved; |D|=51 (6 invented); fn Q=uniform/content; t_fn=3600s ---
    [instr] agency constructor in D: fn_6 (wall-free); belief solved (replay-eligible): 98/168
[ 29982] caught (compose (fn_9 down 1 2 1) (optimize (distance 2) 1))
      + solved [belief_goal] in 78.8s: (compose (compose (optimize (neg_dist 2) 1) (pipe_gpg (compose_gp dup (mapsnd (compose (step 2 down) (optimize (neg_dist 2) 1)))) (sync_except 2))) (optimize (distance 2) 1))
[ 29560] caught (compose (fn_9 up 7 1 7) (optimize (distance 1) 7))
      + solved [belief_goal] in 67.7s: (compose (compose (optimize (neg_dist 1) 7) (pipe_gpg (compose_gp dup (mapsnd (compose (step 1 up) (optimize (neg_dist 1) 7)))) (sync_except 1))) (optimize (distance 1) 7))
    per-task time (s): 2 solved [slowest solve 78.8]
    (misses burned up to 3600.0s each; the uniform --t-fn can drop toward slowest-solve=78.8s to cut wasted early-round time without losing a solve)
    solved 232/300 (+2 this round)
running stitch_core.compress on 232 programs (iterations=6, max_arity=5)
stitch returned 6 abstractions
added abstraction fn_6: (pipe_gpg (compose_gp dup (mapsnd (compose (step #0 #2) (optimize (neg_dist #0) #1)))) (sync_except #0))  [cellvalue, cellvalue, dir] -> fn
added abstraction fn_7: (compose (wall_at #3 #2) (optimize (neg_dist #1) #0))  [cellvalue, cellvalue, coord, coord] -> fn
added abstraction fn_8: (compose (pipe_gpg (compose_gp dup (mapsnd (fn_1 #4 #3 c2 #2))) sync_all) (optimize (neg_dist #1) #0))  [cellvalue, cellvalue, coord, cellvalue, cellvalue] -> fn
added abstraction fn_9: (compose (optimize (neg_dist #2) #3) (fn_0 #2 #1 #0))  [dir, cellvalue, cellvalue, cellvalue] -> fn
added abstraction fn_10: (compose (fn_1 #3 #2 #1 #0) (erase 3))  [coord, coord, cellvalue, cellvalue] -> fn
added abstraction fn_11: (pipe_gpg (compose_gp dup (mapsnd #0)))  [fn, fn_p_g] -> fn

--- round 5/6: 68 fn + 0 fn_p_g unsolved; |D|=51 (6 invented); fn Q=uniform/content; t_fn=3600s ---
    [instr] agency constructor in D: fn_6 (wall-free); belief solved (replay-eligible): 100/168
srun: Job step aborted: Waiting up to 32 seconds for job step to finish.
[2026-07-28T05:38:20.018] error: *** JOB 24961564 ON tcn614 CANCELLED AT 2026-07-28T05:38:20 DUE TO TIME LIMIT ***
[2026-07-28T05:38:20.019] error: *** STEP 24961564.0 ON tcn614 CANCELLED AT 2026-07-28T05:38:20 DUE TO TIME LIMIT ***
