============================================================================================== 
Warning! Mixing Conda and module environments may lead to corruption of the
user environment. 
We do not recommend users mixing those two environments unless absolutely
necessary. Note that 
SURF does not provide any support for Conda environment.
For more information, please refer to our software policy page:
https://servicedesk.surf.nl/wiki/display/WIKI/Software+policy+Snellius#SoftwarepolicySnellius-UseofAnacondaandMinicondaenvironmentsonSnellius 

Remember that many packages have already been installed on the system and can
be loaded using 
the 'module load <package__name>' command. If you are uncertain if a package is
already available 
on the system, please use 'module avail' or 'module spider' to search for it.
============================================================================================== 
ENV /home/gkaminer/.conda/envs/dumbcoder/bin/python | PY 3.12.13 | numpy 2.5.1 | torch 2.13.0+cpu | stitch_core /home/gkaminer/.conda/envs/dumbcoder/lib/python3.12/site-packages/stitch_core/__init__.py
SOURCE /home/gkaminer/dumbcoder @ decb58d (clean)
CELL p2-nodream-jul29 | writing artifacts to /home/gkaminer/dumbcoder-runs/p2-nodream-jul29
========================================================================
PROVENANCE — quote this line in any caption reporting these numbers
========================================================================
  commit decb58d | phase2 (decomposed) | t_fn=3600 t_fn_round1=1200 t_reg=30 ecd_iters=6 stitch_iters=6 dream=off curriculum=on | n_bel=6 n_goal=6 n_obstacle=6 n_relocate=16 | 2026-07-28T17:58:35Z
  host tcn1105.local.snellius.surf.nl | python 3.12.13 | argv: /home/gkaminer/dumbcoder/phase2.py --t-fn 3600 --ecd-iters 6 --no-dream

Generating corpus…
  belief variants: +48 goal-displacement, +24 two-observer, +24 false-obstacle (all kind=belief; false-obstacle forbids the scope-complement commit)
  [curriculum] +24 extra plain wall-belief tasks (kind=belief) to seed the fork(policy, sync) abstraction.
  4 physics, 16 desire, 4 overlay, 4 comet, 4 registration, 168 belief — 300 total
  corner families: 4 flee, 4 deletion, 4 denoise, 48 obstacle, 16 relocate, 4 underlay, 4 perception, 4 multi_reg, 4 reg_except, 4 inpaint, 4 readout

DSL: 45 primitives — CUBE run (core + symmetric complements, decomposed plumbing)
  added corners: ['bimap', 'clear_at', 'distance', 'dup', 'erase', 'locate', 'mapfst', 'mapsnd', 'pair_blank', 'place', 'register', 'snd_gg', 'swap', 'sync_all', 'sync_except', 'sync_to_model', 'underlay', 'via_swap']
  ground-truth check: 300 tasks / 1200 scenes verified via Delta trees
decomposition identity: fork ≡ commit∘mapsnd(derive)∘dup and sync ≡ register(locate, place) verified on 168 belief tasks (every scene)

========================================================================
WAKE-SLEEP — up to 6 ECD rounds (enumerate ↦ joint stitch), 32 workers
  fn Q: uniform/content (no dreaming); registration Q: uniform
========================================================================

--- round 1/6: 276 fn + 24 fn_p_g unsolved; |D|=45 (0 invented); fn Q=uniform/content; t_fn=1200s (round-1 cap) ---
    [instr] agency constructor in D: ABSENT; belief solved (replay-eligible): 0/168
[     4] caught (step 4 up)
      + solved [physics] in 0.0s: (step 4 up)
[     2] caught (step 4 right)
      + solved [physics] in 0.0s: (step 4 right)
[     5] caught (step 4 down)
      + solved [physics] in 0.0s: (step 4 down)
[     2] caught (step 4 right)
      + solved [physics] in 0.0s: (step 4 right)
[    13] caught (optimize (neg_dist 2) 1)
[    13] caught (optimize (neg_dist 2) 1)
      + solved [desire] in 0.0s: (optimize (neg_dist 2) 1)
      + solved [desire] in 0.0s: (optimize (neg_dist 2) 1)
[    13] caught (optimize (neg_dist 5) 4)
      + solved [desire] in 0.0s: (optimize (neg_dist 5) 4)
[    13] caught (optimize (neg_dist 5) 4)
      + solved [desire] in 0.0s: (optimize (neg_dist 5) 4)
[    13] caught (optimize (neg_dist 7) 6)
      + solved [desire] in 0.0s: (optimize (neg_dist 7) 6)
[    13] caught (optimize (neg_dist 7) 6)
      + solved [desire] in 0.0s: (optimize (neg_dist 7) 6)
[    13] caught (optimize (neg_dist 9) 8)
[    13] caught (optimize (neg_dist 6) 2)
[    13] caught (optimize (neg_dist 9) 8)
      + solved [desire] in 0.0s: (optimize (neg_dist 9) 8)
[    13] caught (optimize (neg_dist 6) 2)
      + solved [desire] in 0.0s: (optimize (neg_dist 9) 8)
      + solved [desire] in 0.0s: (optimize (neg_dist 6) 2)
[    13] caught (optimize (neg_dist 8) 5)
      + solved [desire] in 0.0s: (optimize (neg_dist 6) 2)
[    13] caught (optimize (neg_dist 8) 5)
      + solved [desire] in 0.0s: (optimize (neg_dist 8) 5)
      + solved [desire] in 0.0s: (optimize (neg_dist 8) 5)
[    12] caught (optimize (neg_dist 1) 7)
      + solved [desire] in 0.0s: (optimize (neg_dist 1) 7)
[    12] caught (optimize (neg_dist 1) 7)
[    12] caught (optimize (neg_dist 4) 9)
      + solved [desire] in 0.0s: (optimize (neg_dist 1) 7)
      + solved [desire] in 0.0s: (optimize (neg_dist 4) 9)
[    12] caught (optimize (neg_dist 4) 9)
      + solved [desire] in 0.0s: (optimize (neg_dist 4) 9)
[  8007] caught (pipe_gpg (compose_gp dup (mapsnd (step 1 right))) overlay)
[  8014] caught (pipe_gpg (compose_gp dup (mapsnd (step 1 left))) overlay)
      + solved [overlay] in 4.8s: (pipe_gpg (compose_gp dup (mapsnd (step 1 left))) overlay)
[  8007] caught (pipe_gpg (compose_gp dup (mapsnd (step 4 right))) overlay)
[  8028] caught (pipe_gpg (compose_gp dup (mapsnd (step 4 down))) overlay)
      + solved [overlay] in 6.3s: (pipe_gpg (compose_gp dup (mapsnd (step 4 down))) overlay)
      + solved [overlay] in 6.1s: (pipe_gpg (compose_gp dup (mapsnd (step 4 right))) overlay)
      + solved [overlay] in 4.5s: (pipe_gpg (compose_gp dup (mapsnd (step 1 right))) overlay)
[ 21643] caught (pipe_gpg (compose_gp dup (mapsnd (optimize (neg_dist 8) 5))) overlay)
      + solved [comet] in 14.3s: (pipe_gpg (compose_gp dup (mapsnd (optimize (neg_dist 8) 5))) overlay)
[ 21643] caught (pipe_gpg (compose_gp dup (mapsnd (optimize (neg_dist 7) 6))) overlay)
[ 21643] caught (pipe_gpg (compose_gp dup (mapsnd (optimize (neg_dist 2) 1))) overlay)
      + solved [comet] in 18.1s: (pipe_gpg (compose_gp dup (mapsnd (optimize (neg_dist 2) 1))) overlay)
      + solved [comet] in 17.5s: (pipe_gpg (compose_gp dup (mapsnd (optimize (neg_dist 7) 6))) overlay)
[ 21632] caught (pipe_gpg (compose_gp dup (mapsnd (optimize (neg_dist 1) 7))) overlay)
      + solved [comet] in 19.6s: (pipe_gpg (compose_gp dup (mapsnd (optimize (neg_dist 1) 7))) overlay)
[    17] caught (optimize (distance 4) 1)
[    17] caught (optimize (distance 4) 1)
[    17] caught (optimize (distance 4) 1)
[    16] caught (optimize (distance 1) 4)
[     3] caught (erase 4)
[     2] caught (erase 2)
[     3] caught (erase 4)
[     1] caught (erase 1)
[   188] caught (clear_at c1 c3)
[   186] caught (clear_at c1 c1)
[   196] caught (clear_at c3 c1)
[   192] caught (clear_at c2 c2)
[   485] caught (compose (wall_at c1 c1) (optimize (neg_dist 5) 4))
[   493] caught (compose (wall_at c2 c2) (optimize (neg_dist 2) 1))
[   485] caught (compose (wall_at c1 c1) (optimize (neg_dist 5) 4))
[   827] caught (compose (wall_at c3 c2) (optimize (neg_dist 5) 4))
[   727] caught (compose (wall_at c1 c2) (optimize (neg_dist 5) 4))
[   727] caught (compose (wall_at c1 c2) (optimize (neg_dist 2) 1))
[   827] caught (compose (wall_at c3 c2) (optimize (neg_dist 2) 1))
[   787] caught (compose (wall_at c2 c0) (optimize (neg_dist 2) 1))
[   767] caught (compose (wall_at c1 c0) (optimize (neg_dist 5) 4))
[   767] caught (compose (wall_at c2 c4) (optimize (neg_dist 2) 1))
[   501] caught (compose (wall_at c3 c3) (optimize (neg_dist 2) 1))
[   501] caught (compose (wall_at c3 c3) (optimize (neg_dist 7) 6))
[   767] caught (compose (wall_at c2 c4) (optimize (neg_dist 7) 6))
[   817] caught (compose (wall_at c3 c1) (optimize (neg_dist 7) 6))
[   767] caught (compose (wall_at c2 c4) (optimize (neg_dist 7) 6))
[   727] caught (compose (wall_at c1 c2) (optimize (neg_dist 7) 6))
[   757] caught (compose (wall_at c2 c3) (optimize (neg_dist 9) 8))
[   827] caught (compose (wall_at c3 c2) (optimize (neg_dist 5) 4))
[   767] caught (compose (wall_at c2 c4) (optimize (neg_dist 7) 6))
[   837] caught (compose (wall_at c4 c1) (optimize (neg_dist 9) 8))
[   493] caught (compose (wall_at c2 c2) (optimize (neg_dist 9) 8))
[   787] caught (compose (wall_at c2 c0) (optimize (neg_dist 9) 8))
[   485] caught (compose (wall_at c1 c1) (optimize (neg_dist 9) 8))
[   857] caught (compose (wall_at c4 c3) (optimize (neg_dist 9) 8))
[   827] caught (compose (wall_at c3 c2) (optimize (neg_dist 6) 2))
[   501] caught (compose (wall_at c3 c3) (optimize (neg_dist 6) 2))
[   493] caught (compose (wall_at c2 c2) (optimize (neg_dist 6) 2))
[   727] caught (compose (wall_at c1 c2) (optimize (neg_dist 6) 2))
[   501] caught (compose (wall_at c3 c3) (optimize (neg_dist 6) 2))
[   827] caught (compose (wall_at c3 c2) (optimize (neg_dist 6) 2))
[   747] caught (compose (wall_at c1 c4) (optimize (neg_dist 8) 5))
[   847] caught (compose (wall_at c4 c2) (optimize (neg_dist 8) 5))
[   827] caught (compose (wall_at c4 c0) (optimize (neg_dist 8) 5))
[   837] caught (compose (wall_at c4 c1) (optimize (neg_dist 8) 5))
[   737] caught (compose (wall_at c1 c3) (optimize (neg_dist 8) 5))
[   492] caught (compose (wall_at c2 c2) (optimize (neg_dist 1) 7))
[   727] caught (compose (wall_at c1 c2) (optimize (neg_dist 8) 5))
[   500] caught (compose (wall_at c3 c3) (optimize (neg_dist 1) 7))
[   483] caught (compose (optimize (neg_dist 1) 7) (wall_at c2 c1))
[    71] caught (compose (wall_at c0 c0) (clear_at c0 c2))
[    72] caught (compose (wall_at c0 c0) (clear_at c3 c0))
[   216] caught (compose (wall_at c4 c0) (clear_at c2 c4))
[   836] caught (compose (wall_at c4 c1) (optimize (neg_dist 1) 7))
[   130] caught (compose (wall_at c0 c3) (clear_at c2 c0))
[    93] caught (compose (wall_at c4 c0) (clear_at c0 c4))
[   796] caught (compose (wall_at c2 c1) (optimize (neg_dist 1) 7))
[    67] caught (compose (wall_at c3 c4) (clear_at c4 c3))
[   254] caught (compose (wall_at c3 c3) (clear_at c1 c2))
[   196] caught (compose (wall_at c2 c3) (clear_at c3 c0))
[   190] caught (compose (wall_at c2 c4) (clear_at c1 c1))
[   181] caught (compose (wall_at c0 c3) (clear_at c4 c2))
[   351] caught (compose (wall_at c1 c4) (clear_at c2 c0))
[   726] caught (compose (wall_at c1 c2) (optimize (neg_dist 4) 9))
[   249] caught (compose (wall_at c1 c0) (clear_at c2 c3))
[   392] caught (compose (wall_at c3 c2) (clear_at c1 c4))
[    73] caught (compose (wall_at c2 c2) (clear_at c4 c4))
[   214] caught (compose (wall_at c4 c1) (clear_at c2 c1))
[   351] caught (compose (wall_at c1 c4) (clear_at c3 c0))
[   492] caught (compose (wall_at c2 c2) (optimize (neg_dist 4) 9))
[   806] caught (compose (wall_at c3 c0) (optimize (neg_dist 1) 7))
[   726] caught (compose (wall_at c1 c2) (optimize (neg_dist 4) 9))
[   726] caught (compose (wall_at c1 c2) (optimize (neg_dist 4) 9))
[   816] caught (compose (wall_at c3 c1) (optimize (neg_dist 4) 9))
[   826] caught (compose (wall_at c4 c0) (optimize (neg_dist 4) 9))
[ 21547] caught (pipe_gpg (compose_gp dup (mapsnd (step 1 left))) underlay)
[ 21547] caught (pipe_gpg (compose_gp dup (mapsnd (step 1 left))) underlay)
[ 21547] caught (pipe_gpg (compose_gp dup (mapsnd (step 1 left))) underlay)
[ 21580] caught (pipe_gpg (compose_gp dup (mapsnd (step 4 right))) underlay)
      + solved [flee] in 0.0s: (optimize (distance 4) 1)
      + solved [flee] in 0.0s: (optimize (distance 4) 1)
      + solved [flee] in 0.0s: (optimize (distance 1) 4)
      + solved [flee] in 0.0s: (optimize (distance 4) 1)
      + solved [deletion] in 0.0s: (clear_at c1 c3)
      + solved [deletion] in 0.0s: (clear_at c3 c1)
      + solved [deletion] in 0.0s: (clear_at c1 c1)
      + solved [deletion] in 0.0s: (clear_at c2 c2)
      + solved [denoise] in 0.0s: (erase 4)
      + solved [denoise] in 0.0s: (erase 2)
      + solved [denoise] in 0.0s: (erase 4)
      + solved [denoise] in 0.0s: (erase 1)
      + solved [underlay] in 10.6s: (pipe_gpg (compose_gp dup (mapsnd (step 1 left))) underlay)
      + solved [underlay] in 11.1s: (pipe_gpg (compose_gp dup (mapsnd (step 1 left))) underlay)
      + solved [underlay] in 11.1s: (pipe_gpg (compose_gp dup (mapsnd (step 1 left))) underlay)
      + solved [underlay] in 11.5s: (pipe_gpg (compose_gp dup (mapsnd (step 4 right))) underlay)
      + solved [obstacle] in 0.2s: (compose (wall_at c1 c2) (optimize (neg_dist 2) 1))
      + solved [obstacle] in 0.2s: (compose (wall_at c3 c2) (optimize (neg_dist 2) 1))
      + solved [obstacle] in 0.3s: (compose (wall_at c2 c4) (optimize (neg_dist 2) 1))
      + solved [obstacle] in 0.2s: (compose (wall_at c2 c0) (optimize (neg_dist 2) 1))
      + solved [obstacle] in 0.2s: (compose (wall_at c2 c2) (optimize (neg_dist 2) 1))
      + solved [obstacle] in 0.3s: (compose (wall_at c3 c3) (optimize (neg_dist 2) 1))
      + solved [obstacle] in 0.2s: (compose (wall_at c1 c1) (optimize (neg_dist 5) 4))
      + solved [obstacle] in 0.1s: (compose (wall_at c1 c1) (optimize (neg_dist 5) 4))
      + solved [obstacle] in 0.2s: (compose (wall_at c1 c2) (optimize (neg_dist 5) 4))
      + solved [obstacle] in 0.4s: (compose (wall_at c3 c2) (optimize (neg_dist 5) 4))
      + solved [obstacle] in 0.2s: (compose (wall_at c1 c0) (optimize (neg_dist 5) 4))
      + solved [obstacle] in 0.2s: (compose (wall_at c3 c2) (optimize (neg_dist 5) 4))
      + solved [obstacle] in 0.2s: (compose (wall_at c3 c3) (optimize (neg_dist 7) 6))
      + solved [obstacle] in 0.2s: (compose (wall_at c2 c4) (optimize (neg_dist 7) 6))
      + solved [obstacle] in 0.2s: (compose (wall_at c3 c1) (optimize (neg_dist 7) 6))
      + solved [obstacle] in 0.2s: (compose (wall_at c1 c2) (optimize (neg_dist 7) 6))
      + solved [obstacle] in 0.2s: (compose (wall_at c2 c4) (optimize (neg_dist 7) 6))
      + solved [obstacle] in 0.2s: (compose (wall_at c2 c4) (optimize (neg_dist 7) 6))
      + solved [obstacle] in 0.2s: (compose (wall_at c4 c1) (optimize (neg_dist 9) 8))
      + solved [obstacle] in 0.2s: (compose (wall_at c2 c3) (optimize (neg_dist 9) 8))
      + solved [obstacle] in 0.2s: (compose (wall_at c4 c3) (optimize (neg_dist 9) 8))
      + solved [obstacle] in 0.2s: (compose (wall_at c2 c0) (optimize (neg_dist 9) 8))
      + solved [obstacle] in 0.2s: (compose (wall_at c2 c2) (optimize (neg_dist 9) 8))
      + solved [obstacle] in 0.2s: (compose (wall_at c1 c1) (optimize (neg_dist 9) 8))
      + solved [obstacle] in 0.2s: (compose (wall_at c3 c2) (optimize (neg_dist 6) 2))
      + solved [obstacle] in 0.2s: (compose (wall_at c3 c2) (optimize (neg_dist 6) 2))
      + solved [obstacle] in 0.2s: (compose (wall_at c2 c2) (optimize (neg_dist 6) 2))
      + solved [obstacle] in 0.2s: (compose (wall_at c1 c2) (optimize (neg_dist 6) 2))
      + solved [obstacle] in 0.2s: (compose (wall_at c3 c3) (optimize (neg_dist 6) 2))
      + solved [obstacle] in 0.2s: (compose (wall_at c3 c3) (optimize (neg_dist 6) 2))
      + solved [obstacle] in 0.3s: (compose (wall_at c1 c2) (optimize (neg_dist 8) 5))
      + solved [obstacle] in 0.3s: (compose (wall_at c1 c3) (optimize (neg_dist 8) 5))
      + solved [obstacle] in 0.2s: (compose (wall_at c1 c4) (optimize (neg_dist 8) 5))
      + solved [obstacle] in 0.2s: (compose (wall_at c4 c0) (optimize (neg_dist 8) 5))
      + solved [obstacle] in 0.2s: (compose (wall_at c4 c1) (optimize (neg_dist 8) 5))
      + solved [obstacle] in 0.2s: (compose (wall_at c4 c2) (optimize (neg_dist 8) 5))
      + solved [obstacle] in 0.2s: (compose (wall_at c2 c2) (optimize (neg_dist 1) 7))
      + solved [obstacle] in 0.2s: (compose (wall_at c2 c1) (optimize (neg_dist 1) 7))
      + solved [obstacle] in 0.2s: (compose (wall_at c4 c1) (optimize (neg_dist 1) 7))
      + solved [obstacle] in 0.2s: (compose (wall_at c3 c3) (optimize (neg_dist 1) 7))
      + solved [obstacle] in 0.2s: (compose (wall_at c3 c0) (optimize (neg_dist 1) 7))
      + solved [obstacle] in 0.1s: (compose (optimize (neg_dist 1) 7) (wall_at c2 c1))
      + solved [obstacle] in 0.2s: (compose (wall_at c1 c2) (optimize (neg_dist 4) 9))
      + solved [obstacle] in 0.2s: (compose (wall_at c1 c2) (optimize (neg_dist 4) 9))
      + solved [obstacle] in 0.2s: (compose (wall_at c1 c2) (optimize (neg_dist 4) 9))
      + solved [obstacle] in 0.2s: (compose (wall_at c3 c1) (optimize (neg_dist 4) 9))
      + solved [obstacle] in 0.1s: (compose (wall_at c2 c2) (optimize (neg_dist 4) 9))
      + solved [obstacle] in 0.2s: (compose (wall_at c4 c0) (optimize (neg_dist 4) 9))
      + solved [relocate] in 0.0s: (compose (wall_at c4 c0) (clear_at c2 c4))
      + solved [relocate] in 0.0s: (compose (wall_at c0 c0) (clear_at c0 c2))
      + solved [relocate] in 0.0s: (compose (wall_at c0 c0) (clear_at c3 c0))
      + solved [relocate] in 0.0s: (compose (wall_at c0 c3) (clear_at c2 c0))
      + solved [relocate] in 0.0s: (compose (wall_at c3 c3) (clear_at c1 c2))
      + solved [relocate] in 0.0s: (compose (wall_at c4 c0) (clear_at c0 c4))
      + solved [relocate] in 0.0s: (compose (wall_at c2 c3) (clear_at c3 c0))
      + solved [relocate] in 0.0s: (compose (wall_at c3 c4) (clear_at c4 c3))
      + solved [relocate] in 0.0s: (compose (wall_at c1 c4) (clear_at c2 c0))
      + solved [relocate] in 0.0s: (compose (wall_at c2 c4) (clear_at c1 c1))
      + solved [relocate] in 0.0s: (compose (wall_at c3 c2) (clear_at c1 c4))
      + solved [relocate] in 0.0s: (compose (wall_at c0 c3) (clear_at c4 c2))
      + solved [relocate] in 0.0s: (compose (wall_at c1 c0) (clear_at c2 c3))
      + solved [relocate] in 0.0s: (compose (wall_at c1 c4) (clear_at c3 c0))
      + solved [relocate] in 0.0s: (compose (wall_at c4 c1) (clear_at c2 c1))
      + solved [relocate] in 0.0s: (compose (wall_at c2 c2) (clear_at c4 c4))
    per-task time (s): 108 solved [slowest solve 19.6]
    (misses burned up to 1200.0s each; the uniform --t-fn can drop toward slowest-solve=19.6s to cut wasted early-round time without losing a solve)
[     3] caught snd_gg
[     3] caught snd_gg
[     3] caught snd_gg
[     3] caught snd_gg
[     4] caught underlay
[     4] caught underlay
[     4] caught underlay
[     4] caught underlay
[     5] caught sync_all
[     5] caught sync_all
[     5] caught sync_all
[     5] caught sync_all
[     7] caught (sync_except 1)
[     7] caught (sync_except 1)
[     8] caught (sync_except 2)
[    10] caught (sync_except 4)
[    20] caught (via_swap sync_all)
[    20] caught (via_swap sync_all)
[    20] caught (via_swap sync_all)
[    20] caught (via_swap sync_all)
[    32] caught (register (locate 1) (place 1))
[    43] caught (register (locate 2) (place 2))
[    65] caught (register (locate 4) (place 4))
[    65] caught (register (locate 4) (place 4))
      + solved [inpaint]: underlay
      + solved [readout]: snd_gg
      + solved [reg_except]: (sync_except 4)
      + solved [perception]: (via_swap sync_all)
      + solved [multi_reg]: sync_all
      + solved [inpaint]: underlay
      + solved [readout]: snd_gg
      + solved [reg_except]: (sync_except 1)
      + solved [perception]: (via_swap sync_all)
      + solved [reg_except]: (sync_except 2)
      + solved [readout]: snd_gg
      + solved [multi_reg]: sync_all
      + solved [inpaint]: underlay
      + solved [readout]: snd_gg
      + solved [registration]: (register (locate 4) (place 4))
      + solved [multi_reg]: sync_all
      + solved [perception]: (via_swap sync_all)
      + solved [registration]: (register (locate 4) (place 4))
      + solved [reg_except]: (sync_except 1)
      + solved [perception]: (via_swap sync_all)
      + solved [multi_reg]: sync_all
      + solved [registration]: (register (locate 1) (place 1))
      + solved [inpaint]: underlay
      + solved [registration]: (register (locate 2) (place 2))
    solved 132/300 (+132 this round)
running stitch_core.compress on 132 programs (iterations=6, max_arity=5)
stitch returned 6 abstractions
added abstraction fn_0: (compose (wall_at #3 #2) (optimize (neg_dist #1) #0))  [cellvalue, cellvalue, coord, coord] -> fn
added abstraction fn_1: (pipe_gpg (compose_gp dup (mapsnd #0)))  [fn, fn_p_g] -> fn
added abstraction fn_2: (compose (wall_at #3 #2) (clear_at #1 #0))  [coord, coord, coord, coord] -> fn
added abstraction fn_3: (optimize (neg_dist #0))  [cellvalue, cellvalue] -> fn
added abstraction fn_4: (fn_0 #1 #0 c2)  [cellvalue, cellvalue, coord] -> fn
added abstraction fn_5: (register (locate #0) (place #0))  [cellvalue] -> fn_p_g
    checkpointed 132 solved programs (6 abstractions) to the run/trajectory artifacts

--- round 2/6: 168 fn + 0 fn_p_g unsolved; |D|=51 (6 invented); fn Q=uniform/content; t_fn=3600s ---
    [instr] agency constructor in D: ABSENT; belief solved (replay-eligible): 0/168
[1274062] caught (compose (fn_1 (fn_4 9 8 c2) sync_all) (fn_3 2 1))
[1274059] caught (compose (fn_1 (fn_4 5 4 c2) sync_all) (fn_3 1 2))
[1268267] caught (compose (fn_1 (fn_4 6 2 c2) sync_all) (fn_3 5 4))
[1274642] caught (compose (fn_1 (fn_4 5 4 c3) sync_all) (fn_3 2 1))
[1244492] caught (compose (fn_1 (fn_4 2 1 c1) sync_all) (fn_3 5 4))
[1271160] caught (compose (fn_1 (fn_4 6 2 c2) sync_all) (fn_3 1 4))
[1274062] caught (compose (fn_1 (fn_4 7 6 c2) sync_all) (fn_3 5 2))
[1274059] caught (compose (fn_1 (fn_4 8 5 c2) sync_all) (fn_3 1 4))
[1274059] caught (compose (fn_1 (fn_4 7 6 c2) sync_all) (fn_3 2 5))
[1274062] caught (compose (fn_1 (fn_4 9 8 c2) sync_all) (fn_3 5 2))
[1274059] caught (compose (fn_1 (fn_4 9 8 c2) sync_all) (fn_3 4 5))
[1274062] caught (compose (fn_1 (fn_4 5 4 c2) sync_all) (fn_3 2 1))
[1273479] caught (compose (fn_1 (fn_4 7 6 c1) sync_all) (fn_3 1 5))
[1273482] caught (compose (fn_1 (fn_4 7 6 c1) sync_all) (fn_3 5 1))
      + solved [belief_witness] in 2040.2s: (compose (pipe_gpg (compose_gp dup (mapsnd (compose (wall_at c1 c2) (optimize (neg_dist 2) 1)))) sync_all) (optimize (neg_dist 5) 4))
      + solved [belief_witness] in 2241.0s: (compose (pipe_gpg (compose_gp dup (mapsnd (compose (wall_at c2 c2) (optimize (neg_dist 5) 4)))) sync_all) (optimize (neg_dist 2) 1))
      + solved [belief_witness] in 1958.3s: (compose (pipe_gpg (compose_gp dup (mapsnd (compose (wall_at c2 c2) (optimize (neg_dist 5) 4)))) sync_all) (optimize (neg_dist 1) 2))
      + solved [belief_witness] in 1992.9s: (compose (pipe_gpg (compose_gp dup (mapsnd (compose (wall_at c3 c2) (optimize (neg_dist 5) 4)))) sync_all) (optimize (neg_dist 2) 1))
      + solved [belief_witness] in 2386.3s: (compose (pipe_gpg (compose_gp dup (mapsnd (compose (wall_at c1 c2) (optimize (neg_dist 7) 6)))) sync_all) (optimize (neg_dist 5) 1))
      + solved [belief_witness] in 2101.1s: (compose (pipe_gpg (compose_gp dup (mapsnd (compose (wall_at c2 c2) (optimize (neg_dist 7) 6)))) sync_all) (optimize (neg_dist 5) 2))
      + solved [belief_witness] in 2253.3s: (compose (pipe_gpg (compose_gp dup (mapsnd (compose (wall_at c1 c2) (optimize (neg_dist 7) 6)))) sync_all) (optimize (neg_dist 1) 5))
      + solved [belief_witness] in 2123.9s: (compose (pipe_gpg (compose_gp dup (mapsnd (compose (wall_at c2 c2) (optimize (neg_dist 7) 6)))) sync_all) (optimize (neg_dist 2) 5))
      + solved [belief_witness] in 2130.1s: (compose (pipe_gpg (compose_gp dup (mapsnd (compose (wall_at c2 c2) (optimize (neg_dist 9) 8)))) sync_all) (optimize (neg_dist 5) 2))
      + solved [belief_witness] in 1930.1s: (compose (pipe_gpg (compose_gp dup (mapsnd (compose (wall_at c2 c2) (optimize (neg_dist 9) 8)))) sync_all) (optimize (neg_dist 2) 1))
      + solved [belief_witness] in 2145.6s: (compose (pipe_gpg (compose_gp dup (mapsnd (compose (wall_at c2 c2) (optimize (neg_dist 9) 8)))) sync_all) (optimize (neg_dist 4) 5))
      + solved [belief_witness] in 1961.4s: (compose (pipe_gpg (compose_gp dup (mapsnd (compose (wall_at c2 c2) (optimize (neg_dist 6) 2)))) sync_all) (optimize (neg_dist 5) 4))
      + solved [belief_witness] in 2070.4s: (compose (pipe_gpg (compose_gp dup (mapsnd (compose (wall_at c2 c2) (optimize (neg_dist 6) 2)))) sync_all) (optimize (neg_dist 1) 4))
      + solved [belief_witness] in 2121.1s: (compose (pipe_gpg (compose_gp dup (mapsnd (compose (wall_at c2 c2) (optimize (neg_dist 8) 5)))) sync_all) (optimize (neg_dist 1) 4))
[1274062] caught (compose (fn_1 (fn_4 8 5 c2) sync_all) (fn_3 4 1))
[1242164] caught (compose (fn_1 (fn_4 1 7 c2) sync_all) (fn_3 2 5))
[1242167] caught (compose (fn_1 (fn_4 1 7 c2) sync_all) (fn_3 4 2))
[1265359] caught (compose (fn_1 (fn_4 4 9 c2) sync_all) (fn_3 1 2))
[1254340] caught (compose (fn_1 (fn_4 4 9 c3) sync_all) (fn_3 1 5))
[1253766] caught (compose (fn_1 (fn_4 4 9 c2) sync_all) (fn_3 5 1))
[720226] caught (fn_1 (compose (step 5 up) (fn_3 5 4)) (sync_except 5))
[719185] caught (fn_1 (compose (step 7 up) (fn_3 7 6)) (sync_except 7))
[719425] caught (fn_1 (compose (step 2 down) (fn_3 2 1)) (sync_except 2))
[720226] caught (fn_1 (compose (step 5 up) (fn_3 5 4)) (sync_except 5))
[719425] caught (fn_1 (compose (step 5 down) (fn_3 5 4)) (sync_except 5))
[719425] caught (fn_1 (compose (step 7 down) (fn_3 7 6)) (sync_except 7))
[719185] caught (fn_1 (compose (step 2 up) (fn_3 2 1)) (sync_except 2))
[719185] caught (fn_1 (compose (step 7 up) (fn_3 7 6)) (sync_except 7))
[720466] caught (fn_1 (compose (step 9 down) (fn_3 9 8)) (sync_except 9))
[720226] caught (fn_1 (compose (step 9 up) (fn_3 9 8)) (sync_except 9))
      + solved [belief_witness] in 2102.9s: (compose (pipe_gpg (compose_gp dup (mapsnd (compose (wall_at c2 c2) (optimize (neg_dist 8) 5)))) sync_all) (optimize (neg_dist 4) 1))
      + solved [belief_witness] in 1998.7s: (compose (pipe_gpg (compose_gp dup (mapsnd (compose (wall_at c2 c2) (optimize (neg_dist 1) 7)))) sync_all) (optimize (neg_dist 2) 5))
      + solved [belief_witness] in 2008.1s: (compose (pipe_gpg (compose_gp dup (mapsnd (compose (wall_at c2 c2) (optimize (neg_dist 1) 7)))) sync_all) (optimize (neg_dist 4) 2))
      + solved [belief_witness] in 2068.7s: (compose (pipe_gpg (compose_gp dup (mapsnd (compose (wall_at c2 c2) (optimize (neg_dist 4) 9)))) sync_all) (optimize (neg_dist 1) 2))
      + solved [belief_witness] in 2055.5s: (compose (pipe_gpg (compose_gp dup (mapsnd (compose (wall_at c3 c2) (optimize (neg_dist 4) 9)))) sync_all) (optimize (neg_dist 1) 5))
      + solved [belief_witness] in 1921.3s: (compose (pipe_gpg (compose_gp dup (mapsnd (compose (wall_at c2 c2) (optimize (neg_dist 4) 9)))) sync_all) (optimize (neg_dist 5) 1))
[720226] caught (fn_1 (compose (step 9 up) (fn_3 9 8)) (sync_except 9))
[719425] caught (fn_1 (compose (step 6 down) (fn_3 6 2)) (sync_except 6))
[720206] caught (fn_1 (compose (step 6 up) (fn_3 6 2)) (sync_except 6))
[719185] caught (fn_1 (compose (step 8 up) (fn_3 8 5)) (sync_except 8))
[720466] caught (fn_1 (compose (step 8 down) (fn_3 8 5)) (sync_except 8))
[718424] caught (fn_1 (compose (step 1 down) (fn_3 1 7)) (sync_except 1))
[718204] caught (fn_1 (compose (step 1 up) (fn_3 1 7)) (sync_except 1))
      + solved [belief_goal] in 1191.0s: (pipe_gpg (compose_gp dup (mapsnd (compose (step 2 down) (optimize (neg_dist 2) 1)))) (sync_except 2))
      + solved [belief_goal] in 1282.8s: (pipe_gpg (compose_gp dup (mapsnd (compose (step 2 up) (optimize (neg_dist 2) 1)))) (sync_except 2))
      + solved [belief_goal] in 1192.2s: (pipe_gpg (compose_gp dup (mapsnd (compose (step 5 up) (optimize (neg_dist 5) 4)))) (sync_except 5))
      + solved [belief_goal] in 1210.1s: (pipe_gpg (compose_gp dup (mapsnd (compose (step 5 down) (optimize (neg_dist 5) 4)))) (sync_except 5))
      + solved [belief_goal] in 1155.9s: (pipe_gpg (compose_gp dup (mapsnd (compose (step 5 up) (optimize (neg_dist 5) 4)))) (sync_except 5))
      + solved [belief_goal] in 1164.9s: (pipe_gpg (compose_gp dup (mapsnd (compose (step 7 up) (optimize (neg_dist 7) 6)))) (sync_except 7))
      + solved [belief_goal] in 1281.6s: (pipe_gpg (compose_gp dup (mapsnd (compose (step 7 down) (optimize (neg_dist 7) 6)))) (sync_except 7))
[718204] caught (fn_1 (compose (step 4 up) (fn_3 4 9)) (sync_except 4))
[718444] caught (fn_1 (compose (step 1 down) (fn_3 1 7)) (sync_except 1))
      + solved [belief_goal] in 1286.3s: (pipe_gpg (compose_gp dup (mapsnd (compose (step 7 up) (optimize (neg_dist 7) 6)))) (sync_except 7))
      + solved [belief_goal] in 1279.8s: (pipe_gpg (compose_gp dup (mapsnd (compose (step 9 up) (optimize (neg_dist 9) 8)))) (sync_except 9))
[719465] caught (fn_1 (compose (step 4 down) (fn_3 4 9)) (sync_except 4))
      + solved [belief_goal] in 1149.3s: (pipe_gpg (compose_gp dup (mapsnd (compose (step 9 down) (optimize (neg_dist 9) 8)))) (sync_except 9))
[718204] caught (fn_1 (compose (step 4 up) (fn_3 4 9)) (sync_except 4))
      + solved [belief_goal] in 1117.9s: (pipe_gpg (compose_gp dup (mapsnd (compose (step 9 up) (optimize (neg_dist 9) 8)))) (sync_except 9))
[719465] caught (fn_1 (compose (step 4 down) (fn_3 4 9)) (sync_except 4))
      + solved [belief_goal] in 1206.4s: (pipe_gpg (compose_gp dup (mapsnd (compose (step 6 up) (optimize (neg_dist 6) 2)))) (sync_except 6))
      + solved [belief_goal] in 1081.7s: (pipe_gpg (compose_gp dup (mapsnd (compose (step 6 down) (optimize (neg_dist 6) 2)))) (sync_except 6))
      + solved [belief_goal] in 1079.4s: (pipe_gpg (compose_gp dup (mapsnd (compose (step 8 up) (optimize (neg_dist 8) 5)))) (sync_except 8))
      + solved [belief_goal] in 1184.5s: (pipe_gpg (compose_gp dup (mapsnd (compose (step 8 down) (optimize (neg_dist 8) 5)))) (sync_except 8))
[131873] caught (fn_1 (fn_0 1 2 c1 c0) (register (locate 1) (place 1)))
      + solved [belief_goal] in 1226.6s: (pipe_gpg (compose_gp dup (mapsnd (compose (step 1 down) (optimize (neg_dist 1) 7)))) (sync_except 1))
      + solved [belief_goal] in 1218.7s: (pipe_gpg (compose_gp dup (mapsnd (compose (step 1 up) (optimize (neg_dist 1) 7)))) (sync_except 1))
      + solved [belief_goal] in 1387.5s: (pipe_gpg (compose_gp dup (mapsnd (compose (step 1 down) (optimize (neg_dist 1) 7)))) (sync_except 1))
      + solved [belief_goal] in 1248.2s: (pipe_gpg (compose_gp dup (mapsnd (compose (step 4 up) (optimize (neg_dist 4) 9)))) (sync_except 4))
      + solved [belief_goal] in 1263.2s: (pipe_gpg (compose_gp dup (mapsnd (compose (step 4 down) (optimize (neg_dist 4) 9)))) (sync_except 4))
[132873] caught (fn_1 (fn_0 4 5 c2 c0) (register (locate 4) (place 4)))
[135253] caught (fn_1 (fn_0 4 5 c1 c0) (register (locate 4) (place 4)))
[ 12174] caught (fn_1 (fn_4 9 8 c1) (register (locate 8) (place 8)))
[631490] caught (fn_1 (fn_0 1 2 c4 c0) (register (locate 1) (place 1)))
      + solved [belief_goal] in 1206.8s: (pipe_gpg (compose_gp dup (mapsnd (compose (step 4 up) (optimize (neg_dist 4) 9)))) (sync_except 4))
      + solved [belief_goal] in 1168.3s: (pipe_gpg (compose_gp dup (mapsnd (compose (step 4 down) (optimize (neg_dist 4) 9)))) (sync_except 4))
[ 10715] caught (fn_1 (fn_4 2 1 c1) sync_all)
[135773] caught (fn_1 (fn_0 5 8 c2 c0) (register (locate 5) (place 5)))
[137361] caught (fn_1 (fn_0 9 4 c0 c1) (register (locate 9) (place 9)))
[133069] caught (fn_1 (fn_0 2 6 c1 c0) (register (locate 2) (place 2)))
[ 10695] caught (fn_1 (fn_4 5 4 c0) sync_all)
[ 67694] caught (fn_1 (fn_0 1 2 c4 c3) sync_all)
[ 10755] caught (fn_1 (fn_4 5 4 c3) sync_all)
[ 11135] caught (fn_1 (fn_4 7 6 c2) sync_all)
[ 10755] caught (fn_1 (fn_4 7 6 c3) sync_all)
[ 11135] caught (fn_1 (fn_4 9 8 c2) sync_all)
[ 67574] caught (fn_1 (fn_0 1 2 c3 c2) sync_all)
[ 67554] caught (fn_1 (fn_0 4 5 c3 c1) sync_all)
[ 67374] caught (fn_1 (fn_0 6 7 c1 c2) sync_all)
[209325] caught (fn_1 (fn_0 2 6 c3 c3) (register (locate 2) (place 2)))
[ 69554] caught (fn_1 (fn_0 8 9 c3 c1) sync_all)
[ 69674] caught (fn_1 (fn_0 8 9 c4 c2) sync_all)
[ 10755] caught (fn_1 (fn_4 8 5 c3) sync_all)
[ 11115] caught (fn_1 (fn_4 8 5 c1) sync_all)
[ 69354] caught (fn_1 (fn_0 2 6 c1 c1) sync_all)
[ 68074] caught (fn_1 (fn_0 2 6 c3 c2) sync_all)
[ 67394] caught (fn_1 (fn_0 2 6 c1 c3) sync_all)
[ 10655] caught (fn_1 (fn_4 4 9 c3) sync_all)
[ 69574] caught (fn_1 (fn_0 5 8 c3 c2) sync_all)
[ 68394] caught (fn_1 (fn_0 7 1 c1 c3) sync_all)
[ 70094] caught (fn_1 (fn_0 7 1 c3 c3) sync_all)
[ 70194] caught (fn_1 (fn_0 7 1 c4 c3) sync_all)
[ 70354] caught (fn_1 (fn_0 9 4 c1 c1) sync_all)
[ 69874] caught (fn_1 (fn_0 9 4 c1 c2) sync_all)
      + solved [belief_false_obstacle] in 226.4s: (pipe_gpg (compose_gp dup (mapsnd (compose (wall_at c0 c1) (optimize (neg_dist 2) 1)))) (register (locate 1) (place 1)))
      + solved [belief_false_obstacle] in 1338.8s: (pipe_gpg (compose_gp dup (mapsnd (compose (wall_at c0 c4) (optimize (neg_dist 2) 1)))) (register (locate 1) (place 1)))
      + solved [belief_false_obstacle] in 235.2s: (pipe_gpg (compose_gp dup (mapsnd (compose (wall_at c0 c1) (optimize (neg_dist 5) 4)))) (register (locate 4) (place 4)))
      + solved [belief_false_obstacle] in 217.9s: (pipe_gpg (compose_gp dup (mapsnd (compose (wall_at c0 c2) (optimize (neg_dist 5) 4)))) (register (locate 4) (place 4)))
      + solved [belief_false_obstacle] in 17.0s: (pipe_gpg (compose_gp dup (mapsnd (compose (wall_at c1 c2) (optimize (neg_dist 9) 8)))) (register (locate 8) (place 8)))
      + solved [belief_false_obstacle] in 417.0s: (pipe_gpg (compose_gp dup (mapsnd (compose (wall_at c3 c3) (optimize (neg_dist 6) 2)))) (register (locate 2) (place 2)))
      + solved [belief_false_obstacle] in 257.4s: (pipe_gpg (compose_gp dup (mapsnd (compose (wall_at c0 c1) (optimize (neg_dist 6) 2)))) (register (locate 2) (place 2)))
      + solved [belief_false_obstacle] in 252.0s: (pipe_gpg (compose_gp dup (mapsnd (compose (wall_at c0 c2) (optimize (neg_dist 8) 5)))) (register (locate 5) (place 5)))
      + solved [belief_false_obstacle] in 254.0s: (pipe_gpg (compose_gp dup (mapsnd (compose (wall_at c1 c0) (optimize (neg_dist 4) 9)))) (register (locate 9) (place 9)))
      + solved [belief_wall] in 16.2s: (pipe_gpg (compose_gp dup (mapsnd (compose (wall_at c1 c2) (optimize (neg_dist 2) 1)))) sync_all)
      + solved [belief_wall] in 107.9s: (pipe_gpg (compose_gp dup (mapsnd (compose (wall_at c3 c4) (optimize (neg_dist 2) 1)))) sync_all)
      + solved [belief_wall] in 107.4s: (pipe_gpg (compose_gp dup (mapsnd (compose (wall_at c2 c3) (optimize (neg_dist 2) 1)))) sync_all)
      + solved [belief_wall] in 117.3s: (pipe_gpg (compose_gp dup (mapsnd (compose (wall_at c1 c3) (optimize (neg_dist 5) 4)))) sync_all)
      + solved [belief_wall] in 14.0s: (pipe_gpg (compose_gp dup (mapsnd (compose (wall_at c0 c2) (optimize (neg_dist 5) 4)))) sync_all)
      + solved [belief_wall] in 14.9s: (pipe_gpg (compose_gp dup (mapsnd (compose (wall_at c3 c2) (optimize (neg_dist 5) 4)))) sync_all)
      + solved [belief_wall] in 112.2s: (pipe_gpg (compose_gp dup (mapsnd (compose (wall_at c2 c1) (optimize (neg_dist 7) 6)))) sync_all)
      + solved [belief_wall] in 16.6s: (pipe_gpg (compose_gp dup (mapsnd (compose (wall_at c2 c2) (optimize (neg_dist 7) 6)))) sync_all)
      + solved [belief_wall] in 14.8s: (pipe_gpg (compose_gp dup (mapsnd (compose (wall_at c3 c2) (optimize (neg_dist 7) 6)))) sync_all)
      + solved [belief_wall] in 16.8s: (pipe_gpg (compose_gp dup (mapsnd (compose (wall_at c2 c2) (optimize (neg_dist 9) 8)))) sync_all)
      + solved [belief_wall] in 130.4s: (pipe_gpg (compose_gp dup (mapsnd (compose (wall_at c1 c3) (optimize (neg_dist 9) 8)))) sync_all)
      + solved [belief_wall] in 112.4s: (pipe_gpg (compose_gp dup (mapsnd (compose (wall_at c2 c4) (optimize (neg_dist 9) 8)))) sync_all)
      + solved [belief_wall] in 136.3s: (pipe_gpg (compose_gp dup (mapsnd (compose (wall_at c2 c3) (optimize (neg_dist 6) 2)))) sync_all)
      + solved [belief_wall] in 113.0s: (pipe_gpg (compose_gp dup (mapsnd (compose (wall_at c1 c1) (optimize (neg_dist 6) 2)))) sync_all)
      + solved [belief_wall] in 102.6s: (pipe_gpg (compose_gp dup (mapsnd (compose (wall_at c3 c1) (optimize (neg_dist 6) 2)))) sync_all)
      + solved [belief_wall] in 125.0s: (pipe_gpg (compose_gp dup (mapsnd (compose (wall_at c2 c3) (optimize (neg_dist 8) 5)))) sync_all)
      + solved [belief_wall] in 18.2s: (pipe_gpg (compose_gp dup (mapsnd (compose (wall_at c3 c2) (optimize (neg_dist 8) 5)))) sync_all)
      + solved [belief_wall] in 22.9s: (pipe_gpg (compose_gp dup (mapsnd (compose (wall_at c1 c2) (optimize (neg_dist 8) 5)))) sync_all)
      + solved [belief_wall] in 120.4s: (pipe_gpg (compose_gp dup (mapsnd (compose (wall_at c3 c3) (optimize (neg_dist 1) 7)))) sync_all)
      + solved [belief_wall] in 108.7s: (pipe_gpg (compose_gp dup (mapsnd (compose (wall_at c3 c1) (optimize (neg_dist 1) 7)))) sync_all)
      + solved [belief_wall] in 104.3s: (pipe_gpg (compose_gp dup (mapsnd (compose (wall_at c3 c4) (optimize (neg_dist 1) 7)))) sync_all)
      + solved [belief_wall] in 14.6s: (pipe_gpg (compose_gp dup (mapsnd (compose (wall_at c3 c2) (optimize (neg_dist 4) 9)))) sync_all)
      + solved [belief_wall] in 113.7s: (pipe_gpg (compose_gp dup (mapsnd (compose (wall_at c1 c1) (optimize (neg_dist 4) 9)))) sync_all)
      + solved [belief_wall] in 106.0s: (pipe_gpg (compose_gp dup (mapsnd (compose (wall_at c2 c1) (optimize (neg_dist 4) 9)))) sync_all)
    per-task time (s): 75 solved [slowest solve 2386.3]
    (misses burned up to 3600.0s each; the uniform --t-fn can drop toward slowest-solve=2386.3s to cut wasted early-round time without losing a solve)
    solved 207/300 (+75 this round)
running stitch_core.compress on 207 programs (iterations=6, max_arity=5)
stitch returned 6 abstractions
added abstraction fn_6: (pipe_gpg (compose_gp dup (mapsnd (compose #2 (optimize (neg_dist #1) #0)))))  [cellvalue, cellvalue, fn, fn_p_g] -> fn
added abstraction fn_7: (compose (wall_at #3 #2) (optimize (neg_dist #1) #0))  [cellvalue, cellvalue, coord, coord] -> fn
added abstraction fn_8: (compose (fn_0 #4 #3 (wall_at #2 c2) sync_all) (optimize (neg_dist #1) #0))  [cellvalue, cellvalue, coord, cellvalue, cellvalue] -> fn
added abstraction fn_9: (fn_0 #2 #0 (step #0 #1) (sync_except #0))  [cellvalue, dir, cellvalue] -> fn
added abstraction fn_10: (fn_0 #0 #3 (wall_at #2 #1) (register (locate #0) (place #0)))  [cellvalue, coord, coord, cellvalue] -> fn
added abstraction fn_11: (fn_0 #3 #2 (wall_at #1 #0) sync_all)  [coord, coord, cellvalue, cellvalue] -> fn
    checkpointed 207 solved programs (6 abstractions) to the run/trajectory artifacts

--- round 3/6: 93 fn + 0 fn_p_g unsolved; |D|=51 (6 invented); fn Q=uniform/content; t_fn=3600s ---
    [instr] agency constructor in D: fn_8 (wall-based); belief solved (replay-eligible): 75/168
[758024] caught (compose (optimize (neg_dist 5) 4) (fn_10 1 c3 c1 2))
      + solved [belief_witness] in 3054.3s: (compose (optimize (neg_dist 5) 4) (pipe_gpg (compose_gp dup (mapsnd (compose (wall_at c1 c3) (optimize (neg_dist 2) 1)))) (register (locate 1) (place 1))))
[743558] caught (compose (optimize (neg_dist 2) 1) (fn_10 4 c1 c2 5))
[746531] caught (compose (optimize (neg_dist 2) 5) (fn_10 7 c1 c2 1))
[595003] caught (fn_6 1 2 (fn_8 2 0 c3 1 2) (sync_except 2))
[ 42544] caught (fn_6 4 5 (fn_8 5 9 c2 9 5) (sync_except 5))
[753570] caught (compose (optimize (neg_dist 4) 5) (fn_10 1 c1 c3 2))
[743558] caught (compose (optimize (neg_dist 2) 1) (fn_10 4 c1 c2 5))
      + solved [belief_witness] in 3340.3s: (compose (optimize (neg_dist 4) 5) (pipe_gpg (compose_gp dup (mapsnd (compose (wall_at c3 c1) (optimize (neg_dist 2) 1)))) (register (locate 1) (place 1))))
      + solved [belief_witness] in 3408.5s: (compose (optimize (neg_dist 2) 1) (pipe_gpg (compose_gp dup (mapsnd (compose (wall_at c2 c1) (optimize (neg_dist 5) 4)))) (register (locate 4) (place 4))))
      + solved [belief_witness] in 3056.5s: (compose (optimize (neg_dist 2) 1) (pipe_gpg (compose_gp dup (mapsnd (compose (wall_at c2 c1) (optimize (neg_dist 5) 4)))) (register (locate 4) (place 4))))
      + solved [belief_witness] in 3059.5s: (compose (optimize (neg_dist 2) 5) (pipe_gpg (compose_gp dup (mapsnd (compose (wall_at c2 c1) (optimize (neg_dist 1) 7)))) (register (locate 7) (place 7))))
      + solved [belief_goal] in 3066.5s: (pipe_gpg (compose_gp dup (mapsnd (compose (compose (pipe_gpg (compose_gp dup (mapsnd (compose (wall_at c3 c2) (optimize (neg_dist 1) 2)))) sync_all) (optimize (neg_dist 0) 2)) (optimize (neg_dist 2) 1)))) (sync_except 2))
[ 11736] caught (compose (optimize (neg_dist 2) 8) (fn_9 2 down 1))
[ 11736] caught (compose (optimize (neg_dist 7) 9) (fn_9 7 down 6))
[ 11733] caught (compose (optimize (neg_dist 7) 8) (fn_9 7 up 6))
[ 11733] caught (compose (optimize (neg_dist 2) 6) (fn_9 2 up 1))
[ 11733] caught (compose (optimize (neg_dist 2) 8) (fn_9 2 up 1))
[ 12223] caught (compose (optimize (neg_dist 5) 2) (fn_9 5 down 4))
[ 12220] caught (compose (optimize (neg_dist 7) 1) (fn_9 7 up 6))
[ 12220] caught (compose (optimize (neg_dist 5) 2) (fn_9 5 up 4))
[ 12223] caught (compose (optimize (neg_dist 9) 5) (fn_9 9 down 8))
[ 12220] caught (compose (optimize (neg_dist 5) 1) (fn_9 5 up 4))
[ 12220] caught (compose (optimize (neg_dist 9) 1) (fn_9 9 up 8))
[  9830] caught (compose (optimize (neg_dist 1) 2) (fn_9 1 down 7))
[ 12220] caught (compose (optimize (neg_dist 9) 7) (fn_9 9 up 8))
[ 12223] caught (compose (optimize (neg_dist 6) 1) (fn_9 6 down 2))
[ 10300] caught (compose (optimize (neg_dist 1) 8) (fn_9 1 up 7))
[ 10787] caught (compose (optimize (neg_dist 4) 1) (fn_9 4 up 9))
[ 12220] caught (compose (optimize (neg_dist 8) 4) (fn_9 8 up 5))
[ 11736] caught (compose (optimize (neg_dist 8) 9) (fn_9 8 down 5))
[  9827] caught (compose (optimize (neg_dist 1) 6) (fn_9 1 up 7))
[ 12693] caught (compose (optimize (neg_dist 6) 5) (fn_9 6 up 2))
[ 12693] caught (compose (optimize (neg_dist 8) 7) (fn_9 8 up 5))
[ 12693] caught (compose (optimize (neg_dist 6) 5) (fn_9 6 up 2))
[  9827] caught (compose (optimize (neg_dist 4) 5) (fn_9 4 up 9))
[ 10790] caught (compose (optimize (neg_dist 4) 2) (fn_9 4 down 9))
[ 77643] caught (fn_6 8 9 (fn_8 9 7 c3 7 9) (sync_except 9))
      + solved [belief_goal] in 168.8s: (pipe_gpg (compose_gp dup (mapsnd (compose (compose (pipe_gpg (compose_gp dup (mapsnd (compose (wall_at c2 c2) (optimize (neg_dist 9) 5)))) sync_all) (optimize (neg_dist 9) 5)) (optimize (neg_dist 5) 4)))) (sync_except 5))
      + solved [belief_goal] in 346.3s: (pipe_gpg (compose_gp dup (mapsnd (compose (compose (pipe_gpg (compose_gp dup (mapsnd (compose (wall_at c3 c2) (optimize (neg_dist 7) 9)))) sync_all) (optimize (neg_dist 7) 9)) (optimize (neg_dist 9) 8)))) (sync_except 9))
      + solved [belief_observers] in 32.3s: (compose (optimize (neg_dist 2) 6) (pipe_gpg (compose_gp dup (mapsnd (compose (step 2 up) (optimize (neg_dist 2) 1)))) (sync_except 2)))
      + solved [belief_observers] in 31.5s: (compose (optimize (neg_dist 2) 8) (pipe_gpg (compose_gp dup (mapsnd (compose (step 2 down) (optimize (neg_dist 2) 1)))) (sync_except 2)))
      + solved [belief_observers] in 32.4s: (compose (optimize (neg_dist 2) 8) (pipe_gpg (compose_gp dup (mapsnd (compose (step 2 up) (optimize (neg_dist 2) 1)))) (sync_except 2)))
      + solved [belief_observers] in 35.0s: (compose (optimize (neg_dist 5) 2) (pipe_gpg (compose_gp dup (mapsnd (compose (step 5 up) (optimize (neg_dist 5) 4)))) (sync_except 5)))
      + solved [belief_observers] in 34.2s: (compose (optimize (neg_dist 5) 2) (pipe_gpg (compose_gp dup (mapsnd (compose (step 5 down) (optimize (neg_dist 5) 4)))) (sync_except 5)))
      + solved [belief_observers] in 36.2s: (compose (optimize (neg_dist 5) 1) (pipe_gpg (compose_gp dup (mapsnd (compose (step 5 up) (optimize (neg_dist 5) 4)))) (sync_except 5)))
      + solved [belief_observers] in 34.5s: (compose (optimize (neg_dist 7) 1) (pipe_gpg (compose_gp dup (mapsnd (compose (step 7 up) (optimize (neg_dist 7) 6)))) (sync_except 7)))
      + solved [belief_observers] in 31.4s: (compose (optimize (neg_dist 7) 9) (pipe_gpg (compose_gp dup (mapsnd (compose (step 7 down) (optimize (neg_dist 7) 6)))) (sync_except 7)))
      + solved [belief_observers] in 31.6s: (compose (optimize (neg_dist 7) 8) (pipe_gpg (compose_gp dup (mapsnd (compose (step 7 up) (optimize (neg_dist 7) 6)))) (sync_except 7)))
      + solved [belief_observers] in 38.5s: (compose (optimize (neg_dist 9) 1) (pipe_gpg (compose_gp dup (mapsnd (compose (step 9 up) (optimize (neg_dist 9) 8)))) (sync_except 9)))
      + solved [belief_observers] in 35.0s: (compose (optimize (neg_dist 9) 5) (pipe_gpg (compose_gp dup (mapsnd (compose (step 9 down) (optimize (neg_dist 9) 8)))) (sync_except 9)))
      + solved [belief_observers] in 32.0s: (compose (optimize (neg_dist 9) 7) (pipe_gpg (compose_gp dup (mapsnd (compose (step 9 up) (optimize (neg_dist 9) 8)))) (sync_except 9)))
      + solved [belief_observers] in 40.0s: (compose (optimize (neg_dist 6) 5) (pipe_gpg (compose_gp dup (mapsnd (compose (step 6 up) (optimize (neg_dist 6) 2)))) (sync_except 6)))
      + solved [belief_observers] in 32.2s: (compose (optimize (neg_dist 6) 1) (pipe_gpg (compose_gp dup (mapsnd (compose (step 6 down) (optimize (neg_dist 6) 2)))) (sync_except 6)))
      + solved [belief_observers] in 35.3s: (compose (optimize (neg_dist 6) 5) (pipe_gpg (compose_gp dup (mapsnd (compose (step 6 up) (optimize (neg_dist 6) 2)))) (sync_except 6)))
      + solved [belief_observers] in 34.0s: (compose (optimize (neg_dist 8) 4) (pipe_gpg (compose_gp dup (mapsnd (compose (step 8 up) (optimize (neg_dist 8) 5)))) (sync_except 8)))
      + solved [belief_observers] in 33.1s: (compose (optimize (neg_dist 8) 9) (pipe_gpg (compose_gp dup (mapsnd (compose (step 8 down) (optimize (neg_dist 8) 5)))) (sync_except 8)))
      + solved [belief_observers] in 35.8s: (compose (optimize (neg_dist 8) 7) (pipe_gpg (compose_gp dup (mapsnd (compose (step 8 up) (optimize (neg_dist 8) 5)))) (sync_except 8)))
      + solved [belief_observers] in 29.4s: (compose (optimize (neg_dist 1) 8) (pipe_gpg (compose_gp dup (mapsnd (compose (step 1 up) (optimize (neg_dist 1) 7)))) (sync_except 1)))
      + solved [belief_observers] in 28.0s: (compose (optimize (neg_dist 1) 2) (pipe_gpg (compose_gp dup (mapsnd (compose (step 1 down) (optimize (neg_dist 1) 7)))) (sync_except 1)))
      + solved [belief_observers] in 31.2s: (compose (optimize (neg_dist 1) 6) (pipe_gpg (compose_gp dup (mapsnd (compose (step 1 up) (optimize (neg_dist 1) 7)))) (sync_except 1)))
      + solved [belief_observers] in 27.5s: (compose (optimize (neg_dist 4) 1) (pipe_gpg (compose_gp dup (mapsnd (compose (step 4 up) (optimize (neg_dist 4) 9)))) (sync_except 4)))
      + solved [belief_observers] in 28.3s: (compose (optimize (neg_dist 4) 2) (pipe_gpg (compose_gp dup (mapsnd (compose (step 4 down) (optimize (neg_dist 4) 9)))) (sync_except 4)))
      + solved [belief_observers] in 26.4s: (compose (optimize (neg_dist 4) 5) (pipe_gpg (compose_gp dup (mapsnd (compose (step 4 up) (optimize (neg_dist 4) 9)))) (sync_except 4)))
    per-task time (s): 32 solved [slowest solve 3408.5]
    (misses burned up to 3600.0s each; the uniform --t-fn can drop toward slowest-solve=3408.5s to cut wasted early-round time without losing a solve)
    solved 239/300 (+32 this round)
running stitch_core.compress on 239 programs (iterations=6, max_arity=5)
stitch returned 6 abstractions
added abstraction fn_6: (pipe_gpg (compose_gp dup (mapsnd (compose #2 (optimize (neg_dist #1) #0)))))  [cellvalue, cellvalue, fn, fn_p_g] -> fn
added abstraction fn_7: (compose (optimize (neg_dist #0) #3) (fn_0 #2 #0 (step #0 #1) (sync_except #0)))  [cellvalue, dir, cellvalue, cellvalue] -> fn
added abstraction fn_8: (compose #2 (optimize (neg_dist #1) #0))  [cellvalue, cellvalue, fn] -> fn
added abstraction fn_9: (fn_0 #2 #1 (wall_at #0 c2) sync_all)  [coord, cellvalue, cellvalue] -> fn
added abstraction fn_10: (fn_0 #2 #0 (step #0 #1) (sync_except #0))  [cellvalue, dir, cellvalue] -> fn
added abstraction fn_11: (fn_0 #0 #3 (wall_at #2 #1) (register (locate #0) (place #0)))  [cellvalue, coord, coord, cellvalue] -> fn
    checkpointed 239 solved programs (6 abstractions) to the run/trajectory artifacts

--- round 4/6: 61 fn + 0 fn_p_g unsolved; |D|=51 (6 invented); fn Q=uniform/content; t_fn=3600s ---
    [instr] agency constructor in D: fn_7 (wall-free); belief solved (replay-eligible): 107/168
[ 13851] caught (compose (fn_7 2 down 1 1) (optimize (distance 2) 1))
[308820] caught (fn_8 4 5 (fn_11 6 c1 c1 7))
[312656] caught (fn_8 1 4 (fn_11 2 c1 c1 6))
[301026] caught (fn_8 1 2 (fn_11 4 c3 c3 5))
[301042] caught (fn_8 1 2 (fn_11 8 c4 c2 9))
[302018] caught (fn_8 1 4 (fn_11 5 c1 c2 8))
[338013] caught (fn_8 2 1 (fn_11 9 c3 c3 4))
[301121] caught (fn_8 1 2 (fn_11 9 c3 c2 4))
[302540] caught (fn_8 1 5 (fn_11 8 c1 c3 9))
[302058] caught (fn_8 1 4 (fn_11 5 c3 c2 8))
[304692] caught (fn_8 2 5 (fn_11 8 c4 c2 9))
[342062] caught (fn_8 4 1 (fn_11 5 c1 c2 8))
[342620] caught (fn_8 4 2 (fn_11 5 c3 c2 8))
[ 12988] caught (compose (fn_7 1 up 7 7) (optimize (distance 1) 7))
[342616] caught (fn_8 4 2 (fn_11 6 c3 c1 7))
[337965] caught (fn_8 2 1 (fn_11 9 c1 c1 4))
[388054] caught (fn_8 4 1 (fn_11 2 c3 c2 6))
[402663] caught (fn_8 5 4 (fn_11 7 c4 c2 1))
[399511] caught (fn_8 4 2 (fn_11 7 c3 c2 1))
[422210] caught (fn_8 4 5 (fn_11 1 c1 c2 2))
      + solved [belief_witness] in 1744.0s: (compose (pipe_gpg (compose_gp dup (mapsnd (compose (wall_at c2 c1) (optimize (neg_dist 2) 1)))) (register (locate 1) (place 1))) (optimize (neg_dist 5) 4))
[388054] caught (fn_8 4 1 (fn_11 2 c3 c2 6))
[399471] caught (fn_8 4 2 (fn_11 7 c1 c2 1))
[402346] caught (fn_8 5 4 (fn_11 2 c3 c2 6))
[459138] caught (fn_8 5 4 (fn_11 1 c3 c2 2))
      + solved [belief_witness] in 1905.8s: (compose (pipe_gpg (compose_gp dup (mapsnd (compose (wall_at c2 c3) (optimize (neg_dist 2) 1)))) (register (locate 1) (place 1))) (optimize (neg_dist 4) 5))
[459134] caught (fn_8 5 4 (fn_11 1 c3 c1 2))
      + solved [belief_witness] in 1951.4s: (compose (pipe_gpg (compose_gp dup (mapsnd (compose (wall_at c1 c3) (optimize (neg_dist 2) 1)))) (register (locate 1) (place 1))) (optimize (neg_dist 4) 5))
      + solved [belief_witness] in 1224.2s: (compose (pipe_gpg (compose_gp dup (mapsnd (compose (wall_at c3 c3) (optimize (neg_dist 5) 4)))) (register (locate 4) (place 4))) (optimize (neg_dist 2) 1))
      + solved [belief_witness] in 1163.7s: (compose (pipe_gpg (compose_gp dup (mapsnd (compose (wall_at c1 c1) (optimize (neg_dist 7) 6)))) (register (locate 6) (place 6))) (optimize (neg_dist 5) 4))
      + solved [belief_witness] in 1449.2s: (compose (pipe_gpg (compose_gp dup (mapsnd (compose (wall_at c1 c3) (optimize (neg_dist 7) 6)))) (register (locate 6) (place 6))) (optimize (neg_dist 2) 4))
      + solved [belief_witness] in 1232.1s: (compose (pipe_gpg (compose_gp dup (mapsnd (compose (wall_at c2 c4) (optimize (neg_dist 9) 8)))) (register (locate 8) (place 8))) (optimize (neg_dist 2) 1))
      + solved [belief_witness] in 1331.5s: (compose (pipe_gpg (compose_gp dup (mapsnd (compose (wall_at c2 c4) (optimize (neg_dist 9) 8)))) (register (locate 8) (place 8))) (optimize (neg_dist 5) 2))
      + solved [belief_witness] in 1313.7s: (compose (pipe_gpg (compose_gp dup (mapsnd (compose (wall_at c3 c1) (optimize (neg_dist 9) 8)))) (register (locate 8) (place 8))) (optimize (neg_dist 5) 1))
      + solved [belief_witness] in 1173.5s: (compose (pipe_gpg (compose_gp dup (mapsnd (compose (wall_at c1 c1) (optimize (neg_dist 6) 2)))) (register (locate 2) (place 2))) (optimize (neg_dist 4) 1))
      + solved [belief_witness] in 1767.2s: (compose (pipe_gpg (compose_gp dup (mapsnd (compose (wall_at c2 c3) (optimize (neg_dist 6) 2)))) (register (locate 2) (place 2))) (optimize (neg_dist 1) 4))
      + solved [belief_witness] in 1877.6s: (compose (pipe_gpg (compose_gp dup (mapsnd (compose (wall_at c2 c3) (optimize (neg_dist 6) 2)))) (register (locate 2) (place 2))) (optimize (neg_dist 4) 5))
      + solved [belief_witness] in 1564.0s: (compose (pipe_gpg (compose_gp dup (mapsnd (compose (wall_at c2 c3) (optimize (neg_dist 6) 2)))) (register (locate 2) (place 2))) (optimize (neg_dist 1) 4))
      + solved [belief_witness] in 1314.2s: (compose (pipe_gpg (compose_gp dup (mapsnd (compose (wall_at c2 c3) (optimize (neg_dist 8) 5)))) (register (locate 5) (place 5))) (optimize (neg_dist 4) 1))
      + solved [belief_witness] in 1263.4s: (compose (pipe_gpg (compose_gp dup (mapsnd (compose (wall_at c2 c1) (optimize (neg_dist 8) 5)))) (register (locate 5) (place 5))) (optimize (neg_dist 4) 1))
      + solved [belief_witness] in 1374.1s: (compose (pipe_gpg (compose_gp dup (mapsnd (compose (wall_at c2 c1) (optimize (neg_dist 8) 5)))) (register (locate 5) (place 5))) (optimize (neg_dist 1) 4))
      + solved [belief_witness] in 1399.0s: (compose (pipe_gpg (compose_gp dup (mapsnd (compose (wall_at c2 c3) (optimize (neg_dist 8) 5)))) (register (locate 5) (place 5))) (optimize (neg_dist 2) 4))
      + solved [belief_witness] in 1676.5s: (compose (pipe_gpg (compose_gp dup (mapsnd (compose (wall_at c2 c4) (optimize (neg_dist 1) 7)))) (register (locate 7) (place 7))) (optimize (neg_dist 4) 5))
      + solved [belief_witness] in 1771.8s: (compose (pipe_gpg (compose_gp dup (mapsnd (compose (wall_at c2 c1) (optimize (neg_dist 1) 7)))) (register (locate 7) (place 7))) (optimize (neg_dist 2) 4))
      + solved [belief_witness] in 1719.3s: (compose (pipe_gpg (compose_gp dup (mapsnd (compose (wall_at c2 c3) (optimize (neg_dist 1) 7)))) (register (locate 7) (place 7))) (optimize (neg_dist 2) 4))
      + solved [belief_witness] in 1303.4s: (compose (pipe_gpg (compose_gp dup (mapsnd (compose (wall_at c2 c3) (optimize (neg_dist 4) 9)))) (register (locate 9) (place 9))) (optimize (neg_dist 2) 1))
      + solved [belief_witness] in 1533.1s: (compose (pipe_gpg (compose_gp dup (mapsnd (compose (wall_at c1 c1) (optimize (neg_dist 4) 9)))) (register (locate 9) (place 9))) (optimize (neg_dist 1) 2))
      + solved [belief_witness] in 1269.0s: (compose (pipe_gpg (compose_gp dup (mapsnd (compose (wall_at c3 c3) (optimize (neg_dist 4) 9)))) (register (locate 9) (place 9))) (optimize (neg_dist 1) 2))
      + solved [belief_goal] in 48.5s: (compose (compose (optimize (neg_dist 2) 1) (pipe_gpg (compose_gp dup (mapsnd (compose (step 2 down) (optimize (neg_dist 2) 1)))) (sync_except 2))) (optimize (distance 2) 1))
      + solved [belief_goal] in 34.4s: (compose (compose (optimize (neg_dist 1) 7) (pipe_gpg (compose_gp dup (mapsnd (compose (step 1 up) (optimize (neg_dist 1) 7)))) (sync_except 1))) (optimize (distance 1) 7))
    per-task time (s): 25 solved [slowest solve 1951.4]
    (misses burned up to 3600.0s each; the uniform --t-fn can drop toward slowest-solve=1951.4s to cut wasted early-round time without losing a solve)
    solved 264/300 (+25 this round)
running stitch_core.compress on 264 programs (iterations=6, max_arity=5)
stitch returned 6 abstractions
added abstraction fn_6: (pipe_gpg (compose_gp dup (mapsnd (compose #2 (optimize (neg_dist #1) #0)))))  [cellvalue, cellvalue, fn, fn_p_g] -> fn
added abstraction fn_7: (fn_0 #0 #3 (wall_at #2 #1) (register (locate #0) (place #0)))  [cellvalue, coord, coord, cellvalue] -> fn
added abstraction fn_8: (compose (optimize (neg_dist #0) #3) (fn_0 #2 #0 (step #0 #1) (sync_except #0)))  [cellvalue, dir, cellvalue, cellvalue] -> fn
added abstraction fn_9: (compose #2 (optimize (neg_dist #1) #0))  [cellvalue, cellvalue, fn] -> fn
added abstraction fn_10: (fn_0 #2 #1 (wall_at #0 c2) sync_all)  [coord, cellvalue, cellvalue] -> fn
added abstraction fn_11: (fn_0 #2 #0 (step #0 #1) (sync_except #0))  [cellvalue, dir, cellvalue] -> fn
    checkpointed 264 solved programs (6 abstractions) to the run/trajectory artifacts

--- round 5/6: 36 fn + 0 fn_p_g unsolved; |D|=51 (6 invented); fn Q=uniform/content; t_fn=3600s ---
    [instr] agency constructor in D: fn_7 (wall-based); belief solved (replay-eligible): 132/168
    per-task time (s): 0 solved
    solved 264/300 (+0 this round)
running stitch_core.compress on 264 programs (iterations=6, max_arity=5)
stitch returned 6 abstractions
added abstraction fn_6: (pipe_gpg (compose_gp dup (mapsnd (compose #2 (optimize (neg_dist #1) #0)))))  [cellvalue, cellvalue, fn, fn_p_g] -> fn
added abstraction fn_7: (fn_0 #0 #3 (wall_at #2 #1) (register (locate #0) (place #0)))  [cellvalue, coord, coord, cellvalue] -> fn
added abstraction fn_8: (compose (optimize (neg_dist #0) #3) (fn_0 #2 #0 (step #0 #1) (sync_except #0)))  [cellvalue, dir, cellvalue, cellvalue] -> fn
added abstraction fn_9: (compose #2 (optimize (neg_dist #1) #0))  [cellvalue, cellvalue, fn] -> fn
added abstraction fn_10: (fn_0 #2 #1 (wall_at #0 c2) sync_all)  [coord, cellvalue, cellvalue] -> fn
added abstraction fn_11: (fn_0 #2 #0 (step #0 #1) (sync_except #0))  [cellvalue, dir, cellvalue] -> fn
    checkpointed 264 solved programs (6 abstractions) to the run/trajectory artifacts
    no new tasks solved this round (uniform/content Q) — wake-sleep stalled (raise t_fn / ecd_iters, or the abstraction belief needs hasn't formed).
  wrote run artifact (264 solved programs) to phase2_run.json
  wrote trajectory artifact (264 solved programs, 4 rounds) to phase2_traj.json

========================================================================
(A) USAGE CENSUS — which core parts each family reaches for (pre-stitch)
========================================================================
  physics       4/4 solved   uses: ['step']
  desire        16/16 solved   uses: ['neg_dist', 'optimize']
  overlay       4/4 solved   uses: ['compose', 'compose_gp', 'dup', 'mapsnd', 'overlay', 'pipe_gpg', 'step']
  comet         4/4 solved   uses: ['compose', 'compose_gp', 'dup', 'mapsnd', 'neg_dist', 'optimize', 'overlay', 'pipe_gpg']
  registration  4/4 solved   uses: ['register']
  belief        132/168 solved   uses: ['compose', 'compose_gp', 'dup', 'mapsnd', 'neg_dist', 'optimize', 'pipe_gpg', 'register', 'step', 'sync_to_world', 'wall_at']
  flee          4/4 solved   uses: ['optimize']
  deletion      4/4 solved   uses: []
  denoise       4/4 solved   uses: []
  obstacle      48/48 solved   uses: ['compose', 'neg_dist', 'optimize', 'wall_at']
  relocate      16/16 solved   uses: ['compose', 'wall_at']
  underlay      4/4 solved   uses: ['compose', 'compose_gp', 'dup', 'mapsnd', 'pipe_gpg', 'step']
  perception    4/4 solved   uses: []
  multi_reg     4/4 solved   uses: []
  reg_except    4/4 solved   uses: []
  inpaint       4/4 solved   uses: []
  readout       4/4 solved   uses: []

  belief variants (pooled as kind='belief' above; agency commit form):
    belief_goal            27/48 solved   commit: 0 literal, 24 degenerate, 3 complement
    belief_observers       24/24 solved   commit: 0 literal, 24 degenerate
    belief_wall            24/24 solved   commit: 0 literal, 24 degenerate
    belief_witness         48/48 solved   commit: 28 literal, 20 degenerate
    belief_false_obstacle  9/24 solved   commit: 9 literal, 0 degenerate

  two observers, one world — SELECTIVE attribution:
  24/24 solved scenes commit for the believer and NOT for the observer
  (0 attribute a private model to the bystander, whose walk is plain desire)
  (degenerate scope commits are canonicalised to the agency commit first — see (A))

  fork used outside belief (overlay/comet)   : True
  sync used outside belief (registration)    : True
  wall_at used outside belief (obstacle)     : True
  belief reuses BOTH fork and sync           : True
  fork∧sync agency is unique to belief       : True
  obstacle-belief models misplace the wall   : True   (plain/false-obstacle only; goal/observers are displaced-goal, not wall)

  DISCLOSURE — agency commit on minimal scenes
  92/129 belief solutions commit via a SCOPE complement (sync_except gv / sync_all) rather
  than sync_to_world(av).  On a scene whose only committed model-mover is the
  agent, 'move everything but the goal' == 'move the agent' — the two commits are
  extensionally identical (verified for every belief family).  It is the SAME
  fork-structured belief with the agency hole expressed on the goal rather than
  the actor, NOT a non-belief rival; counted as the agency commit above.
  For goal-displacement this is INTRINSIC, not sampled: on a two-value scene
  sync_except(gv) moves exactly {av}, so it IS sync_to_world(av) on every
  expressible scene.  Certified at construction (_goal_scope_certified): every
  OTHER scope complement fails per scene; the family whose scenes FORCE the
  literal spelling is false-obstacle, below.

  FORCED LITERAL COMMIT — false-obstacle family (degeneracy excluded by construction)
  9/24 false-obstacle tasks solved; commit forms: 9 literal, 0 degenerate, 0 complement.
  Every solved one commits via the literal sync_to_world(av): no scope complement
  reproduces these scenes when paired with the derive this family certifies
  (real wall and goal stay put), so the agency commit is FORCED and found —
  not merely argued extensionally equal to a cheaper complement.

========================================================================
(A′) CUBE CENSUS — which symmetric corner each family selected
     (commit-axis corners judged AT the world-level commit; the other
      axes — grid-edit / utility / bifunctor / pairing — over the program)
========================================================================
  physics       (none)
  desire        neg_dist×16
  overlay       mapsnd×4, dup×4, overlay×4
  comet         mapsnd×4, dup×4, neg_dist×4, overlay×4
  registration  locate×4, register×4, place×4
  belief        dup×81, neg_dist×81, mapsnd×81, wall_at×81, sync_to_world×44, locate×37, register×37, place×37
  flee          distance×4
  deletion      clear_at×4
  denoise       erase×4
  obstacle      neg_dist×48, wall_at×48
  relocate      wall_at×16, clear_at×16
  underlay      mapsnd×4, dup×4, underlay×4
  perception    via_swap×4, sync_all×4
  multi_reg     sync_all×4
  reg_except    sync_except×4
  inpaint       underlay×4
  readout       snd_gg×4

  belief keeps the agency corner (register + wall_at)      : True
  belief avoids every symmetric complement                 : True
    (note: 92 belief solve(s) committed via a scope complement extensionally
     equal to register(av) — the degenerate agency commit, not a complement; see (A))
  some complement is used elsewhere (field is live)        : True
  complements claimed by another family                    : ['clear_at', 'distance', 'erase', 'snd_gg', 'sync_all', 'sync_except', 'underlay', 'via_swap']
  => over the full symmetric field, MDL still selects the one asymmetric
     corner for belief — the agency signature is discovered, not gerrymandered.

========================================================================
(B) JOINT COMPRESSION — final library over all 264 solutions (last stitch: iterations=6)
========================================================================

  invented abstractions:
    fn_6 «desire_fragment»  [cellvalue, cellvalue, fn, fn_p_g] -> fn
      body: (pipe_gpg (compose_gp dup (mapsnd (compose $2 (optimize (neg_dist $1) $0)))) $3)
      (desire fragment)
    fn_7 «agent_constructor»  [cellvalue, coord, coord, cellvalue] -> fn
      body: (pipe_gpg (compose_gp dup (mapsnd (compose (wall_at $2 $1) (optimize (neg_dist $3) $0)))) (register (locate $0) (place $0)))
      *** AGENT TYPE CONSTRUCTOR (belief) ***
          used by 37 belief solves
          shared holes: $0 (x3)  — actor AND committer
    fn_8 «agent_constructor_degenerate»  [cellvalue, dir, cellvalue, cellvalue] -> fn
      body: (compose (optimize (neg_dist $0) $3) (pipe_gpg (compose_gp dup (mapsnd (compose (step $0 $1) (optimize (neg_dist $0) $2)))) (sync_except $0)))
      *** AGENT TYPE CONSTRUCTOR (belief — degenerate scope-complement commit) ***
          used by 26 belief solves
          shared holes: $0 (x4)  — actor AND committer (commit expressed on the goal)
    fn_9 «desire_fragment»  [cellvalue, cellvalue, fn] -> fn
      body: (compose $2 (optimize (neg_dist $1) $0))
      (desire fragment)
    fn_10 «agent_constructor_degenerate»  [coord, cellvalue, cellvalue] -> fn
      body: (pipe_gpg (compose_gp dup (mapsnd (compose (wall_at $0 c2) (optimize (neg_dist $1) $2)))) sync_all)
      *** AGENT TYPE CONSTRUCTOR (belief — degenerate scope-complement commit) ***
          used by 32 belief solves
    fn_11 «agent_constructor_degenerate»  [cellvalue, dir, cellvalue] -> fn
      body: (pipe_gpg (compose_gp dup (mapsnd (compose (step $0 $1) (optimize (neg_dist $0) $2)))) (sync_except $0))
      *** AGENT TYPE CONSTRUCTOR (belief — degenerate scope-complement commit) ***
          used by 22 belief solves
          shared holes: $0 (x3)  — actor AND committer (commit expressed on the goal)

  abstraction usage by family (from stitch's rewritten programs):
    physics       (bare prims)×4
    desire        (bare prims)×16
    overlay       (bare prims)×4
    comet         (bare prims)×4
    registration  (bare prims)×4
    belief        fn_9×46, fn_7×37, fn_10×32, fn_8×26, fn_11×22, fn_6×18
    flee          (bare prims)×4
    deletion      (bare prims)×4
    denoise       (bare prims)×4
    obstacle      fn_9×47, (bare prims)×1
    relocate      (bare prims)×16
    underlay      (bare prims)×4
    perception    (bare prims)×4
    multi_reg     (bare prims)×4
    reg_except    (bare prims)×4
    inpaint       (bare prims)×4
    readout       (bare prims)×4

========================================================================
(B′) ABSTRACTION GENERALITY — does seek/policy carry holes for (gv, av)?
========================================================================

  desire: 8 distinct (gv,av) combos solved & rewritten
    (no seek/policy abstraction reached these rewritten programs)

  obstacle: 8 distinct (gv,av) combos solved & rewritten
    fn_9 [seek]  reused by 8/8 combos  holes=3
        body: (compose $2 (optimize (neg_dist $1) $0))

  belief: 8 distinct (gv,av) combos solved & rewritten
    fn_7 [policy]  reused by 8/8 combos  holes=4
        body: (pipe_gpg (compose_gp dup (mapsnd (compose (wall_at $2 $1) (optimize (neg_dist $3) $0)))) (register (locate $0) (place $0)))
    fn_9 [seek]  reused by 8/8 combos  holes=3
        body: (compose $2 (optimize (neg_dist $1) $0))
    fn_10 [policy]  reused by 8/8 combos  holes=3
        body: (pipe_gpg (compose_gp dup (mapsnd (compose (wall_at $0 c2) (optimize (neg_dist $1) $2)))) sync_all)
    fn_11 [seek]  reused by 8/8 combos  holes=3
        body: (pipe_gpg (compose_gp dup (mapsnd (compose (step $0 $1) (optimize (neg_dist $0) $2)))) (sync_except $0))
    fn_6 [seek]  reused by 8/8 combos  holes=4
        body: (pipe_gpg (compose_gp dup (mapsnd (compose $2 (optimize (neg_dist $1) $0)))) $3)
    fn_8 [seek]  reused by 8/8 combos  holes=4
        body: (compose (optimize (neg_dist $0) $3) (pipe_gpg (compose_gp dup (mapsnd (compose (step $0 $1) (optimize (neg_dist $0) $2)))) (sync_except $0)))

  distinct belief (gv,av) combos in corpus            : 8
  widest combo-span of one OBSTACLE policy (leading)  : 0
  widest combo-span of one belief seek/policy (confirm): 8
  => obstacle's policy did NOT generalize (no wall_at abstraction was formed at all): belief's derive will not be
     a single cheap token, so belief is NOT shallow even with the wrapper.
     Budget alone won't reach the off-combo beliefs — diversify the (gv,av) corpus
     so no single literal dominates and stitch keeps the (gv,av) holes.

========================================================================
(B″) DL CENSUS — what the library buys each family, in nats
========================================================================

  family        solves    before     after     saved   (median nats per task; saved > 0 = the library is shorter)
  ------------------------------------------------------------------
  desire            16      7.86      7.86      0.00
  comet              4     16.09     16.09      0.00
  registration       4      6.68      6.68      0.00
  belief            25     34.87     15.95     18.92  <- belief
  flee               4      7.86      7.86      0.00
  deletion           4      5.78      5.78      0.00
  denoise            4      4.87      4.87      0.00
  obstacle          48     16.21     12.95      3.26
  relocate          16     14.13     14.13      0.00
  perception         4      4.16      4.16      0.00
  multi_reg          4      2.08      2.08      0.00
  reg_except         4      4.38      4.38      0.00
  inpaint            4      2.08      2.08      0.00
  readout            4      2.08      2.08      0.00

  belief by variant:
    belief_witness          25 solves     34.87 ->    15.95  (saved  18.92)

  belief: 34.87 nats before the library -> 15.95 after (median saving 18.92; 471.65 over 25 solves)
  other families' median saving, for scale: 0.00 nats/task
  belief solves whose library form invokes fn_7 (the constructor): 5/25

========================================================================
VERDICT
========================================================================
  (A) parts are general    : fork∉belief-only=True, sync∉belief-only=True, wall∉belief-only=True
  (A) only agency is unique: fork∧sync unique to belief=True, belief recombines=True, obstacle-belief misplaces the wall in-model=True
  (A) no scope-complement rival among belief solves : False   (3 complement, 92 degenerate, 37 literal)
  (B) constructor invented : True (fn_7, arity 4; 1 shared agency hole(s): $0×3)
  (B) constructor is belief-specific: used by belief=True, absent from other families=True
  (B) belief DL before -> after the library: 34.87 -> 15.95 nats (median saving 18.92 over 25 solves;
      5/25 invoke the constructor; other families save 0.00 nats/task for scale)
  (B) MDL margin over non-belief rivals: unavailable — no mdl_margins.decomposed.json yet — run `python mdl_margin.py --decomposed` to price belief against its rivals
  (A′) cube: belief picks the lone asymmetric corner over the full field: True

  => not fully demonstrated this run (raise timeouts / n_bel / stitch_iters,
     or drop --smoke).
     failed criteria: ['no_belief_complement']
  wrote verdict artifact to phase2_verdict.json
