============================================================================================== 
Warning! Mixing Conda and module environments may lead to corruption of the
user environment. 
We do not recommend users mixing those two environments unless absolutely
necessary. Note that 
SURF does not provide any support for Conda environment.
For more information, please refer to our software policy page:
https://servicedesk.surf.nl/wiki/display/WIKI/Software+policy+Snellius#SoftwarepolicySnellius-UseofAnacondaandMinicondaenvironmentsonSnellius 

Remember that many packages have already been installed on the system and can
be loaded using 
the 'module load <package__name>' command. If you are uncertain if a package is
already available 
on the system, please use 'module avail' or 'module spider' to search for it.
============================================================================================== 
ENV /home/gkaminer/.conda/envs/dumbcoder/bin/python | PY 3.12.13 | numpy 2.5.1 | torch 2.13.0+cpu | stitch_core /home/gkaminer/.conda/envs/dumbcoder/lib/python3.12/site-packages/stitch_core/__init__.py
SOURCE /home/gkaminer/dumbcoder @ a6965cd (clean)
CELL p2-nodream-jul30 | writing artifacts to /home/gkaminer/dumbcoder-runs/p2-nodream-jul30
========================================================================
PROVENANCE — quote this line in any caption reporting these numbers
========================================================================
  commit a6965cd | phase2 (decomposed) | t_fn=3600 t_fn_round1=1200 t_reg=30 ecd_iters=6 stitch_iters=6 dream=off curriculum=on | n_bel=6 n_goal=6 n_obstacle=6 n_relocate=16 | 2026-07-29T21:55:45Z
  host tcn741.local.snellius.surf.nl | python 3.12.13 | argv: /home/gkaminer/dumbcoder/phase2.py --t-fn 3600 --ecd-iters 6 --no-dream

Generating corpus…
  belief variants: +48 goal-displacement, +24 two-observer, +24 false-obstacle (all kind=belief; false-obstacle forbids the scope-complement commit)
  [curriculum] +24 extra plain wall-belief tasks (kind=belief) to seed the fork(policy, sync) abstraction.
  4 physics, 16 desire, 4 overlay, 4 comet, 4 registration, 168 belief — 300 total
  corner families: 4 flee, 4 deletion, 4 denoise, 48 obstacle, 16 relocate, 4 underlay, 4 perception, 4 multi_reg, 4 reg_except, 4 inpaint, 4 readout

DSL: 45 primitives — CUBE run (core + symmetric complements, decomposed plumbing)
  added corners: ['bimap', 'clear_at', 'distance', 'dup', 'erase', 'locate', 'mapfst', 'mapsnd', 'pair_blank', 'place', 'register', 'snd_gg', 'swap', 'sync_all', 'sync_except', 'sync_to_model', 'underlay', 'via_swap']
  ground-truth check: 300 tasks / 1200 scenes verified via Delta trees
decomposition identity: fork ≡ commit∘mapsnd(derive)∘dup and sync ≡ register(locate, place) verified on 168 belief tasks (every scene)

========================================================================
WAKE-SLEEP — up to 6 ECD rounds (enumerate ↦ joint stitch), 32 workers
  fn Q: uniform/content (no dreaming); registration Q: uniform
========================================================================

--- round 1/6: 276 fn + 24 fn_p_g unsolved; |D|=45 (0 invented); fn Q=uniform/content; t_fn=1200s (round-1 cap) ---
    [instr] agency constructor in D: ABSENT; belief solved (replay-eligible): 0/168
[     2] caught (step 4 right)
[     4] caught (step 4 up)
[     5] caught (step 4 down)
[     2] caught (step 4 right)
      + solved [physics] in 0.0s: (step 4 up)
      + solved [physics] in 0.0s: (step 4 right)
      + solved [physics] in 0.0s: (step 4 down)
      + solved [physics] in 0.0s: (step 4 right)
[    13] caught (optimize (neg_dist 2) 1)
      + solved [desire] in 0.0s: (optimize (neg_dist 2) 1)
[    13] caught (optimize (neg_dist 2) 1)
      + solved [desire] in 0.0s: (optimize (neg_dist 2) 1)
[    13] caught (optimize (neg_dist 5) 4)
      + solved [desire] in 0.0s: (optimize (neg_dist 5) 4)
[    13] caught (optimize (neg_dist 5) 4)
      + solved [desire] in 0.0s: (optimize (neg_dist 5) 4)
[    13] caught (optimize (neg_dist 7) 6)
      + solved [desire] in 0.0s: (optimize (neg_dist 7) 6)
[    13] caught (optimize (neg_dist 7) 6)
      + solved [desire] in 0.0s: (optimize (neg_dist 7) 6)
[    13] caught (optimize (neg_dist 9) 8)
      + solved [desire] in 0.0s: (optimize (neg_dist 9) 8)
[    13] caught (optimize (neg_dist 9) 8)
      + solved [desire] in 0.0s: (optimize (neg_dist 9) 8)
[    13] caught (optimize (neg_dist 6) 2)
      + solved [desire] in 0.0s: (optimize (neg_dist 6) 2)
[    13] caught (optimize (neg_dist 6) 2)
[    13] caught (optimize (neg_dist 8) 5)
[    13] caught (optimize (neg_dist 8) 5)
      + solved [desire] in 0.0s: (optimize (neg_dist 6) 2)
[    12] caught (optimize (neg_dist 1) 7)
      + solved [desire] in 0.0s: (optimize (neg_dist 8) 5)
      + solved [desire] in 0.0s: (optimize (neg_dist 8) 5)
[    12] caught (optimize (neg_dist 1) 7)
      + solved [desire] in 0.0s: (optimize (neg_dist 1) 7)
      + solved [desire] in 0.0s: (optimize (neg_dist 1) 7)
[    12] caught (optimize (neg_dist 4) 9)
      + solved [desire] in 0.0s: (optimize (neg_dist 4) 9)
[    12] caught (optimize (neg_dist 4) 9)
      + solved [desire] in 0.0s: (optimize (neg_dist 4) 9)
[  8014] caught (pipe_gpg (compose_gp dup (mapsnd (step 1 left))) overlay)
      + solved [overlay] in 3.6s: (pipe_gpg (compose_gp dup (mapsnd (step 1 left))) overlay)
[  8007] caught (pipe_gpg (compose_gp dup (mapsnd (step 1 right))) overlay)
[  8028] caught (pipe_gpg (compose_gp dup (mapsnd (step 4 down))) overlay)
      + solved [overlay] in 3.6s: (pipe_gpg (compose_gp dup (mapsnd (step 4 down))) overlay)
[  8007] caught (pipe_gpg (compose_gp dup (mapsnd (step 4 right))) overlay)
      + solved [overlay] in 3.9s: (pipe_gpg (compose_gp dup (mapsnd (step 4 right))) overlay)
      + solved [overlay] in 3.6s: (pipe_gpg (compose_gp dup (mapsnd (step 1 right))) overlay)
[ 21643] caught (pipe_gpg (compose_gp dup (mapsnd (optimize (neg_dist 2) 1))) overlay)
[ 21643] caught (pipe_gpg (compose_gp dup (mapsnd (optimize (neg_dist 8) 5))) overlay)
      + solved [comet] in 13.6s: (pipe_gpg (compose_gp dup (mapsnd (optimize (neg_dist 8) 5))) overlay)
      + solved [comet] in 13.6s: (pipe_gpg (compose_gp dup (mapsnd (optimize (neg_dist 2) 1))) overlay)
[ 21643] caught (pipe_gpg (compose_gp dup (mapsnd (optimize (neg_dist 7) 6))) overlay)
      + solved [comet] in 13.8s: (pipe_gpg (compose_gp dup (mapsnd (optimize (neg_dist 7) 6))) overlay)
[ 21632] caught (pipe_gpg (compose_gp dup (mapsnd (optimize (neg_dist 1) 7))) overlay)
      + solved [comet] in 16.0s: (pipe_gpg (compose_gp dup (mapsnd (optimize (neg_dist 1) 7))) overlay)
[    17] caught (optimize (distance 4) 1)
[    17] caught (optimize (distance 4) 1)
[    16] caught (optimize (distance 1) 4)
[     3] caught (erase 4)
[    17] caught (optimize (distance 4) 1)
[     2] caught (erase 2)
[     3] caught (erase 4)
[     1] caught (erase 1)
[   188] caught (clear_at c1 c3)
[   196] caught (clear_at c3 c1)
[   186] caught (clear_at c1 c1)
[   192] caught (clear_at c2 c2)
[   485] caught (compose (wall_at c1 c1) (optimize (neg_dist 5) 4))
[   501] caught (compose (wall_at c3 c3) (optimize (neg_dist 2) 1))
[   493] caught (compose (wall_at c2 c2) (optimize (neg_dist 2) 1))
[   485] caught (compose (wall_at c1 c1) (optimize (neg_dist 5) 4))
[   727] caught (compose (wall_at c1 c2) (optimize (neg_dist 5) 4))
[   727] caught (compose (wall_at c1 c2) (optimize (neg_dist 2) 1))
[   827] caught (compose (wall_at c3 c2) (optimize (neg_dist 2) 1))
[   787] caught (compose (wall_at c2 c0) (optimize (neg_dist 2) 1))
[   827] caught (compose (wall_at c3 c2) (optimize (neg_dist 5) 4))
[   501] caught (compose (wall_at c3 c3) (optimize (neg_dist 7) 6))
[   767] caught (compose (wall_at c1 c0) (optimize (neg_dist 5) 4))
[   727] caught (compose (wall_at c1 c2) (optimize (neg_dist 7) 6))
[   767] caught (compose (wall_at c2 c4) (optimize (neg_dist 7) 6))
[   817] caught (compose (wall_at c3 c1) (optimize (neg_dist 7) 6))
[   767] caught (compose (wall_at c2 c4) (optimize (neg_dist 7) 6))
[   827] caught (compose (wall_at c3 c2) (optimize (neg_dist 5) 4))
[   757] caught (compose (wall_at c2 c3) (optimize (neg_dist 9) 8))
[   767] caught (compose (wall_at c2 c4) (optimize (neg_dist 7) 6))
[   837] caught (compose (wall_at c4 c1) (optimize (neg_dist 9) 8))
[   493] caught (compose (wall_at c2 c2) (optimize (neg_dist 9) 8))
[   485] caught (compose (wall_at c1 c1) (optimize (neg_dist 9) 8))
[   787] caught (compose (wall_at c2 c0) (optimize (neg_dist 9) 8))
[   767] caught (compose (wall_at c2 c4) (optimize (neg_dist 2) 1))
[   857] caught (compose (wall_at c4 c3) (optimize (neg_dist 9) 8))
[   493] caught (compose (wall_at c2 c2) (optimize (neg_dist 6) 2))
[   827] caught (compose (wall_at c3 c2) (optimize (neg_dist 6) 2))
[   501] caught (compose (wall_at c3 c3) (optimize (neg_dist 6) 2))
[   501] caught (compose (wall_at c3 c3) (optimize (neg_dist 6) 2))
[   827] caught (compose (wall_at c3 c2) (optimize (neg_dist 6) 2))
[   727] caught (compose (wall_at c1 c2) (optimize (neg_dist 8) 5))
[   747] caught (compose (wall_at c1 c4) (optimize (neg_dist 8) 5))
[   492] caught (compose (wall_at c2 c2) (optimize (neg_dist 1) 7))
[   737] caught (compose (wall_at c1 c3) (optimize (neg_dist 8) 5))
[   827] caught (compose (wall_at c4 c0) (optimize (neg_dist 8) 5))
[   727] caught (compose (wall_at c1 c2) (optimize (neg_dist 6) 2))
[   500] caught (compose (wall_at c3 c3) (optimize (neg_dist 1) 7))
[   847] caught (compose (wall_at c4 c2) (optimize (neg_dist 8) 5))
[   796] caught (compose (wall_at c2 c1) (optimize (neg_dist 1) 7))
[    71] caught (compose (wall_at c0 c0) (clear_at c0 c2))
[   483] caught (compose (optimize (neg_dist 1) 7) (wall_at c2 c1))
[    72] caught (compose (wall_at c0 c0) (clear_at c3 c0))
[   216] caught (compose (wall_at c4 c0) (clear_at c2 c4))
[   130] caught (compose (wall_at c0 c3) (clear_at c2 c0))
[    93] caught (compose (wall_at c4 c0) (clear_at c0 c4))
[   254] caught (compose (wall_at c3 c3) (clear_at c1 c2))
[    67] caught (compose (wall_at c3 c4) (clear_at c4 c3))
[   196] caught (compose (wall_at c2 c3) (clear_at c3 c0))
[   190] caught (compose (wall_at c2 c4) (clear_at c1 c1))
[   726] caught (compose (wall_at c1 c2) (optimize (neg_dist 4) 9))
[   351] caught (compose (wall_at c1 c4) (clear_at c2 c0))
[   181] caught (compose (wall_at c0 c3) (clear_at c4 c2))
[   392] caught (compose (wall_at c3 c2) (clear_at c1 c4))
[   836] caught (compose (wall_at c4 c1) (optimize (neg_dist 1) 7))
[   806] caught (compose (wall_at c3 c0) (optimize (neg_dist 1) 7))
[    73] caught (compose (wall_at c2 c2) (clear_at c4 c4))
[   249] caught (compose (wall_at c1 c0) (clear_at c2 c3))
[   214] caught (compose (wall_at c4 c1) (clear_at c2 c1))
[   351] caught (compose (wall_at c1 c4) (clear_at c3 c0))
[   726] caught (compose (wall_at c1 c2) (optimize (neg_dist 4) 9))
[   837] caught (compose (wall_at c4 c1) (optimize (neg_dist 8) 5))
[   726] caught (compose (wall_at c1 c2) (optimize (neg_dist 4) 9))
[   492] caught (compose (wall_at c2 c2) (optimize (neg_dist 4) 9))
[   816] caught (compose (wall_at c3 c1) (optimize (neg_dist 4) 9))
[   826] caught (compose (wall_at c4 c0) (optimize (neg_dist 4) 9))
[ 21547] caught (pipe_gpg (compose_gp dup (mapsnd (step 1 left))) underlay)
[ 21547] caught (pipe_gpg (compose_gp dup (mapsnd (step 1 left))) underlay)
[ 21547] caught (pipe_gpg (compose_gp dup (mapsnd (step 1 left))) underlay)
[ 21580] caught (pipe_gpg (compose_gp dup (mapsnd (step 4 right))) underlay)
      + solved [flee] in 0.0s: (optimize (distance 4) 1)
      + solved [flee] in 0.0s: (optimize (distance 4) 1)
      + solved [flee] in 0.0s: (optimize (distance 1) 4)
      + solved [flee] in 0.0s: (optimize (distance 4) 1)
      + solved [deletion] in 0.0s: (clear_at c1 c3)
      + solved [deletion] in 0.0s: (clear_at c3 c1)
      + solved [deletion] in 0.0s: (clear_at c1 c1)
      + solved [deletion] in 0.0s: (clear_at c2 c2)
      + solved [denoise] in 0.0s: (erase 4)
      + solved [denoise] in 0.0s: (erase 2)
      + solved [denoise] in 0.0s: (erase 4)
      + solved [denoise] in 0.0s: (erase 1)
      + solved [underlay] in 12.6s: (pipe_gpg (compose_gp dup (mapsnd (step 1 left))) underlay)
      + solved [underlay] in 13.2s: (pipe_gpg (compose_gp dup (mapsnd (step 1 left))) underlay)
      + solved [underlay] in 13.1s: (pipe_gpg (compose_gp dup (mapsnd (step 1 left))) underlay)
      + solved [underlay] in 13.6s: (pipe_gpg (compose_gp dup (mapsnd (step 4 right))) underlay)
      + solved [obstacle] in 0.2s: (compose (wall_at c1 c2) (optimize (neg_dist 2) 1))
      + solved [obstacle] in 0.3s: (compose (wall_at c3 c2) (optimize (neg_dist 2) 1))
      + solved [obstacle] in 0.6s: (compose (wall_at c2 c4) (optimize (neg_dist 2) 1))
      + solved [obstacle] in 0.3s: (compose (wall_at c2 c0) (optimize (neg_dist 2) 1))
      + solved [obstacle] in 0.2s: (compose (wall_at c2 c2) (optimize (neg_dist 2) 1))
      + solved [obstacle] in 0.2s: (compose (wall_at c3 c3) (optimize (neg_dist 2) 1))
      + solved [obstacle] in 0.2s: (compose (wall_at c1 c1) (optimize (neg_dist 5) 4))
      + solved [obstacle] in 0.2s: (compose (wall_at c1 c1) (optimize (neg_dist 5) 4))
      + solved [obstacle] in 0.2s: (compose (wall_at c1 c2) (optimize (neg_dist 5) 4))
      + solved [obstacle] in 0.3s: (compose (wall_at c3 c2) (optimize (neg_dist 5) 4))
      + solved [obstacle] in 0.4s: (compose (wall_at c1 c0) (optimize (neg_dist 5) 4))
      + solved [obstacle] in 0.5s: (compose (wall_at c3 c2) (optimize (neg_dist 5) 4))
      + solved [obstacle] in 0.2s: (compose (wall_at c3 c3) (optimize (neg_dist 7) 6))
      + solved [obstacle] in 0.2s: (compose (wall_at c2 c4) (optimize (neg_dist 7) 6))
      + solved [obstacle] in 0.2s: (compose (wall_at c3 c1) (optimize (neg_dist 7) 6))
      + solved [obstacle] in 0.2s: (compose (wall_at c1 c2) (optimize (neg_dist 7) 6))
      + solved [obstacle] in 0.2s: (compose (wall_at c2 c4) (optimize (neg_dist 7) 6))
      + solved [obstacle] in 0.3s: (compose (wall_at c2 c4) (optimize (neg_dist 7) 6))
      + solved [obstacle] in 0.3s: (compose (wall_at c4 c1) (optimize (neg_dist 9) 8))
      + solved [obstacle] in 0.2s: (compose (wall_at c2 c3) (optimize (neg_dist 9) 8))
      + solved [obstacle] in 0.3s: (compose (wall_at c4 c3) (optimize (neg_dist 9) 8))
      + solved [obstacle] in 0.2s: (compose (wall_at c2 c0) (optimize (neg_dist 9) 8))
      + solved [obstacle] in 0.2s: (compose (wall_at c2 c2) (optimize (neg_dist 9) 8))
      + solved [obstacle] in 0.2s: (compose (wall_at c1 c1) (optimize (neg_dist 9) 8))
      + solved [obstacle] in 0.2s: (compose (wall_at c3 c2) (optimize (neg_dist 6) 2))
      + solved [obstacle] in 0.3s: (compose (wall_at c3 c2) (optimize (neg_dist 6) 2))
      + solved [obstacle] in 0.2s: (compose (wall_at c2 c2) (optimize (neg_dist 6) 2))
      + solved [obstacle] in 0.4s: (compose (wall_at c1 c2) (optimize (neg_dist 6) 2))
      + solved [obstacle] in 0.2s: (compose (wall_at c3 c3) (optimize (neg_dist 6) 2))
      + solved [obstacle] in 0.2s: (compose (wall_at c3 c3) (optimize (neg_dist 6) 2))
      + solved [obstacle] in 0.3s: (compose (wall_at c1 c2) (optimize (neg_dist 8) 5))
      + solved [obstacle] in 0.3s: (compose (wall_at c1 c3) (optimize (neg_dist 8) 5))
      + solved [obstacle] in 0.2s: (compose (wall_at c1 c4) (optimize (neg_dist 8) 5))
      + solved [obstacle] in 0.3s: (compose (wall_at c4 c0) (optimize (neg_dist 8) 5))
      + solved [obstacle] in 0.4s: (compose (wall_at c4 c1) (optimize (neg_dist 8) 5))
      + solved [obstacle] in 0.2s: (compose (wall_at c4 c2) (optimize (neg_dist 8) 5))
      + solved [obstacle] in 0.2s: (compose (wall_at c2 c2) (optimize (neg_dist 1) 7))
      + solved [obstacle] in 0.2s: (compose (wall_at c2 c1) (optimize (neg_dist 1) 7))
      + solved [obstacle] in 0.4s: (compose (wall_at c4 c1) (optimize (neg_dist 1) 7))
      + solved [obstacle] in 0.2s: (compose (wall_at c3 c3) (optimize (neg_dist 1) 7))
      + solved [obstacle] in 0.3s: (compose (wall_at c3 c0) (optimize (neg_dist 1) 7))
      + solved [obstacle] in 0.1s: (compose (optimize (neg_dist 1) 7) (wall_at c2 c1))
      + solved [obstacle] in 0.2s: (compose (wall_at c1 c2) (optimize (neg_dist 4) 9))
      + solved [obstacle] in 0.2s: (compose (wall_at c1 c2) (optimize (neg_dist 4) 9))
      + solved [obstacle] in 0.2s: (compose (wall_at c1 c2) (optimize (neg_dist 4) 9))
      + solved [obstacle] in 0.3s: (compose (wall_at c3 c1) (optimize (neg_dist 4) 9))
      + solved [obstacle] in 0.2s: (compose (wall_at c2 c2) (optimize (neg_dist 4) 9))
      + solved [obstacle] in 0.3s: (compose (wall_at c4 c0) (optimize (neg_dist 4) 9))
      + solved [relocate] in 0.0s: (compose (wall_at c4 c0) (clear_at c2 c4))
      + solved [relocate] in 0.0s: (compose (wall_at c0 c0) (clear_at c0 c2))
      + solved [relocate] in 0.0s: (compose (wall_at c0 c0) (clear_at c3 c0))
      + solved [relocate] in 0.0s: (compose (wall_at c0 c3) (clear_at c2 c0))
      + solved [relocate] in 0.0s: (compose (wall_at c3 c3) (clear_at c1 c2))
      + solved [relocate] in 0.0s: (compose (wall_at c4 c0) (clear_at c0 c4))
      + solved [relocate] in 0.0s: (compose (wall_at c2 c3) (clear_at c3 c0))
      + solved [relocate] in 0.0s: (compose (wall_at c3 c4) (clear_at c4 c3))
      + solved [relocate] in 0.0s: (compose (wall_at c1 c4) (clear_at c2 c0))
      + solved [relocate] in 0.0s: (compose (wall_at c2 c4) (clear_at c1 c1))
      + solved [relocate] in 0.0s: (compose (wall_at c3 c2) (clear_at c1 c4))
      + solved [relocate] in 0.0s: (compose (wall_at c0 c3) (clear_at c4 c2))
      + solved [relocate] in 0.0s: (compose (wall_at c1 c0) (clear_at c2 c3))
      + solved [relocate] in 0.0s: (compose (wall_at c1 c4) (clear_at c3 c0))
      + solved [relocate] in 0.0s: (compose (wall_at c4 c1) (clear_at c2 c1))
      + solved [relocate] in 0.0s: (compose (wall_at c2 c2) (clear_at c4 c4))
    per-task time (s): 108 solved [slowest solve 16.0]
    (misses burned up to 1200.0s each; the uniform --t-fn can drop toward slowest-solve=16.0s to cut wasted early-round time without losing a solve)
[     3] caught snd_gg
[     3] caught snd_gg
[     3] caught snd_gg
[     3] caught snd_gg
[     4] caught underlay
[     4] caught underlay
[     4] caught underlay
[     4] caught underlay
[     5] caught sync_all
[     5] caught sync_all
[     5] caught sync_all
[     5] caught sync_all
[     7] caught (sync_except 1)
[     7] caught (sync_except 1)
[     8] caught (sync_except 2)
[    10] caught (sync_except 4)
[    20] caught (via_swap sync_all)
[    20] caught (via_swap sync_all)
[    20] caught (via_swap sync_all)
[    20] caught (via_swap sync_all)
[    32] caught (register (locate 1) (place 1))
[    43] caught (register (locate 2) (place 2))
[    65] caught (register (locate 4) (place 4))
[    65] caught (register (locate 4) (place 4))
      + solved [readout]: snd_gg
      + solved [reg_except]: (sync_except 1)
      + solved [inpaint]: underlay
      + solved [registration]: (register (locate 4) (place 4))
      + solved [inpaint]: underlay
      + solved [inpaint]: underlay
      + solved [multi_reg]: sync_all
      + solved [inpaint]: underlay
      + solved [registration]: (register (locate 4) (place 4))
      + solved [registration]: (register (locate 1) (place 1))
      + solved [registration]: (register (locate 2) (place 2))
      + solved [reg_except]: (sync_except 1)
      + solved [reg_except]: (sync_except 4)
      + solved [multi_reg]: sync_all
      + solved [perception]: (via_swap sync_all)
      + solved [perception]: (via_swap sync_all)
      + solved [readout]: snd_gg
      + solved [multi_reg]: sync_all
      + solved [perception]: (via_swap sync_all)
      + solved [multi_reg]: sync_all
      + solved [readout]: snd_gg
      + solved [reg_except]: (sync_except 2)
      + solved [perception]: (via_swap sync_all)
      + solved [readout]: snd_gg
    solved 132/300 (+132 this round)
running stitch_core.compress on 132 programs (iterations=6, max_arity=5)
stitch returned 6 abstractions
added abstraction fn_0: (compose (wall_at #3 #2) (optimize (neg_dist #1) #0))  [cellvalue, cellvalue, coord, coord] -> fn
added abstraction fn_1: (pipe_gpg (compose_gp dup (mapsnd #0)))  [fn, fn_p_g] -> fn
added abstraction fn_2: (compose (wall_at #3 #2) (clear_at #1 #0))  [coord, coord, coord, coord] -> fn
added abstraction fn_3: (optimize (neg_dist #0))  [cellvalue, cellvalue] -> fn
added abstraction fn_4: (fn_0 #1 #0 c2)  [cellvalue, cellvalue, coord] -> fn
added abstraction fn_5: (register (locate #0) (place #0))  [cellvalue] -> fn_p_g
    checkpointed 132 solved programs (6 abstractions) to the run/trajectory artifacts

--- round 2/6: 168 fn + 0 fn_p_g unsolved; |D|=51 (6 invented); fn Q=uniform/content; t_fn=3600s ---
    [instr] agency constructor in D: ABSENT; belief solved (replay-eligible): 0/168
[1274642] caught (compose (fn_1 (fn_4 5 4 c3) sync_all) (fn_3 2 1))
[1274059] caught (compose (fn_1 (fn_4 8 5 c2) sync_all) (fn_3 1 4))
[1274062] caught (compose (fn_1 (fn_4 9 8 c2) sync_all) (fn_3 2 1))
[1273479] caught (compose (fn_1 (fn_4 7 6 c1) sync_all) (fn_3 1 5))
[1274062] caught (compose (fn_1 (fn_4 7 6 c2) sync_all) (fn_3 5 2))
[1274059] caught (compose (fn_1 (fn_4 9 8 c2) sync_all) (fn_3 4 5))
[1274062] caught (compose (fn_1 (fn_4 9 8 c2) sync_all) (fn_3 5 2))
[1274059] caught (compose (fn_1 (fn_4 5 4 c2) sync_all) (fn_3 1 2))
[1271160] caught (compose (fn_1 (fn_4 6 2 c2) sync_all) (fn_3 1 4))
[1244492] caught (compose (fn_1 (fn_4 2 1 c1) sync_all) (fn_3 5 4))
[1268267] caught (compose (fn_1 (fn_4 6 2 c2) sync_all) (fn_3 5 4))
[1274059] caught (compose (fn_1 (fn_4 7 6 c2) sync_all) (fn_3 2 5))
[1274062] caught (compose (fn_1 (fn_4 5 4 c2) sync_all) (fn_3 2 1))
[1273482] caught (compose (fn_1 (fn_4 7 6 c1) sync_all) (fn_3 5 1))
      + solved [belief_witness] in 2549.2s: (compose (pipe_gpg (compose_gp dup (mapsnd (compose (wall_at c1 c2) (optimize (neg_dist 2) 1)))) sync_all) (optimize (neg_dist 5) 4))
      + solved [belief_witness] in 2713.1s: (compose (pipe_gpg (compose_gp dup (mapsnd (compose (wall_at c2 c2) (optimize (neg_dist 5) 4)))) sync_all) (optimize (neg_dist 2) 1))
      + solved [belief_witness] in 2496.3s: (compose (pipe_gpg (compose_gp dup (mapsnd (compose (wall_at c2 c2) (optimize (neg_dist 5) 4)))) sync_all) (optimize (neg_dist 1) 2))
      + solved [belief_witness] in 2225.8s: (compose (pipe_gpg (compose_gp dup (mapsnd (compose (wall_at c3 c2) (optimize (neg_dist 5) 4)))) sync_all) (optimize (neg_dist 2) 1))
      + solved [belief_witness] in 2868.2s: (compose (pipe_gpg (compose_gp dup (mapsnd (compose (wall_at c1 c2) (optimize (neg_dist 7) 6)))) sync_all) (optimize (neg_dist 5) 1))
      + solved [belief_witness] in 2366.2s: (compose (pipe_gpg (compose_gp dup (mapsnd (compose (wall_at c2 c2) (optimize (neg_dist 7) 6)))) sync_all) (optimize (neg_dist 5) 2))
      + solved [belief_witness] in 2357.9s: (compose (pipe_gpg (compose_gp dup (mapsnd (compose (wall_at c1 c2) (optimize (neg_dist 7) 6)))) sync_all) (optimize (neg_dist 1) 5))
      + solved [belief_witness] in 2574.7s: (compose (pipe_gpg (compose_gp dup (mapsnd (compose (wall_at c2 c2) (optimize (neg_dist 7) 6)))) sync_all) (optimize (neg_dist 2) 5))
      + solved [belief_witness] in 2467.0s: (compose (pipe_gpg (compose_gp dup (mapsnd (compose (wall_at c2 c2) (optimize (neg_dist 9) 8)))) sync_all) (optimize (neg_dist 5) 2))
      + solved [belief_witness] in 2328.8s: (compose (pipe_gpg (compose_gp dup (mapsnd (compose (wall_at c2 c2) (optimize (neg_dist 9) 8)))) sync_all) (optimize (neg_dist 2) 1))
      + solved [belief_witness] in 2422.6s: (compose (pipe_gpg (compose_gp dup (mapsnd (compose (wall_at c2 c2) (optimize (neg_dist 9) 8)))) sync_all) (optimize (neg_dist 4) 5))
      + solved [belief_witness] in 2565.8s: (compose (pipe_gpg (compose_gp dup (mapsnd (compose (wall_at c2 c2) (optimize (neg_dist 6) 2)))) sync_all) (optimize (neg_dist 5) 4))
      + solved [belief_witness] in 2517.9s: (compose (pipe_gpg (compose_gp dup (mapsnd (compose (wall_at c2 c2) (optimize (neg_dist 6) 2)))) sync_all) (optimize (neg_dist 1) 4))
      + solved [belief_witness] in 2231.2s: (compose (pipe_gpg (compose_gp dup (mapsnd (compose (wall_at c2 c2) (optimize (neg_dist 8) 5)))) sync_all) (optimize (neg_dist 1) 4))
[720226] caught (fn_1 (compose (step 5 up) (fn_3 5 4)) (sync_except 5))
[1265359] caught (compose (fn_1 (fn_4 4 9 c2) sync_all) (fn_3 1 2))
[719185] caught (fn_1 (compose (step 7 up) (fn_3 7 6)) (sync_except 7))
[1274062] caught (compose (fn_1 (fn_4 8 5 c2) sync_all) (fn_3 4 1))
[719425] caught (fn_1 (compose (step 5 down) (fn_3 5 4)) (sync_except 5))
[1254340] caught (compose (fn_1 (fn_4 4 9 c3) sync_all) (fn_3 1 5))
[1242167] caught (compose (fn_1 (fn_4 1 7 c2) sync_all) (fn_3 4 2))
[720226] caught (fn_1 (compose (step 5 up) (fn_3 5 4)) (sync_except 5))
[719185] caught (fn_1 (compose (step 2 up) (fn_3 2 1)) (sync_except 2))
[719425] caught (fn_1 (compose (step 2 down) (fn_3 2 1)) (sync_except 2))
[1253766] caught (compose (fn_1 (fn_4 4 9 c2) sync_all) (fn_3 5 1))
[1242164] caught (compose (fn_1 (fn_4 1 7 c2) sync_all) (fn_3 2 5))
[719425] caught (fn_1 (compose (step 7 down) (fn_3 7 6)) (sync_except 7))
      + solved [belief_witness] in 2604.9s: (compose (pipe_gpg (compose_gp dup (mapsnd (compose (wall_at c2 c2) (optimize (neg_dist 8) 5)))) sync_all) (optimize (neg_dist 4) 1))
      + solved [belief_witness] in 2791.7s: (compose (pipe_gpg (compose_gp dup (mapsnd (compose (wall_at c2 c2) (optimize (neg_dist 1) 7)))) sync_all) (optimize (neg_dist 2) 5))
      + solved [belief_witness] in 2538.7s: (compose (pipe_gpg (compose_gp dup (mapsnd (compose (wall_at c2 c2) (optimize (neg_dist 1) 7)))) sync_all) (optimize (neg_dist 4) 2))
      + solved [belief_witness] in 2275.9s: (compose (pipe_gpg (compose_gp dup (mapsnd (compose (wall_at c2 c2) (optimize (neg_dist 4) 9)))) sync_all) (optimize (neg_dist 1) 2))
      + solved [belief_witness] in 2428.2s: (compose (pipe_gpg (compose_gp dup (mapsnd (compose (wall_at c3 c2) (optimize (neg_dist 4) 9)))) sync_all) (optimize (neg_dist 1) 5))
[719185] caught (fn_1 (compose (step 7 up) (fn_3 7 6)) (sync_except 7))
[720466] caught (fn_1 (compose (step 9 down) (fn_3 9 8)) (sync_except 9))
      + solved [belief_witness] in 2341.7s: (compose (pipe_gpg (compose_gp dup (mapsnd (compose (wall_at c2 c2) (optimize (neg_dist 4) 9)))) sync_all) (optimize (neg_dist 5) 1))
[720226] caught (fn_1 (compose (step 9 up) (fn_3 9 8)) (sync_except 9))
[720206] caught (fn_1 (compose (step 6 up) (fn_3 6 2)) (sync_except 6))
[720226] caught (fn_1 (compose (step 9 up) (fn_3 9 8)) (sync_except 9))
[719425] caught (fn_1 (compose (step 6 down) (fn_3 6 2)) (sync_except 6))
      + solved [belief_goal] in 1557.6s: (pipe_gpg (compose_gp dup (mapsnd (compose (step 2 down) (optimize (neg_dist 2) 1)))) (sync_except 2))
      + solved [belief_goal] in 1512.6s: (pipe_gpg (compose_gp dup (mapsnd (compose (step 2 up) (optimize (neg_dist 2) 1)))) (sync_except 2))
      + solved [belief_goal] in 1234.6s: (pipe_gpg (compose_gp dup (mapsnd (compose (step 5 up) (optimize (neg_dist 5) 4)))) (sync_except 5))
      + solved [belief_goal] in 1339.4s: (pipe_gpg (compose_gp dup (mapsnd (compose (step 5 down) (optimize (neg_dist 5) 4)))) (sync_except 5))
      + solved [belief_goal] in 1450.1s: (pipe_gpg (compose_gp dup (mapsnd (compose (step 5 up) (optimize (neg_dist 5) 4)))) (sync_except 5))
      + solved [belief_goal] in 1279.2s: (pipe_gpg (compose_gp dup (mapsnd (compose (step 7 up) (optimize (neg_dist 7) 6)))) (sync_except 7))
      + solved [belief_goal] in 1665.6s: (pipe_gpg (compose_gp dup (mapsnd (compose (step 7 down) (optimize (neg_dist 7) 6)))) (sync_except 7))
[719185] caught (fn_1 (compose (step 8 up) (fn_3 8 5)) (sync_except 8))
[720466] caught (fn_1 (compose (step 8 down) (fn_3 8 5)) (sync_except 8))
[718424] caught (fn_1 (compose (step 1 down) (fn_3 1 7)) (sync_except 1))
[718204] caught (fn_1 (compose (step 1 up) (fn_3 1 7)) (sync_except 1))
[718204] caught (fn_1 (compose (step 4 up) (fn_3 4 9)) (sync_except 4))
[718444] caught (fn_1 (compose (step 1 down) (fn_3 1 7)) (sync_except 1))
      + solved [belief_goal] in 1413.8s: (pipe_gpg (compose_gp dup (mapsnd (compose (step 7 up) (optimize (neg_dist 7) 6)))) (sync_except 7))
      + solved [belief_goal] in 1449.9s: (pipe_gpg (compose_gp dup (mapsnd (compose (step 9 up) (optimize (neg_dist 9) 8)))) (sync_except 9))
      + solved [belief_goal] in 1303.9s: (pipe_gpg (compose_gp dup (mapsnd (compose (step 9 down) (optimize (neg_dist 9) 8)))) (sync_except 9))
      + solved [belief_goal] in 1547.9s: (pipe_gpg (compose_gp dup (mapsnd (compose (step 9 up) (optimize (neg_dist 9) 8)))) (sync_except 9))
[719465] caught (fn_1 (compose (step 4 down) (fn_3 4 9)) (sync_except 4))
[719465] caught (fn_1 (compose (step 4 down) (fn_3 4 9)) (sync_except 4))
[718204] caught (fn_1 (compose (step 4 up) (fn_3 4 9)) (sync_except 4))
      + solved [belief_goal] in 1374.8s: (pipe_gpg (compose_gp dup (mapsnd (compose (step 6 up) (optimize (neg_dist 6) 2)))) (sync_except 6))
      + solved [belief_goal] in 1438.7s: (pipe_gpg (compose_gp dup (mapsnd (compose (step 6 down) (optimize (neg_dist 6) 2)))) (sync_except 6))
      + solved [belief_goal] in 1325.3s: (pipe_gpg (compose_gp dup (mapsnd (compose (step 8 up) (optimize (neg_dist 8) 5)))) (sync_except 8))
      + solved [belief_goal] in 1585.9s: (pipe_gpg (compose_gp dup (mapsnd (compose (step 8 down) (optimize (neg_dist 8) 5)))) (sync_except 8))
[131873] caught (fn_1 (fn_0 1 2 c1 c0) (register (locate 1) (place 1)))
      + solved [belief_goal] in 1381.2s: (pipe_gpg (compose_gp dup (mapsnd (compose (step 1 down) (optimize (neg_dist 1) 7)))) (sync_except 1))
      + solved [belief_goal] in 1520.7s: (pipe_gpg (compose_gp dup (mapsnd (compose (step 1 up) (optimize (neg_dist 1) 7)))) (sync_except 1))
[135253] caught (fn_1 (fn_0 4 5 c1 c0) (register (locate 4) (place 4)))
[132873] caught (fn_1 (fn_0 4 5 c2 c0) (register (locate 4) (place 4)))
      + solved [belief_goal] in 1408.1s: (pipe_gpg (compose_gp dup (mapsnd (compose (step 1 down) (optimize (neg_dist 1) 7)))) (sync_except 1))
      + solved [belief_goal] in 1323.0s: (pipe_gpg (compose_gp dup (mapsnd (compose (step 4 up) (optimize (neg_dist 4) 9)))) (sync_except 4))
      + solved [belief_goal] in 1411.5s: (pipe_gpg (compose_gp dup (mapsnd (compose (step 4 down) (optimize (neg_dist 4) 9)))) (sync_except 4))
      + solved [belief_goal] in 1458.0s: (pipe_gpg (compose_gp dup (mapsnd (compose (step 4 up) (optimize (neg_dist 4) 9)))) (sync_except 4))
      + solved [belief_goal] in 1407.8s: (pipe_gpg (compose_gp dup (mapsnd (compose (step 4 down) (optimize (neg_dist 4) 9)))) (sync_except 4))
[ 12174] caught (fn_1 (fn_4 9 8 c1) (register (locate 8) (place 8)))
[135773] caught (fn_1 (fn_0 5 8 c2 c0) (register (locate 5) (place 5)))
[133069] caught (fn_1 (fn_0 2 6 c1 c0) (register (locate 2) (place 2)))
[631490] caught (fn_1 (fn_0 1 2 c4 c0) (register (locate 1) (place 1)))
[209325] caught (fn_1 (fn_0 2 6 c3 c3) (register (locate 2) (place 2)))
[ 10715] caught (fn_1 (fn_4 2 1 c1) sync_all)
[137361] caught (fn_1 (fn_0 9 4 c0 c1) (register (locate 9) (place 9)))
[ 67694] caught (fn_1 (fn_0 1 2 c4 c3) sync_all)
[ 10695] caught (fn_1 (fn_4 5 4 c0) sync_all)
[ 10755] caught (fn_1 (fn_4 5 4 c3) sync_all)
[ 11135] caught (fn_1 (fn_4 7 6 c2) sync_all)
[ 10755] caught (fn_1 (fn_4 7 6 c3) sync_all)
[ 11135] caught (fn_1 (fn_4 9 8 c2) sync_all)
[ 67554] caught (fn_1 (fn_0 4 5 c3 c1) sync_all)
[ 67574] caught (fn_1 (fn_0 1 2 c3 c2) sync_all)
[ 67374] caught (fn_1 (fn_0 6 7 c1 c2) sync_all)
[ 69554] caught (fn_1 (fn_0 8 9 c3 c1) sync_all)
[ 69674] caught (fn_1 (fn_0 8 9 c4 c2) sync_all)
[ 10755] caught (fn_1 (fn_4 8 5 c3) sync_all)
[ 11115] caught (fn_1 (fn_4 8 5 c1) sync_all)
[ 68074] caught (fn_1 (fn_0 2 6 c3 c2) sync_all)
[ 67394] caught (fn_1 (fn_0 2 6 c1 c3) sync_all)
[ 69354] caught (fn_1 (fn_0 2 6 c1 c1) sync_all)
[ 10655] caught (fn_1 (fn_4 4 9 c3) sync_all)
[ 69574] caught (fn_1 (fn_0 5 8 c3 c2) sync_all)
[ 70094] caught (fn_1 (fn_0 7 1 c3 c3) sync_all)
[ 68394] caught (fn_1 (fn_0 7 1 c1 c3) sync_all)
[ 70194] caught (fn_1 (fn_0 7 1 c4 c3) sync_all)
[ 70354] caught (fn_1 (fn_0 9 4 c1 c1) sync_all)
[ 69874] caught (fn_1 (fn_0 9 4 c1 c2) sync_all)
      + solved [belief_false_obstacle] in 296.3s: (pipe_gpg (compose_gp dup (mapsnd (compose (wall_at c0 c1) (optimize (neg_dist 2) 1)))) (register (locate 1) (place 1)))
      + solved [belief_false_obstacle] in 1608.8s: (pipe_gpg (compose_gp dup (mapsnd (compose (wall_at c0 c4) (optimize (neg_dist 2) 1)))) (register (locate 1) (place 1)))
      + solved [belief_false_obstacle] in 239.5s: (pipe_gpg (compose_gp dup (mapsnd (compose (wall_at c0 c1) (optimize (neg_dist 5) 4)))) (register (locate 4) (place 4)))
      + solved [belief_false_obstacle] in 235.6s: (pipe_gpg (compose_gp dup (mapsnd (compose (wall_at c0 c2) (optimize (neg_dist 5) 4)))) (register (locate 4) (place 4)))
      + solved [belief_false_obstacle] in 18.8s: (pipe_gpg (compose_gp dup (mapsnd (compose (wall_at c1 c2) (optimize (neg_dist 9) 8)))) (register (locate 8) (place 8)))
      + solved [belief_false_obstacle] in 633.9s: (pipe_gpg (compose_gp dup (mapsnd (compose (wall_at c3 c3) (optimize (neg_dist 6) 2)))) (register (locate 2) (place 2)))
      + solved [belief_false_obstacle] in 260.6s: (pipe_gpg (compose_gp dup (mapsnd (compose (wall_at c0 c1) (optimize (neg_dist 6) 2)))) (register (locate 2) (place 2)))
      + solved [belief_false_obstacle] in 247.8s: (pipe_gpg (compose_gp dup (mapsnd (compose (wall_at c0 c2) (optimize (neg_dist 8) 5)))) (register (locate 5) (place 5)))
      + solved [belief_false_obstacle] in 279.0s: (pipe_gpg (compose_gp dup (mapsnd (compose (wall_at c1 c0) (optimize (neg_dist 4) 9)))) (register (locate 9) (place 9)))
      + solved [belief_wall] in 25.1s: (pipe_gpg (compose_gp dup (mapsnd (compose (wall_at c1 c2) (optimize (neg_dist 2) 1)))) sync_all)
      + solved [belief_wall] in 118.6s: (pipe_gpg (compose_gp dup (mapsnd (compose (wall_at c3 c4) (optimize (neg_dist 2) 1)))) sync_all)
      + solved [belief_wall] in 185.6s: (pipe_gpg (compose_gp dup (mapsnd (compose (wall_at c2 c3) (optimize (neg_dist 2) 1)))) sync_all)
      + solved [belief_wall] in 103.9s: (pipe_gpg (compose_gp dup (mapsnd (compose (wall_at c1 c3) (optimize (neg_dist 5) 4)))) sync_all)
      + solved [belief_wall] in 14.0s: (pipe_gpg (compose_gp dup (mapsnd (compose (wall_at c0 c2) (optimize (neg_dist 5) 4)))) sync_all)
      + solved [belief_wall] in 14.8s: (pipe_gpg (compose_gp dup (mapsnd (compose (wall_at c3 c2) (optimize (neg_dist 5) 4)))) sync_all)
      + solved [belief_wall] in 116.9s: (pipe_gpg (compose_gp dup (mapsnd (compose (wall_at c2 c1) (optimize (neg_dist 7) 6)))) sync_all)
      + solved [belief_wall] in 15.4s: (pipe_gpg (compose_gp dup (mapsnd (compose (wall_at c2 c2) (optimize (neg_dist 7) 6)))) sync_all)
      + solved [belief_wall] in 14.5s: (pipe_gpg (compose_gp dup (mapsnd (compose (wall_at c3 c2) (optimize (neg_dist 7) 6)))) sync_all)
      + solved [belief_wall] in 16.0s: (pipe_gpg (compose_gp dup (mapsnd (compose (wall_at c2 c2) (optimize (neg_dist 9) 8)))) sync_all)
      + solved [belief_wall] in 107.6s: (pipe_gpg (compose_gp dup (mapsnd (compose (wall_at c1 c3) (optimize (neg_dist 9) 8)))) sync_all)
      + solved [belief_wall] in 112.7s: (pipe_gpg (compose_gp dup (mapsnd (compose (wall_at c2 c4) (optimize (neg_dist 9) 8)))) sync_all)
      + solved [belief_wall] in 104.6s: (pipe_gpg (compose_gp dup (mapsnd (compose (wall_at c2 c3) (optimize (neg_dist 6) 2)))) sync_all)
      + solved [belief_wall] in 130.2s: (pipe_gpg (compose_gp dup (mapsnd (compose (wall_at c1 c1) (optimize (neg_dist 6) 2)))) sync_all)
      + solved [belief_wall] in 109.6s: (pipe_gpg (compose_gp dup (mapsnd (compose (wall_at c3 c1) (optimize (neg_dist 6) 2)))) sync_all)
      + solved [belief_wall] in 113.9s: (pipe_gpg (compose_gp dup (mapsnd (compose (wall_at c2 c3) (optimize (neg_dist 8) 5)))) sync_all)
      + solved [belief_wall] in 14.7s: (pipe_gpg (compose_gp dup (mapsnd (compose (wall_at c3 c2) (optimize (neg_dist 8) 5)))) sync_all)
      + solved [belief_wall] in 15.4s: (pipe_gpg (compose_gp dup (mapsnd (compose (wall_at c1 c2) (optimize (neg_dist 8) 5)))) sync_all)
      + solved [belief_wall] in 112.6s: (pipe_gpg (compose_gp dup (mapsnd (compose (wall_at c3 c3) (optimize (neg_dist 1) 7)))) sync_all)
      + solved [belief_wall] in 110.8s: (pipe_gpg (compose_gp dup (mapsnd (compose (wall_at c3 c1) (optimize (neg_dist 1) 7)))) sync_all)
      + solved [belief_wall] in 104.5s: (pipe_gpg (compose_gp dup (mapsnd (compose (wall_at c3 c4) (optimize (neg_dist 1) 7)))) sync_all)
      + solved [belief_wall] in 14.7s: (pipe_gpg (compose_gp dup (mapsnd (compose (wall_at c3 c2) (optimize (neg_dist 4) 9)))) sync_all)
      + solved [belief_wall] in 114.7s: (pipe_gpg (compose_gp dup (mapsnd (compose (wall_at c1 c1) (optimize (neg_dist 4) 9)))) sync_all)
      + solved [belief_wall] in 110.7s: (pipe_gpg (compose_gp dup (mapsnd (compose (wall_at c2 c1) (optimize (neg_dist 4) 9)))) sync_all)
    per-task time (s): 75 solved [slowest solve 2868.2]
    (misses burned up to 3600.0s each; the uniform --t-fn can drop toward slowest-solve=2868.2s to cut wasted early-round time without losing a solve)
    solved 207/300 (+75 this round)
running stitch_core.compress on 207 programs (iterations=6, max_arity=5)
stitch returned 6 abstractions
added abstraction fn_6: (pipe_gpg (compose_gp dup (mapsnd (compose #2 (optimize (neg_dist #1) #0)))))  [cellvalue, cellvalue, fn, fn_p_g] -> fn
added abstraction fn_7: (compose (wall_at #3 #2) (optimize (neg_dist #1) #0))  [cellvalue, cellvalue, coord, coord] -> fn
added abstraction fn_8: (compose (fn_0 #4 #3 (wall_at #2 c2) sync_all) (optimize (neg_dist #1) #0))  [cellvalue, cellvalue, coord, cellvalue, cellvalue] -> fn
added abstraction fn_9: (fn_0 #2 #0 (step #0 #1) (sync_except #0))  [cellvalue, dir, cellvalue] -> fn
added abstraction fn_10: (fn_0 #0 #3 (wall_at #2 #1) (register (locate #0) (place #0)))  [cellvalue, coord, coord, cellvalue] -> fn
added abstraction fn_11: (fn_0 #3 #2 (wall_at #1 #0) sync_all)  [coord, coord, cellvalue, cellvalue] -> fn
    checkpointed 207 solved programs (6 abstractions) to the run/trajectory artifacts

--- round 3/6: 93 fn + 0 fn_p_g unsolved; |D|=51 (6 invented); fn Q=uniform/content; t_fn=3600s ---
    [instr] agency constructor in D: fn_8 (wall-based); belief solved (replay-eligible): 75/168
[758024] caught (compose (optimize (neg_dist 5) 4) (fn_10 1 c3 c1 2))
      + solved [belief_witness] in 3563.4s: (compose (optimize (neg_dist 5) 4) (pipe_gpg (compose_gp dup (mapsnd (compose (wall_at c1 c3) (optimize (neg_dist 2) 1)))) (register (locate 1) (place 1))))
[ 11736] caught (compose (optimize (neg_dist 7) 9) (fn_9 7 down 6))
[ 11733] caught (compose (optimize (neg_dist 7) 8) (fn_9 7 up 6))
[ 12220] caught (compose (optimize (neg_dist 9) 1) (fn_9 9 up 8))
[ 11733] caught (compose (optimize (neg_dist 2) 6) (fn_9 2 up 1))
[ 12223] caught (compose (optimize (neg_dist 5) 2) (fn_9 5 down 4))
[ 12220] caught (compose (optimize (neg_dist 5) 2) (fn_9 5 up 4))
[ 11733] caught (compose (optimize (neg_dist 2) 8) (fn_9 2 up 1))
[ 11736] caught (compose (optimize (neg_dist 2) 8) (fn_9 2 down 1))
[ 12220] caught (compose (optimize (neg_dist 7) 1) (fn_9 7 up 6))
[ 12220] caught (compose (optimize (neg_dist 5) 1) (fn_9 5 up 4))
[ 12223] caught (compose (optimize (neg_dist 9) 5) (fn_9 9 down 8))
[ 12220] caught (compose (optimize (neg_dist 9) 7) (fn_9 9 up 8))
[ 12693] caught (compose (optimize (neg_dist 6) 5) (fn_9 6 up 2))
[ 12223] caught (compose (optimize (neg_dist 6) 1) (fn_9 6 down 2))
[  9827] caught (compose (optimize (neg_dist 1) 6) (fn_9 1 up 7))
[ 10787] caught (compose (optimize (neg_dist 4) 1) (fn_9 4 up 9))
[ 10300] caught (compose (optimize (neg_dist 1) 8) (fn_9 1 up 7))
[ 12693] caught (compose (optimize (neg_dist 8) 7) (fn_9 8 up 5))
[  9830] caught (compose (optimize (neg_dist 1) 2) (fn_9 1 down 7))
[ 12220] caught (compose (optimize (neg_dist 8) 4) (fn_9 8 up 5))
[ 12693] caught (compose (optimize (neg_dist 6) 5) (fn_9 6 up 2))
[ 11736] caught (compose (optimize (neg_dist 8) 9) (fn_9 8 down 5))
[ 10790] caught (compose (optimize (neg_dist 4) 2) (fn_9 4 down 9))
[  9827] caught (compose (optimize (neg_dist 4) 5) (fn_9 4 up 9))
[ 42544] caught (fn_6 4 5 (fn_8 5 9 c2 9 5) (sync_except 5))
[ 77643] caught (fn_6 8 9 (fn_8 9 7 c3 7 9) (sync_except 9))
srun: Job step aborted: Waiting up to 32 seconds for job step to finish.
[2026-07-30T07:55:50.018] error: *** JOB 25052055 ON tcn741 CANCELLED AT 2026-07-30T07:55:50 DUE TO TIME LIMIT ***
[2026-07-30T07:55:50.036] error: *** STEP 25052055.0 ON tcn741 CANCELLED AT 2026-07-30T07:55:50 DUE TO TIME LIMIT ***
